[0.014s] Invoking command in '/home/yunusdanabas/as_robotics/microros_ws/build/micro_ros_msgs': CMAKE_PREFIX_PATH=${CMAKE_PREFIX_PATH}:/opt/ros/jazzy CONDA_PROMPT_MODIFIER=(base) DEBUGINFOD_URLS=https://debuginfod.ubuntu.com /usr/bin/cmake /home/yunusdanabas/as_robotics/microros_ws/src/uros/micro_ros_msgs -DUAGENT_BUILD_EXECUTABLE=OFF -DUAGENT_P2P_PROFILE=OFF --no-warn-unused-cli -DCMAKE_INSTALL_PREFIX=/home/yunusdanabas/as_robotics/microros_ws/install/micro_ros_msgs
[0.092s] Not searching for unused variables given on the command line.
[0.092s] -- The C compiler identification is GNU 13.3.0
[0.170s] -- The CXX compiler identification is GNU 13.3.0
[0.191s] -- Detecting C compiler ABI info
[0.313s] -- Detecting C compiler ABI info - done
[0.335s] -- Check for working C compiler: /usr/bin/cc - skipped
[0.335s] -- Detecting C compile features
[0.336s] -- Detecting C compile features - done
[0.348s] -- Detecting CXX compiler ABI info
[0.471s] -- Detecting CXX compiler ABI info - done
[0.485s] -- Check for working CXX compiler: /usr/bin/c++ - skipped
[0.485s] -- Detecting CXX compile features
[0.486s] -- Detecting CXX compile features - done
[0.492s] -- Found ament_cmake: 2.5.4 (/opt/ros/jazzy/share/ament_cmake/cmake)
[0.643s] -- Found Python3: /home/yunusdanabas/mambaforge/bin/python3 (found version "3.12.11") found components: Interpreter 
[0.821s] -- Found rosidl_default_generators: 1.6.0 (/opt/ros/jazzy/share/rosidl_default_generators/cmake)
[0.835s] -- Using all available rosidl_typesupport_c: rosidl_typesupport_fastrtps_c;rosidl_typesupport_introspection_c
[1.038s] -- Using all available rosidl_typesupport_cpp: rosidl_typesupport_fastrtps_cpp;rosidl_typesupport_introspection_cpp
[1.244s] -- Found rosidl_adapter: 4.6.6 (/opt/ros/jazzy/share/rosidl_adapter/cmake)
[1.258s] -- Found ament_lint_auto: 0.17.3 (/opt/ros/jazzy/share/ament_lint_auto/cmake)
[1.687s] CMake Error at /opt/ros/jazzy/share/rosidl_adapter/cmake/rosidl_adapt_interfaces.cmake:57 (message):
[1.687s]   execute_process(/home/yunusdanabas/mambaforge/bin/python3 -m rosidl_adapter
[1.687s]   --package-name micro_ros_msgs --arguments-file
[1.687s]   /home/yunusdanabas/as_robotics/microros_ws/build/micro_ros_msgs/rosidl_adapter__arguments__micro_ros_msgs.json
[1.687s]   --output-dir
[1.687s]   /home/yunusdanabas/as_robotics/microros_ws/build/micro_ros_msgs/rosidl_adapter/micro_ros_msgs
[1.687s]   --output-file
[1.687s]   /home/yunusdanabas/as_robotics/microros_ws/build/micro_ros_msgs/rosidl_adapter/micro_ros_msgs.idls)
[1.687s]   returned error code 1:
[1.688s] 
[1.688s]   Traceback (most recent call last):
[1.688s] 
[1.688s]     File "<frozen runpy>", line 198, in _run_module_as_main
[1.688s]     File "<frozen runpy>", line 88, in _run_code
[1.688s]     File "/opt/ros/jazzy/lib/python3.12/site-packages/rosidl_adapter/__main__.py", line 19, in <module>
[1.688s]       sys.exit(main())
[1.688s]                ^^^^^^
[1.688s]     File "/opt/ros/jazzy/lib/python3.12/site-packages/rosidl_adapter/main.py", line 53, in main
[1.688s]       abs_idl_file = convert_to_idl(
[1.688s]                      ^^^^^^^^^^^^^^^
[1.689s]     File "/opt/ros/jazzy/lib/python3.12/site-packages/rosidl_adapter/__init__.py", line 18, in convert_to_idl
[1.689s]       from rosidl_adapter.msg import convert_msg_to_idl
[1.689s]     File "/opt/ros/jazzy/lib/python3.12/site-packages/rosidl_adapter/msg/__init__.py", line 16, in <module>
[1.689s]       from rosidl_adapter.resource import expand_template
[1.689s]     File "/opt/ros/jazzy/lib/python3.12/site-packages/rosidl_adapter/resource/__init__.py", line 19, in <module>
[1.689s]       import em
[1.689s] 
[1.689s]   ModuleNotFoundError: No module named 'em'
[1.689s] 
[1.689s] Call Stack (most recent call first):
[1.689s]   /opt/ros/jazzy/share/rosidl_cmake/cmake/rosidl_generate_interfaces.cmake:132 (rosidl_adapt_interfaces)
[1.689s]   CMakeLists.txt:27 (rosidl_generate_interfaces)
[1.690s] 
[1.690s] 
[1.690s] -- Configuring incomplete, errors occurred!
[1.697s] Invoked command in '/home/yunusdanabas/as_robotics/microros_ws/build/micro_ros_msgs' returned '1': CMAKE_PREFIX_PATH=${CMAKE_PREFIX_PATH}:/opt/ros/jazzy CONDA_PROMPT_MODIFIER=(base) DEBUGINFOD_URLS=https://debuginfod.ubuntu.com /usr/bin/cmake /home/yunusdanabas/as_robotics/microros_ws/src/uros/micro_ros_msgs -DUAGENT_BUILD_EXECUTABLE=OFF -DUAGENT_P2P_PROFILE=OFF --no-warn-unused-cli -DCMAKE_INSTALL_PREFIX=/home/yunusdanabas/as_robotics/microros_ws/install/micro_ros_msgs
