[0.000000] (-) TimerEvent: {}
[0.000097] (-) JobUnselected: {'identifier': 'drive_base_msgs'}
[0.000137] (-) JobUnselected: {'identifier': 'micro_ros_agent'}
[0.000163] (-) JobUnselected: {'identifier': 'micro_ros_msgs'}
[0.000184] (-) JobUnselected: {'identifier': 'micro_ros_setup'}
[0.000205] (imu_visualization) JobQueued: {'identifier': 'imu_visualization', 'dependencies': OrderedDict()}
[0.000229] (imu_visualization) JobStarted: {'identifier': 'imu_visualization'}
[0.098381] (-) TimerEvent: {}
[0.198768] (-) TimerEvent: {}
[0.299000] (-) TimerEvent: {}
[0.399189] (-) TimerEvent: {}
[0.499348] (-) TimerEvent: {}
[0.599530] (-) TimerEvent: {}
[0.699794] (-) TimerEvent: {}
[0.800113] (-) TimerEvent: {}
[0.900306] (-) TimerEvent: {}
[1.000501] (-) TimerEvent: {}
[1.100647] (-) TimerEvent: {}
[1.200821] (-) TimerEvent: {}
[1.300998] (-) TimerEvent: {}
[1.401170] (-) TimerEvent: {}
[1.501395] (-) TimerEvent: {}
[1.581423] (imu_visualization) Command: {'cmd': ['/usr/bin/python3', '-W', 'ignore:setup.py install is deprecated', '-W', 'ignore:easy_install command is deprecated', 'setup.py', 'egg_info', '--egg-base', '../../build/imu_visualization', 'build', '--build-base', '/home/yunusdanabas/as_robotics/microros_ws/build/imu_visualization/build', 'install', '--record', '/home/yunusdanabas/as_robotics/microros_ws/build/imu_visualization/install.log', '--single-version-externally-managed', 'install_data'], 'cwd': '/home/yunusdanabas/as_robotics/microros_ws/src/imu_visualization', 'env': {'GJS_DEBUG_TOPICS': 'JS ERROR;JS LOG', 'LESSOPEN': '| /usr/bin/lesspipe %s', 'VSCODE_CWD': '/home/yunusdanabas', 'VSCODE_ESM_ENTRYPOINT': 'vs/workbench/api/node/extensionHostProcess', 'GZ_SIM_RESOURCE_PATH': '/opt/ros/jazzy/share', 'USER': 'yunusdanabas', 'LC_TIME': 'tr_TR.UTF-8', 'VSCODE_NLS_CONFIG': '{"userLocale":"en-us","osLocale":"en-us","resolvedLanguage":"en","defaultMessagesFile":"/usr/share/cursor/resources/app/out/nls.messages.json","locale":"en-us","availableLanguages":{}}', 'GZ_CONFIG_PATH': '/opt/ros/jazzy/opt/gz_sim_vendor/share/gz:/opt/ros/jazzy/opt/sdformat_vendor/share/gz:/opt/ros/jazzy/opt/gz_gui_vendor/share/gz:/opt/ros/jazzy/opt/gz_transport_vendor/share/gz:/opt/ros/jazzy/opt/gz_rendering_vendor/share/gz:/opt/ros/jazzy/opt/gz_plugin_vendor/share/gz:/opt/ros/jazzy/opt/gz_fuel_tools_vendor/share/gz:/opt/ros/jazzy/opt/gz_msgs_vendor/share/gz:/opt/ros/jazzy/opt/gz_common_vendor/share/gz', 'VSCODE_HANDLES_UNCAUGHT_ERRORS': 'true', 'XDG_SESSION_TYPE': 'wayland', 'CLUTTER_DISABLE_MIPMAPPED_TEXT': '1', 'SHLVL': '1', 'LD_LIBRARY_PATH': '/opt/ros/jazzy/opt/gz_sim_vendor/lib:/opt/ros/jazzy/opt/gz_sensors_vendor/lib:/opt/ros/jazzy/opt/gz_physics_vendor/lib:/opt/ros/jazzy/opt/sdformat_vendor/lib:/opt/ros/jazzy/opt/rviz_ogre_vendor/lib:/opt/ros/jazzy/lib/x86_64-linux-gnu:/opt/ros/jazzy/opt/gz_gui_vendor/lib:/opt/ros/jazzy/opt/gz_transport_vendor/lib:/opt/ros/jazzy/opt/gz_rendering_vendor/lib:/opt/ros/jazzy/opt/gz_plugin_vendor/lib:/opt/ros/jazzy/opt/gz_fuel_tools_vendor/lib:/opt/ros/jazzy/opt/gz_msgs_vendor/lib:/opt/ros/jazzy/opt/gz_common_vendor/lib:/opt/ros/jazzy/opt/gz_math_vendor/lib:/opt/ros/jazzy/opt/gz_utils_vendor/lib:/opt/ros/jazzy/opt/gz_tools_vendor/lib:/opt/ros/jazzy/opt/gz_ogre_next_vendor/lib:/opt/ros/jazzy/opt/gz_dartsim_vendor/lib:/opt/ros/jazzy/opt/gz_cmake_vendor/lib:/opt/ros/jazzy/lib', 'HOME': '/home/yunusdanabas', 'CHROME_DESKTOP': 'cursor.desktop', 'CONDA_SHLVL': '0', 'OLDPWD': '/home/yunusdanabas/as_robotics', 'DESKTOP_SESSION': 'ubuntu', 'NVM_BIN': '/home/yunusdanabas/.nvm/versions/node/v22.17.1/bin', 'NVM_INC': '/home/yunusdanabas/.nvm/versions/node/v22.17.1/include/node', 'VSCODE_IPC_HOOK': '/run/user/1000/vscode-baea8b7b-2.2.-main.sock', 'GIO_LAUNCHED_DESKTOP_FILE': '/usr/share/applications/cursor.desktop', 'APPLICATION_INSIGHTS_NO_DIAGNOSTIC_CHANNEL': '1', 'ROS_PYTHON_VERSION': '3', 'GNOME_SHELL_SESSION_MODE': 'ubuntu', 'GTK_MODULES': 'gail:atk-bridge', 'LC_MONETARY': 'tr_TR.UTF-8', 'MANAGERPID': '2589', 'SYSTEMD_EXEC_PID': '2885', 'IM_CONFIG_CHECK_ENV': '1', 'GSM_SKIP_SSH_AGENT_WORKAROUND': 'true', 'NO_COLOR': '1', 'DBUS_SESSION_BUS_ADDRESS': 'unix:path=/run/user/1000/bus', 'GIO_LAUNCHED_DESKTOP_FILE_PID': '6857', 'NVM_DIR': '/home/yunusdanabas/.nvm', 'VSCODE_CRASH_REPORTER_PROCESS_TYPE': 'extensionHost', 'DEBUGINFOD_URLS': 'https://debuginfod.ubuntu.com', 'IM_CONFIG_PHASE': '1', 'WAYLAND_DISPLAY': 'wayland-0', 'VSCODE_L10N_BUNDLE_LOCATION': '', 'COLCON_PREFIX_PATH': '/home/yunusdanabas/ros_ws/install', 'ROS_DISTRO': 'jazzy', 'LOGNAME': 'yunusdanabas', 'FORCE_COLOR': '0', 'JOURNAL_STREAM': '8:18329', '_': '/usr/bin/colcon', 'ROS_VERSION': '2', 'MEMORY_PRESSURE_WATCH': '/sys/fs/cgroup/user.slice/user-1000.slice/user@1000.service/session.slice/org.gnome.Shell@wayland.service/memory.pressure', 'XDG_SESSION_CLASS': 'user', 'APPLICATIONINSIGHTS_CONFIGURATION_CONTENT': '{}', 'USERNAME': 'yunusdanabas', 'TERM': 'dumb', 'EVERYSPHERE_RIPGREP_PATH': '/usr/share/cursor/resources/app/node_modules/@vscode/ripgrep/bin/rg', 'GNOME_DESKTOP_SESSION_ID': 'this-is-deprecated', 'COMPOSER_NO_INTERACTION': '1', 'PATH': '/home/yunusdanabas/.local/bin:/home/yunusdanabas/.gem/bin:/home/yunusdanabas/mamba/bin:/home/yunusdanabas/.local/bin:/home/yunusdanabas/.nvm/versions/node/v22.17.1/bin:/home/yunusdanabas/.gem/bin:/opt/ros/jazzy/opt/gz_msgs_vendor/bin:/opt/ros/jazzy/opt/gz_tools_vendor/bin:/opt/ros/jazzy/opt/gz_ogre_next_vendor/bin:/opt/ros/jazzy/bin:/home/yunusdanabas/mambaforge/condabin:/home/yunusdanabas/mamba/bin:/home/yunusdanabas/.local/bin:/usr/local/sbin:/usr/local/bin:/usr/sbin:/usr/bin:/sbin:/bin:/usr/games:/usr/local/games:/snap/bin', 'SESSION_MANAGER': 'local/yunusdanabas:@/tmp/.ICE-unix/2851,unix/yunusdanabas:/tmp/.ICE-unix/2851', 'INVOCATION_ID': 'c14077c11ab94b439f1f35f938d9fb16', 'XDG_MENU_PREFIX': 'gnome-', 'LC_ADDRESS': 'tr_TR.UTF-8', 'VSCODE_PROCESS_TITLE': 'extension-host  [1-1]', 'GNOME_SETUP_DISPLAY': ':1', 'XDG_RUNTIME_DIR': '/run/user/1000', 'GDK_BACKEND': 'x11', 'MAMBA_ROOT_PREFIX': '/home/yunusdanabas/mambaforge', 'CURSOR_AGENT': '1', 'DISPLAY': ':0', 'LANG': 'en_US.UTF-8', 'XDG_CURRENT_DESKTOP': 'Unity', 'LC_TELEPHONE': 'tr_TR.UTF-8', 'XMODIFIERS': '@im=ibus', 'XDG_SESSION_DESKTOP': 'ubuntu', 'XAUTHORITY': '/run/user/1000/.mutter-Xwaylandauth.CUMDH3', 'LS_COLORS': '', 'SBX_CHROME_API_RQ': '1', 'CURSOR_TRACE_ID': 'e4e334a52e3f4327aeb4fdb88e29d46c', 'SSH_AUTH_SOCK': '/run/user/1000/keyring/ssh', 'AMENT_PREFIX_PATH': '/opt/ros/jazzy', 'CONDA_PYTHON_EXE': '/home/yunusdanabas/mambaforge/bin/python', 'ORIGINAL_XDG_CURRENT_DESKTOP': 'ubuntu:GNOME', 'SHELL': '/bin/bash', 'LC_NAME': 'tr_TR.UTF-8', 'QT_ACCESSIBILITY': '1', 'GDMSESSION': 'ubuntu', 'GEM_HOME': '/home/yunusdanabas/.gem', 'LESSCLOSE': '/usr/bin/lesspipe %s %s', 'LC_MEASUREMENT': 'tr_TR.UTF-8', 'GJS_DEBUG_OUTPUT': 'stderr', 'MAMBA_EXE': '/home/yunusdanabas/mambaforge/bin/mamba', 'LC_IDENTIFICATION': 'tr_TR.UTF-8', 'ROS_AUTOMATIC_DISCOVERY_RANGE': 'SUBNET', 'QT_IM_MODULE': 'ibus', 'PWD': '/home/yunusdanabas/as_robotics/microros_ws/build/imu_visualization', 'XDG_CONFIG_DIRS': '/etc/xdg/xdg-ubuntu:/etc/xdg', 'CONDA_EXE': '/home/yunusdanabas/mambaforge/bin/conda', 'VSCODE_CODE_CACHE_PATH': '/home/yunusdanabas/.config/Cursor/CachedData/1685afce45886aa5579025ac7e077fc3d4369c50', 'NVM_CD_FLAGS': '', 'XDG_DATA_DIRS': '/usr/share/ubuntu:/usr/share/gnome:/usr/local/share/:/usr/share/:/var/lib/snapd/desktop', 'PYTHONPATH': '/home/yunusdanabas/as_robotics/microros_ws/build/imu_visualization/prefix_override:/usr/lib/python3/dist-packages/colcon_core/task/python/colcon_distutils_commands:/home/yunusdanabas/as_robotics/microros_ws/install/imu_visualization/lib/python3.12/site-packages:/opt/ros/jazzy/lib/python3.12/site-packages', 'LC_NUMERIC': 'tr_TR.UTF-8', 'LC_PAPER': 'tr_TR.UTF-8', 'COLCON': '1', '_ZO_DOCTOR': '0', 'MEMORY_PRESSURE_WRITE': 'c29tZSAyMDAwMDAgMjAwMDAwMAA=', 'CMAKE_PREFIX_PATH': '/opt/ros/jazzy/opt/gz_sim_vendor:/opt/ros/jazzy/opt/gz_sensors_vendor:/opt/ros/jazzy/opt/gz_physics_vendor:/opt/ros/jazzy/opt/sdformat_vendor:/opt/ros/jazzy/opt/gz_gui_vendor:/opt/ros/jazzy/opt/gz_transport_vendor:/opt/ros/jazzy/opt/gz_rendering_vendor:/opt/ros/jazzy/opt/gz_plugin_vendor:/opt/ros/jazzy/opt/gz_fuel_tools_vendor:/opt/ros/jazzy/opt/gz_msgs_vendor:/opt/ros/jazzy/opt/gz_common_vendor:/opt/ros/jazzy/opt/gz_math_vendor:/opt/ros/jazzy/opt/gz_utils_vendor:/opt/ros/jazzy/opt/gz_tools_vendor:/opt/ros/jazzy/opt/gz_ogre_next_vendor:/opt/ros/jazzy/opt/gz_dartsim_vendor:/opt/ros/jazzy/opt/gz_cmake_vendor', 'VSCODE_PID': '6857'}, 'shell': False}
[1.601508] (-) TimerEvent: {}
[1.701791] (-) TimerEvent: {}
[1.801956] (-) TimerEvent: {}
[1.902103] (-) TimerEvent: {}
[2.002270] (-) TimerEvent: {}
[2.102446] (-) TimerEvent: {}
[2.127463] (imu_visualization) StdoutLine: {'line': b'running egg_info\n'}
[2.164853] (imu_visualization) StdoutLine: {'line': b'writing ../../build/imu_visualization/imu_visualization.egg-info/PKG-INFO\n'}
[2.165432] (imu_visualization) StdoutLine: {'line': b'writing dependency_links to ../../build/imu_visualization/imu_visualization.egg-info/dependency_links.txt\n'}
[2.165739] (imu_visualization) StdoutLine: {'line': b'writing entry points to ../../build/imu_visualization/imu_visualization.egg-info/entry_points.txt\n'}
[2.166045] (imu_visualization) StdoutLine: {'line': b'writing requirements to ../../build/imu_visualization/imu_visualization.egg-info/requires.txt\n'}
[2.166161] (imu_visualization) StdoutLine: {'line': b'writing top-level names to ../../build/imu_visualization/imu_visualization.egg-info/top_level.txt\n'}
[2.202531] (-) TimerEvent: {}
[2.254891] (imu_visualization) StdoutLine: {'line': b"reading manifest file '../../build/imu_visualization/imu_visualization.egg-info/SOURCES.txt'\n"}
[2.255987] (imu_visualization) StdoutLine: {'line': b"writing manifest file '../../build/imu_visualization/imu_visualization.egg-info/SOURCES.txt'\n"}
[2.256212] (imu_visualization) StdoutLine: {'line': b'running build\n'}
[2.256294] (imu_visualization) StdoutLine: {'line': b'running build_py\n'}
[2.256493] (imu_visualization) StdoutLine: {'line': b'copying imu_visualization/imu_tf_broadcaster.py -> /home/yunusdanabas/as_robotics/microros_ws/build/imu_visualization/build/lib/imu_visualization\n'}
[2.257034] (imu_visualization) StdoutLine: {'line': b'running install\n'}
[2.266299] (imu_visualization) StdoutLine: {'line': b'running install_lib\n'}
[2.302617] (-) TimerEvent: {}
[2.303356] (imu_visualization) StdoutLine: {'line': b'copying /home/yunusdanabas/as_robotics/microros_ws/build/imu_visualization/build/lib/imu_visualization/imu_tf_broadcaster.py -> /home/yunusdanabas/as_robotics/microros_ws/install/imu_visualization/lib/python3.12/site-packages/imu_visualization\n'}
[2.303995] (imu_visualization) StdoutLine: {'line': b'byte-compiling /home/yunusdanabas/as_robotics/microros_ws/install/imu_visualization/lib/python3.12/site-packages/imu_visualization/imu_tf_broadcaster.py to imu_tf_broadcaster.cpython-312.pyc\n'}
[2.305389] (imu_visualization) StdoutLine: {'line': b'running install_data\n'}
[2.305637] (imu_visualization) StdoutLine: {'line': b'running install_egg_info\n'}
[2.347597] (imu_visualization) StdoutLine: {'line': b"removing '/home/yunusdanabas/as_robotics/microros_ws/install/imu_visualization/lib/python3.12/site-packages/imu_visualization-0.0.0-py3.12.egg-info' (and everything under it)\n"}
[2.348177] (imu_visualization) StdoutLine: {'line': b'Copying ../../build/imu_visualization/imu_visualization.egg-info to /home/yunusdanabas/as_robotics/microros_ws/install/imu_visualization/lib/python3.12/site-packages/imu_visualization-0.0.0-py3.12.egg-info\n'}
[2.349596] (imu_visualization) StdoutLine: {'line': b'running install_scripts\n'}
[2.402710] (-) TimerEvent: {}
[2.503038] (-) TimerEvent: {}
[2.598187] (imu_visualization) StdoutLine: {'line': b'Installing dual_imu_tf_broadcaster script to /home/yunusdanabas/as_robotics/microros_ws/install/imu_visualization/lib/imu_visualization\n'}
[2.598609] (imu_visualization) StdoutLine: {'line': b'Installing imu_fusion_node script to /home/yunusdanabas/as_robotics/microros_ws/install/imu_visualization/lib/imu_visualization\n'}
[2.599056] (imu_visualization) StdoutLine: {'line': b'Installing imu_tf_broadcaster script to /home/yunusdanabas/as_robotics/microros_ws/install/imu_visualization/lib/imu_visualization\n'}
[2.599394] (imu_visualization) StdoutLine: {'line': b'Installing imu_to_euler script to /home/yunusdanabas/as_robotics/microros_ws/install/imu_visualization/lib/imu_visualization\n'}
[2.599651] (imu_visualization) StdoutLine: {'line': b'Installing odometry_telemetry script to /home/yunusdanabas/as_robotics/microros_ws/install/imu_visualization/lib/imu_visualization\n'}
[2.599824] (imu_visualization) StdoutLine: {'line': b'Installing odometry_tf_broadcaster script to /home/yunusdanabas/as_robotics/microros_ws/install/imu_visualization/lib/imu_visualization\n'}
[2.600118] (imu_visualization) StdoutLine: {'line': b"writing list of installed files to '/home/yunusdanabas/as_robotics/microros_ws/build/imu_visualization/install.log'\n"}
[2.603147] (-) TimerEvent: {}
[2.670127] (imu_visualization) CommandEnded: {'returncode': 0}
[2.687897] (imu_visualization) JobEnded: {'identifier': 'imu_visualization', 'rc': 0}
[2.688876] (-) EventReactorShutdown: {}
