[1.585s] Invoking command in '/home/yunusdanabas/as_robotics/microros_ws/src/imu_visualization': CONDA_PROMPT_MODIFIER=(base) DEBUGINFOD_URLS=https://debuginfod.ubuntu.com PYTHONPATH=/home/yunusdanabas/as_robotics/microros_ws/build/imu_visualization/prefix_override:/home/yunusdanabas/mambaforge/lib/python3.12/site-packages/colcon_core/task/python/colcon_distutils_commands:/home/yunusdanabas/as_robotics/microros_ws/install/imu_visualization/lib/python3.12/site-packages:${PYTHONPATH} /home/yunusdanabas/mambaforge/bin/python3 -W ignore:setup.py install is deprecated -W ignore:easy_install command is deprecated setup.py egg_info --egg-base ../../build/imu_visualization build --build-base /home/yunusdanabas/as_robotics/microros_ws/build/imu_visualization/build install --record /home/yunusdanabas/as_robotics/microros_ws/build/imu_visualization/install.log --single-version-externally-managed install_data
[2.173s] running egg_info
[2.211s] writing ../../build/imu_visualization/imu_visualization.egg-info/PKG-INFO
[2.212s] writing dependency_links to ../../build/imu_visualization/imu_visualization.egg-info/dependency_links.txt
[2.212s] writing entry points to ../../build/imu_visualization/imu_visualization.egg-info/entry_points.txt
[2.212s] writing requirements to ../../build/imu_visualization/imu_visualization.egg-info/requires.txt
[2.213s] writing top-level names to ../../build/imu_visualization/imu_visualization.egg-info/top_level.txt
[2.294s] reading manifest file '../../build/imu_visualization/imu_visualization.egg-info/SOURCES.txt'
[2.295s] writing manifest file '../../build/imu_visualization/imu_visualization.egg-info/SOURCES.txt'
[2.296s] running build
[2.296s] running build_py
[2.296s] copying imu_visualization/imu_tf_broadcaster.py -> /home/yunusdanabas/as_robotics/microros_ws/build/imu_visualization/build/lib/imu_visualization
[2.296s] copying imu_visualization/__init__.py -> /home/yunusdanabas/as_robotics/microros_ws/build/imu_visualization/build/lib/imu_visualization
[2.297s] copying imu_visualization/imu_to_euler.py -> /home/yunusdanabas/as_robotics/microros_ws/build/imu_visualization/build/lib/imu_visualization
[2.297s] running install
[2.305s] running install_lib
[2.343s] copying /home/yunusdanabas/as_robotics/microros_ws/build/imu_visualization/build/lib/imu_visualization/imu_to_euler.py -> /home/yunusdanabas/as_robotics/microros_ws/install/imu_visualization/lib/python3.12/site-packages/imu_visualization
[2.344s] byte-compiling /home/yunusdanabas/as_robotics/microros_ws/install/imu_visualization/lib/python3.12/site-packages/imu_visualization/imu_to_euler.py to imu_to_euler.cpython-312.pyc
[2.346s] running install_data
[2.346s] copying resource/imu_visualization -> /home/yunusdanabas/as_robotics/microros_ws/install/imu_visualization/share/ament_index/resource_index/packages
[2.347s] copying package.xml -> /home/yunusdanabas/as_robotics/microros_ws/install/imu_visualization/share/imu_visualization
[2.347s] copying launch/imu_visualization.launch.py -> /home/yunusdanabas/as_robotics/microros_ws/install/imu_visualization/share/imu_visualization/launch
[2.347s] copying rviz/imu_view.rviz -> /home/yunusdanabas/as_robotics/microros_ws/install/imu_visualization/share/imu_visualization/rviz
[2.347s] running install_egg_info
[2.405s] removing '/home/yunusdanabas/as_robotics/microros_ws/install/imu_visualization/lib/python3.12/site-packages/imu_visualization-0.0.0-py3.12.egg-info' (and everything under it)
[2.405s] Copying ../../build/imu_visualization/imu_visualization.egg-info to /home/yunusdanabas/as_robotics/microros_ws/install/imu_visualization/lib/python3.12/site-packages/imu_visualization-0.0.0-py3.12.egg-info
[2.406s] running install_scripts
[2.605s] Installing imu_tf_broadcaster script to /home/yunusdanabas/as_robotics/microros_ws/install/imu_visualization/lib/imu_visualization
[2.605s] Installing imu_to_euler script to /home/yunusdanabas/as_robotics/microros_ws/install/imu_visualization/lib/imu_visualization
[2.606s] writing list of installed files to '/home/yunusdanabas/as_robotics/microros_ws/build/imu_visualization/install.log'
[2.655s] Invoked command in '/home/yunusdanabas/as_robotics/microros_ws/src/imu_visualization' returned '0': CONDA_PROMPT_MODIFIER=(base) DEBUGINFOD_URLS=https://debuginfod.ubuntu.com PYTHONPATH=/home/yunusdanabas/as_robotics/microros_ws/build/imu_visualization/prefix_override:/home/yunusdanabas/mambaforge/lib/python3.12/site-packages/colcon_core/task/python/colcon_distutils_commands:/home/yunusdanabas/as_robotics/microros_ws/install/imu_visualization/lib/python3.12/site-packages:${PYTHONPATH} /home/yunusdanabas/mambaforge/bin/python3 -W ignore:setup.py install is deprecated -W ignore:easy_install command is deprecated setup.py egg_info --egg-base ../../build/imu_visualization build --build-base /home/yunusdanabas/as_robotics/microros_ws/build/imu_visualization/build install --record /home/yunusdanabas/as_robotics/microros_ws/build/imu_visualization/install.log --single-version-externally-managed install_data
