running egg_info
writing ../../build/imu_visualization/imu_visualization.egg-info/PKG-INFO
writing dependency_links to ../../build/imu_visualization/imu_visualization.egg-info/dependency_links.txt
writing entry points to ../../build/imu_visualization/imu_visualization.egg-info/entry_points.txt
writing requirements to ../../build/imu_visualization/imu_visualization.egg-info/requires.txt
writing top-level names to ../../build/imu_visualization/imu_visualization.egg-info/top_level.txt
reading manifest file '../../build/imu_visualization/imu_visualization.egg-info/SOURCES.txt'
writing manifest file '../../build/imu_visualization/imu_visualization.egg-info/SOURCES.txt'
running build
running build_py
running install
running install_lib
running install_data
running install_egg_info
removing '/home/yunusdanabas/as_robotics/microros_ws/install/imu_visualization/lib/python3.12/site-packages/imu_visualization-0.0.0-py3.12.egg-info' (and everything under it)
Copying ../../build/imu_visualization/imu_visualization.egg-info to /home/yunusdanabas/as_robotics/microros_ws/install/imu_visualization/lib/python3.12/site-packages/imu_visualization-0.0.0-py3.12.egg-info
running install_scripts
Installing capture_imu_snap script to /home/yunusdanabas/as_robotics/microros_ws/install/imu_visualization/lib/imu_visualization
Installing dual_imu_tf_broadcaster script to /home/yunusdanabas/as_robotics/microros_ws/install/imu_visualization/lib/imu_visualization
Installing imu_fusion_node script to /home/yunusdanabas/as_robotics/microros_ws/install/imu_visualization/lib/imu_visualization
Installing imu_tf_broadcaster script to /home/yunusdanabas/as_robotics/microros_ws/install/imu_visualization/lib/imu_visualization
Installing imu_to_euler script to /home/yunusdanabas/as_robotics/microros_ws/install/imu_visualization/lib/imu_visualization
Installing odometry_telemetry script to /home/yunusdanabas/as_robotics/microros_ws/install/imu_visualization/lib/imu_visualization
Installing odometry_tf_broadcaster script to /home/yunusdanabas/as_robotics/microros_ws/install/imu_visualization/lib/imu_visualization
writing list of installed files to '/home/yunusdanabas/as_robotics/microros_ws/build/imu_visualization/install.log'
