running egg_info
writing ../../build/imu_visualization/imu_visualization.egg-info/PKG-INFO
writing dependency_links to ../../build/imu_visualization/imu_visualization.egg-info/dependency_links.txt
writing entry points to ../../build/imu_visualization/imu_visualization.egg-info/entry_points.txt
writing requirements to ../../build/imu_visualization/imu_visualization.egg-info/requires.txt
writing top-level names to ../../build/imu_visualization/imu_visualization.egg-info/top_level.txt
reading manifest file '../../build/imu_visualization/imu_visualization.egg-info/SOURCES.txt'
writing manifest file '../../build/imu_visualization/imu_visualization.egg-info/SOURCES.txt'
running build
running build_py
copying imu_visualization/imu_tf_broadcaster.py -> /home/yunusdanabas/as_robotics/microros_ws/build/imu_visualization/build/lib/imu_visualization
creating /home/yunusdanabas/as_robotics/microros_ws/build/imu_visualization/build/lib/scripts
copying scripts/capture_imu_snap.py -> /home/yunusdanabas/as_robotics/microros_ws/build/imu_visualization/build/lib/scripts
copying scripts/__init__.py -> /home/yunusdanabas/as_robotics/microros_ws/build/imu_visualization/build/lib/scripts
running install
running install_lib
copying /home/yunusdanabas/as_robotics/microros_ws/build/imu_visualization/build/lib/imu_visualization/imu_tf_broadcaster.py -> /home/yunusdanabas/as_robotics/microros_ws/install/imu_visualization/lib/python3.12/site-packages/imu_visualization
creating /home/yunusdanabas/as_robotics/microros_ws/install/imu_visualization/lib/python3.12/site-packages/scripts
copying /home/yunusdanabas/as_robotics/microros_ws/build/imu_visualization/build/lib/scripts/capture_imu_snap.py -> /home/yunusdanabas/as_robotics/microros_ws/install/imu_visualization/lib/python3.12/site-packages/scripts
copying /home/yunusdanabas/as_robotics/microros_ws/build/imu_visualization/build/lib/scripts/__init__.py -> /home/yunusdanabas/as_robotics/microros_ws/install/imu_visualization/lib/python3.12/site-packages/scripts
byte-compiling /home/yunusdanabas/as_robotics/microros_ws/install/imu_visualization/lib/python3.12/site-packages/imu_visualization/imu_tf_broadcaster.py to imu_tf_broadcaster.cpython-312.pyc
byte-compiling /home/yunusdanabas/as_robotics/microros_ws/install/imu_visualization/lib/python3.12/site-packages/scripts/capture_imu_snap.py to capture_imu_snap.cpython-312.pyc
byte-compiling /home/yunusdanabas/as_robotics/microros_ws/install/imu_visualization/lib/python3.12/site-packages/scripts/__init__.py to __init__.cpython-312.pyc
running install_data
copying launch/dual_imu_spaced.launch.py -> /home/yunusdanabas/as_robotics/microros_ws/install/imu_visualization/share/imu_visualization/launch
copying rviz/dual_imu_spaced.rviz -> /home/yunusdanabas/as_robotics/microros_ws/install/imu_visualization/share/imu_visualization/rviz
running install_egg_info
removing '/home/yunusdanabas/as_robotics/microros_ws/install/imu_visualization/lib/python3.12/site-packages/imu_visualization-0.0.0-py3.12.egg-info' (and everything under it)
Copying ../../build/imu_visualization/imu_visualization.egg-info to /home/yunusdanabas/as_robotics/microros_ws/install/imu_visualization/lib/python3.12/site-packages/imu_visualization-0.0.0-py3.12.egg-info
running install_scripts
Installing capture_imu_snap script to /home/yunusdanabas/as_robotics/microros_ws/install/imu_visualization/lib/imu_visualization
Installing dual_imu_tf_broadcaster script to /home/yunusdanabas/as_robotics/microros_ws/install/imu_visualization/lib/imu_visualization
Installing imu_fusion_node script to /home/yunusdanabas/as_robotics/microros_ws/install/imu_visualization/lib/imu_visualization
Installing imu_tf_broadcaster script to /home/yunusdanabas/as_robotics/microros_ws/install/imu_visualization/lib/imu_visualization
Installing imu_to_euler script to /home/yunusdanabas/as_robotics/microros_ws/install/imu_visualization/lib/imu_visualization
Installing odometry_telemetry script to /home/yunusdanabas/as_robotics/microros_ws/install/imu_visualization/lib/imu_visualization
Installing odometry_tf_broadcaster script to /home/yunusdanabas/as_robotics/microros_ws/install/imu_visualization/lib/imu_visualization
writing list of installed files to '/home/yunusdanabas/as_robotics/microros_ws/build/imu_visualization/install.log'
