[0.012s] Invoking command in '/home/yunusdanabas/as_robotics/microros_ws/build/micro_ros_msgs': CMAKE_PREFIX_PATH=${CMAKE_PREFIX_PATH}:/opt/ros/jazzy CONDA_PROMPT_MODIFIER=(base) DEBUGINFOD_URLS=https://debuginfod.ubuntu.com /usr/bin/cmake /home/yunusdanabas/as_robotics/microros_ws/src/uros/micro_ros_msgs -DUAGENT_BUILD_EXECUTABLE=OFF -DUAGENT_P2P_PROFILE=OFF --no-warn-unused-cli -DCMAKE_INSTALL_PREFIX=/home/yunusdanabas/as_robotics/microros_ws/install/micro_ros_msgs
[0.029s] Not searching for unused variables given on the command line.
[0.029s] -- Found ament_cmake: 2.5.4 (/opt/ros/jazzy/share/ament_cmake/cmake)
[0.255s] -- Found rosidl_default_generators: 1.6.0 (/opt/ros/jazzy/share/rosidl_default_generators/cmake)
[0.257s] -- Using all available rosidl_typesupport_c: rosidl_typesupport_fastrtps_c;rosidl_typesupport_introspection_c
[0.304s] -- Using all available rosidl_typesupport_cpp: rosidl_typesupport_fastrtps_cpp;rosidl_typesupport_introspection_cpp
[0.341s] -- Found rosidl_adapter: 4.6.6 (/opt/ros/jazzy/share/rosidl_adapter/cmake)
[0.343s] -- Found ament_lint_auto: 0.17.3 (/opt/ros/jazzy/share/ament_lint_auto/cmake)
[0.991s] -- Found ament_cmake_ros: 0.12.0 (/opt/ros/jazzy/share/ament_cmake_ros/cmake)
[1.424s] -- Using all available rosidl_typesupport_c: rosidl_typesupport_fastrtps_c;rosidl_typesupport_introspection_c
[1.980s] -- Using all available rosidl_typesupport_cpp: rosidl_typesupport_fastrtps_cpp;rosidl_typesupport_introspection_cpp
[1.993s] -- Found python_cmake_module: 0.11.1 (/opt/ros/jazzy/share/python_cmake_module/cmake)
[2.127s] -- Found PythonExtra: /home/yunusdanabas/mambaforge/bin/python3  
[2.697s] -- Found Python3: /home/yunusdanabas/mambaforge/bin/python3 (found version "3.12.11") found components: Interpreter Development NumPy Development.Module Development.Embed 
[2.761s] -- Added test 'copyright' to check source files copyright and LICENSE
[2.772s] -- Added test 'lint_cmake' to check CMake code style
[2.777s] -- Added test 'xmllint' to check XML markup files
[2.786s] -- Configuring done (2.8s)
[2.840s] -- Generating done (0.0s)
[2.856s] -- Build files have been written to: /home/yunusdanabas/as_robotics/microros_ws/build/micro_ros_msgs
[2.864s] Invoked command in '/home/yunusdanabas/as_robotics/microros_ws/build/micro_ros_msgs' returned '0': CMAKE_PREFIX_PATH=${CMAKE_PREFIX_PATH}:/opt/ros/jazzy CONDA_PROMPT_MODIFIER=(base) DEBUGINFOD_URLS=https://debuginfod.ubuntu.com /usr/bin/cmake /home/yunusdanabas/as_robotics/microros_ws/src/uros/micro_ros_msgs -DUAGENT_BUILD_EXECUTABLE=OFF -DUAGENT_P2P_PROFILE=OFF --no-warn-unused-cli -DCMAKE_INSTALL_PREFIX=/home/yunusdanabas/as_robotics/microros_ws/install/micro_ros_msgs
[2.867s] Invoking command in '/home/yunusdanabas/as_robotics/microros_ws/build/micro_ros_msgs': CMAKE_PREFIX_PATH=${CMAKE_PREFIX_PATH}:/opt/ros/jazzy CONDA_PROMPT_MODIFIER=(base) DEBUGINFOD_URLS=https://debuginfod.ubuntu.com /usr/bin/cmake --build /home/yunusdanabas/as_robotics/microros_ws/build/micro_ros_msgs -- -j8 -l8
[2.940s] [  1%] Generating type hashes for ROS interfaces
[2.952s] [  1%] Built target ament_cmake_python_copy_micro_ros_msgs
[3.252s] [  1%] Built target micro_ros_msgs__rosidl_generator_type_description
[3.266s] [  3%] Generating C code for ROS interfaces
[3.284s] [  5%] Generating C++ code for ROS interfaces
[3.350s] running egg_info
[3.390s] creating micro_ros_msgs.egg-info
[3.390s] writing micro_ros_msgs.egg-info/PKG-INFO
[3.391s] writing dependency_links to micro_ros_msgs.egg-info/dependency_links.txt
[3.391s] writing top-level names to micro_ros_msgs.egg-info/top_level.txt
[3.391s] writing manifest file 'micro_ros_msgs.egg-info/SOURCES.txt'
[3.515s] reading manifest file 'micro_ros_msgs.egg-info/SOURCES.txt'
[3.516s] writing manifest file 'micro_ros_msgs.egg-info/SOURCES.txt'
[3.573s] [  5%] Built target ament_cmake_python_build_micro_ros_msgs_egg
[3.859s] [  5%] Built target micro_ros_msgs__cpp
[3.997s] [  7%] Building C object CMakeFiles/micro_ros_msgs__rosidl_generator_c.dir/rosidl_generator_c/micro_ros_msgs/msg/detail/graph__functions.c.o
[3.997s] [ 11%] Building C object CMakeFiles/micro_ros_msgs__rosidl_generator_c.dir/rosidl_generator_c/micro_ros_msgs/msg/detail/node__functions.c.o
[3.997s] [ 11%] Building C object CMakeFiles/micro_ros_msgs__rosidl_generator_c.dir/rosidl_generator_c/micro_ros_msgs/msg/detail/graph__description.c.o
[3.997s] [ 12%] Building C object CMakeFiles/micro_ros_msgs__rosidl_generator_c.dir/rosidl_generator_c/micro_ros_msgs/msg/detail/node__description.c.o
[3.998s] [ 14%] Building C object CMakeFiles/micro_ros_msgs__rosidl_generator_c.dir/rosidl_generator_c/micro_ros_msgs/msg/detail/entity__functions.c.o
[4.001s] [ 16%] Building C object CMakeFiles/micro_ros_msgs__rosidl_generator_c.dir/rosidl_generator_c/micro_ros_msgs/msg/detail/node__type_support.c.o
[4.005s] [ 18%] Building C object CMakeFiles/micro_ros_msgs__rosidl_generator_c.dir/rosidl_generator_c/micro_ros_msgs/msg/detail/graph__type_support.c.o
[4.006s] [ 20%] Building C object CMakeFiles/micro_ros_msgs__rosidl_generator_c.dir/rosidl_generator_c/micro_ros_msgs/msg/detail/entity__description.c.o
[4.077s] [ 22%] Building C object CMakeFiles/micro_ros_msgs__rosidl_generator_c.dir/rosidl_generator_c/micro_ros_msgs/msg/detail/entity__type_support.c.o
[4.127s] [ 24%] Linking C shared library libmicro_ros_msgs__rosidl_generator_c.so
[4.186s] [ 24%] Built target micro_ros_msgs__rosidl_generator_c
[4.204s] [ 25%] Generating C++ introspection for ROS interfaces
[4.204s] [ 27%] Generating C type support dispatch for ROS interfaces
[4.207s] [ 29%] Generating C++ type support dispatch for ROS interfaces
[4.210s] [ 31%] Generating C introspection for ROS interfaces
[4.210s] [ 35%] Generating C++ type support for eProsima Fast-RTPS
[4.210s] [ 35%] Generating C type support for eProsima Fast-RTPS
[4.913s] [ 38%] Building CXX object CMakeFiles/micro_ros_msgs__rosidl_typesupport_c.dir/rosidl_typesupport_c/micro_ros_msgs/msg/graph__type_support.cpp.o
[4.913s] [ 38%] Building CXX object CMakeFiles/micro_ros_msgs__rosidl_typesupport_c.dir/rosidl_typesupport_c/micro_ros_msgs/msg/node__type_support.cpp.o
[4.923s] [ 40%] Building CXX object CMakeFiles/micro_ros_msgs__rosidl_typesupport_c.dir/rosidl_typesupport_c/micro_ros_msgs/msg/entity__type_support.cpp.o
[4.923s] [ 42%] Building CXX object CMakeFiles/micro_ros_msgs__rosidl_typesupport_cpp.dir/rosidl_typesupport_cpp/micro_ros_msgs/msg/graph__type_support.cpp.o
[5.099s] [ 44%] Building CXX object CMakeFiles/micro_ros_msgs__rosidl_typesupport_cpp.dir/rosidl_typesupport_cpp/micro_ros_msgs/msg/node__type_support.cpp.o
[5.122s] [ 46%] Linking CXX shared library libmicro_ros_msgs__rosidl_typesupport_c.so
[5.166s] [ 48%] Building CXX object CMakeFiles/micro_ros_msgs__rosidl_typesupport_cpp.dir/rosidl_typesupport_cpp/micro_ros_msgs/msg/entity__type_support.cpp.o
[5.212s] [ 50%] Building CXX object CMakeFiles/micro_ros_msgs__rosidl_typesupport_fastrtps_cpp.dir/rosidl_typesupport_fastrtps_cpp/micro_ros_msgs/msg/detail/dds_fastrtps/graph__type_support.cpp.o
[5.233s] [ 51%] Building CXX object CMakeFiles/micro_ros_msgs__rosidl_typesupport_introspection_cpp.dir/rosidl_typesupport_introspection_cpp/micro_ros_msgs/msg/detail/graph__type_support.cpp.o
[5.280s] [ 51%] Built target micro_ros_msgs__rosidl_typesupport_c
[5.324s] [ 53%] Building CXX object CMakeFiles/micro_ros_msgs__rosidl_typesupport_introspection_cpp.dir/rosidl_typesupport_introspection_cpp/micro_ros_msgs/msg/detail/node__type_support.cpp.o
[5.343s] [ 55%] Building C object CMakeFiles/micro_ros_msgs__rosidl_typesupport_introspection_c.dir/rosidl_typesupport_introspection_c/micro_ros_msgs/msg/detail/graph__type_support.c.o
[5.494s] [ 57%] Building C object CMakeFiles/micro_ros_msgs__rosidl_typesupport_introspection_c.dir/rosidl_typesupport_introspection_c/micro_ros_msgs/msg/detail/node__type_support.c.o
[5.606s] [ 59%] Building C object CMakeFiles/micro_ros_msgs__rosidl_typesupport_introspection_c.dir/rosidl_typesupport_introspection_c/micro_ros_msgs/msg/detail/entity__type_support.c.o
[5.628s] [ 61%] Building CXX object CMakeFiles/micro_ros_msgs__rosidl_typesupport_fastrtps_c.dir/rosidl_typesupport_fastrtps_c/micro_ros_msgs/msg/detail/graph__type_support_c.cpp.o
[5.749s] [ 62%] Linking C shared library libmicro_ros_msgs__rosidl_typesupport_introspection_c.so
[5.861s] [ 62%] Built target micro_ros_msgs__rosidl_typesupport_introspection_c
[5.906s] [ 64%] Building CXX object CMakeFiles/micro_ros_msgs__rosidl_typesupport_fastrtps_c.dir/rosidl_typesupport_fastrtps_c/micro_ros_msgs/msg/detail/node__type_support_c.cpp.o
[6.086s] [ 66%] Building CXX object CMakeFiles/micro_ros_msgs__rosidl_typesupport_fastrtps_c.dir/rosidl_typesupport_fastrtps_c/micro_ros_msgs/msg/detail/entity__type_support_c.cpp.o
[6.098s] [ 68%] Building CXX object CMakeFiles/micro_ros_msgs__rosidl_typesupport_fastrtps_cpp.dir/rosidl_typesupport_fastrtps_cpp/micro_ros_msgs/msg/detail/dds_fastrtps/node__type_support.cpp.o
[6.569s] [ 70%] Building CXX object CMakeFiles/micro_ros_msgs__rosidl_typesupport_introspection_cpp.dir/rosidl_typesupport_introspection_cpp/micro_ros_msgs/msg/detail/entity__type_support.cpp.o
[6.622s] [ 72%] Linking CXX shared library libmicro_ros_msgs__rosidl_typesupport_cpp.so
[6.811s] [ 72%] Built target micro_ros_msgs__rosidl_typesupport_cpp
[6.858s] [ 74%] Building CXX object CMakeFiles/micro_ros_msgs__rosidl_typesupport_fastrtps_cpp.dir/rosidl_typesupport_fastrtps_cpp/micro_ros_msgs/msg/detail/dds_fastrtps/entity__type_support.cpp.o
[7.664s] [ 75%] Linking CXX shared library libmicro_ros_msgs__rosidl_typesupport_introspection_cpp.so
[7.835s] [ 75%] Built target micro_ros_msgs__rosidl_typesupport_introspection_cpp
[7.896s] [ 77%] Linking CXX shared library libmicro_ros_msgs__rosidl_typesupport_fastrtps_c.so
[8.061s] [ 77%] Built target micro_ros_msgs__rosidl_typesupport_fastrtps_c
[8.165s] [ 79%] Linking CXX shared library libmicro_ros_msgs__rosidl_typesupport_fastrtps_cpp.so
[8.278s] [ 79%] Built target micro_ros_msgs__rosidl_typesupport_fastrtps_cpp
[8.304s] [ 79%] Built target micro_ros_msgs
[8.332s] [ 81%] Generating Python code for ROS interfaces
[8.971s] [ 81%] Built target micro_ros_msgs__py
[8.996s] [ 87%] Building C object CMakeFiles/micro_ros_msgs__rosidl_generator_py.dir/rosidl_generator_py/micro_ros_msgs/msg/_entity_s.c.o
[8.996s] [ 87%] Building C object CMakeFiles/micro_ros_msgs__rosidl_generator_py.dir/rosidl_generator_py/micro_ros_msgs/msg/_graph_s.c.o
[8.997s] [ 87%] Building C object CMakeFiles/micro_ros_msgs__rosidl_generator_py.dir/rosidl_generator_py/micro_ros_msgs/msg/_node_s.c.o
[9.210s] [ 88%] Linking C shared library libmicro_ros_msgs__rosidl_generator_py.so
[9.275s] [ 88%] Built target micro_ros_msgs__rosidl_generator_py
[9.306s] [ 92%] Building C object CMakeFiles/micro_ros_msgs_s__rosidl_typesupport_introspection_c.dir/rosidl_generator_py/micro_ros_msgs/_micro_ros_msgs_s.ep.rosidl_typesupport_introspection_c.c.o
[9.306s] [ 92%] Building C object CMakeFiles/micro_ros_msgs_s__rosidl_typesupport_fastrtps_c.dir/rosidl_generator_py/micro_ros_msgs/_micro_ros_msgs_s.ep.rosidl_typesupport_fastrtps_c.c.o
[9.307s] [ 94%] Building C object CMakeFiles/micro_ros_msgs_s__rosidl_typesupport_c.dir/rosidl_generator_py/micro_ros_msgs/_micro_ros_msgs_s.ep.rosidl_typesupport_c.c.o
[9.475s] [ 96%] Linking C shared module rosidl_generator_py/micro_ros_msgs/micro_ros_msgs_s__rosidl_typesupport_c.so
[9.483s] [ 98%] Linking C shared module rosidl_generator_py/micro_ros_msgs/micro_ros_msgs_s__rosidl_typesupport_introspection_c.so
[9.485s] [100%] Linking C shared module rosidl_generator_py/micro_ros_msgs/micro_ros_msgs_s__rosidl_typesupport_fastrtps_c.so
[9.526s] [100%] Built target micro_ros_msgs_s__rosidl_typesupport_c
[9.532s] [100%] Built target micro_ros_msgs_s__rosidl_typesupport_fastrtps_c
[9.533s] [100%] Built target micro_ros_msgs_s__rosidl_typesupport_introspection_c
[9.549s] Invoked command in '/home/yunusdanabas/as_robotics/microros_ws/build/micro_ros_msgs' returned '0': CMAKE_PREFIX_PATH=${CMAKE_PREFIX_PATH}:/opt/ros/jazzy CONDA_PROMPT_MODIFIER=(base) DEBUGINFOD_URLS=https://debuginfod.ubuntu.com /usr/bin/cmake --build /home/yunusdanabas/as_robotics/microros_ws/build/micro_ros_msgs -- -j8 -l8
[9.563s] Invoking command in '/home/yunusdanabas/as_robotics/microros_ws/build/micro_ros_msgs': CMAKE_PREFIX_PATH=${CMAKE_PREFIX_PATH}:/opt/ros/jazzy CONDA_PROMPT_MODIFIER=(base) DEBUGINFOD_URLS=https://debuginfod.ubuntu.com /usr/bin/cmake --install /home/yunusdanabas/as_robotics/microros_ws/build/micro_ros_msgs
[9.576s] -- Install configuration: ""
[9.576s] -- Installing: /home/yunusdanabas/as_robotics/microros_ws/install/micro_ros_msgs/share/ament_index/resource_index/rosidl_interfaces/micro_ros_msgs
[9.577s] -- Installing: /home/yunusdanabas/as_robotics/microros_ws/install/micro_ros_msgs/share/micro_ros_msgs/msg/Graph.json
[9.577s] -- Installing: /home/yunusdanabas/as_robotics/microros_ws/install/micro_ros_msgs/share/micro_ros_msgs/msg/Node.json
[9.577s] -- Installing: /home/yunusdanabas/as_robotics/microros_ws/install/micro_ros_msgs/share/micro_ros_msgs/msg/Entity.json
[9.577s] -- Installing: /home/yunusdanabas/as_robotics/microros_ws/install/micro_ros_msgs/include/micro_ros_msgs/micro_ros_msgs
[9.577s] -- Installing: /home/yunusdanabas/as_robotics/microros_ws/install/micro_ros_msgs/include/micro_ros_msgs/micro_ros_msgs/msg
[9.578s] -- Installing: /home/yunusdanabas/as_robotics/microros_ws/install/micro_ros_msgs/include/micro_ros_msgs/micro_ros_msgs/msg/node.h
[9.578s] -- Installing: /home/yunusdanabas/as_robotics/microros_ws/install/micro_ros_msgs/include/micro_ros_msgs/micro_ros_msgs/msg/rosidl_generator_c__visibility_control.h
[9.578s] -- Installing: /home/yunusdanabas/as_robotics/microros_ws/install/micro_ros_msgs/include/micro_ros_msgs/micro_ros_msgs/msg/graph.h
[9.578s] -- Installing: /home/yunusdanabas/as_robotics/microros_ws/install/micro_ros_msgs/include/micro_ros_msgs/micro_ros_msgs/msg/detail
[9.578s] -- Installing: /home/yunusdanabas/as_robotics/microros_ws/install/micro_ros_msgs/include/micro_ros_msgs/micro_ros_msgs/msg/detail/entity__type_support.h
[9.578s] -- Installing: /home/yunusdanabas/as_robotics/microros_ws/install/micro_ros_msgs/include/micro_ros_msgs/micro_ros_msgs/msg/detail/entity__struct.h
[9.579s] -- Installing: /home/yunusdanabas/as_robotics/microros_ws/install/micro_ros_msgs/include/micro_ros_msgs/micro_ros_msgs/msg/detail/graph__functions.c
[9.579s] -- Installing: /home/yunusdanabas/as_robotics/microros_ws/install/micro_ros_msgs/include/micro_ros_msgs/micro_ros_msgs/msg/detail/entity__functions.h
[9.579s] -- Installing: /home/yunusdanabas/as_robotics/microros_ws/install/micro_ros_msgs/include/micro_ros_msgs/micro_ros_msgs/msg/detail/node__description.c
[9.579s] -- Installing: /home/yunusdanabas/as_robotics/microros_ws/install/micro_ros_msgs/include/micro_ros_msgs/micro_ros_msgs/msg/detail/graph__functions.h
[9.579s] -- Installing: /home/yunusdanabas/as_robotics/microros_ws/install/micro_ros_msgs/include/micro_ros_msgs/micro_ros_msgs/msg/detail/graph__struct.h
[9.580s] -- Installing: /home/yunusdanabas/as_robotics/microros_ws/install/micro_ros_msgs/include/micro_ros_msgs/micro_ros_msgs/msg/detail/entity__type_support.c
[9.580s] -- Installing: /home/yunusdanabas/as_robotics/microros_ws/install/micro_ros_msgs/include/micro_ros_msgs/micro_ros_msgs/msg/detail/entity__functions.c
[9.580s] -- Installing: /home/yunusdanabas/as_robotics/microros_ws/install/micro_ros_msgs/include/micro_ros_msgs/micro_ros_msgs/msg/detail/node__type_support.c
[9.580s] -- Installing: /home/yunusdanabas/as_robotics/microros_ws/install/micro_ros_msgs/include/micro_ros_msgs/micro_ros_msgs/msg/detail/node__struct.h
[9.581s] -- Installing: /home/yunusdanabas/as_robotics/microros_ws/install/micro_ros_msgs/include/micro_ros_msgs/micro_ros_msgs/msg/detail/node__functions.h
[9.581s] -- Installing: /home/yunusdanabas/as_robotics/microros_ws/install/micro_ros_msgs/include/micro_ros_msgs/micro_ros_msgs/msg/detail/graph__type_support.h
[9.581s] -- Installing: /home/yunusdanabas/as_robotics/microros_ws/install/micro_ros_msgs/include/micro_ros_msgs/micro_ros_msgs/msg/detail/graph__type_support.c
[9.581s] -- Installing: /home/yunusdanabas/as_robotics/microros_ws/install/micro_ros_msgs/include/micro_ros_msgs/micro_ros_msgs/msg/detail/graph__description.c
[9.582s] -- Installing: /home/yunusdanabas/as_robotics/microros_ws/install/micro_ros_msgs/include/micro_ros_msgs/micro_ros_msgs/msg/detail/node__type_support.h
[9.582s] -- Installing: /home/yunusdanabas/as_robotics/microros_ws/install/micro_ros_msgs/include/micro_ros_msgs/micro_ros_msgs/msg/detail/node__functions.c
[9.582s] -- Installing: /home/yunusdanabas/as_robotics/microros_ws/install/micro_ros_msgs/include/micro_ros_msgs/micro_ros_msgs/msg/detail/entity__description.c
[9.582s] -- Installing: /home/yunusdanabas/as_robotics/microros_ws/install/micro_ros_msgs/include/micro_ros_msgs/micro_ros_msgs/msg/entity.h
[9.583s] -- Installing: /home/yunusdanabas/as_robotics/microros_ws/install/micro_ros_msgs/share/micro_ros_msgs/environment/library_path.sh
[9.583s] -- Installing: /home/yunusdanabas/as_robotics/microros_ws/install/micro_ros_msgs/share/micro_ros_msgs/environment/library_path.dsv
[9.583s] -- Installing: /home/yunusdanabas/as_robotics/microros_ws/install/micro_ros_msgs/lib/libmicro_ros_msgs__rosidl_generator_c.so
[9.583s] -- Set non-toolchain portion of runtime path of "/home/yunusdanabas/as_robotics/microros_ws/install/micro_ros_msgs/lib/libmicro_ros_msgs__rosidl_generator_c.so" to ""
[9.584s] -- Up-to-date: /home/yunusdanabas/as_robotics/microros_ws/install/micro_ros_msgs/include/micro_ros_msgs/micro_ros_msgs
[9.584s] -- Up-to-date: /home/yunusdanabas/as_robotics/microros_ws/install/micro_ros_msgs/include/micro_ros_msgs/micro_ros_msgs/msg
[9.584s] -- Installing: /home/yunusdanabas/as_robotics/microros_ws/install/micro_ros_msgs/include/micro_ros_msgs/micro_ros_msgs/msg/rosidl_typesupport_fastrtps_c__visibility_control.h
[9.584s] -- Up-to-date: /home/yunusdanabas/as_robotics/microros_ws/install/micro_ros_msgs/include/micro_ros_msgs/micro_ros_msgs/msg/detail
[9.585s] -- Installing: /home/yunusdanabas/as_robotics/microros_ws/install/micro_ros_msgs/include/micro_ros_msgs/micro_ros_msgs/msg/detail/node__rosidl_typesupport_fastrtps_c.h
[9.585s] -- Installing: /home/yunusdanabas/as_robotics/microros_ws/install/micro_ros_msgs/include/micro_ros_msgs/micro_ros_msgs/msg/detail/graph__rosidl_typesupport_fastrtps_c.h
[9.585s] -- Installing: /home/yunusdanabas/as_robotics/microros_ws/install/micro_ros_msgs/include/micro_ros_msgs/micro_ros_msgs/msg/detail/entity__rosidl_typesupport_fastrtps_c.h
[9.585s] -- Installing: /home/yunusdanabas/as_robotics/microros_ws/install/micro_ros_msgs/lib/libmicro_ros_msgs__rosidl_typesupport_fastrtps_c.so
[9.585s] -- Set non-toolchain portion of runtime path of "/home/yunusdanabas/as_robotics/microros_ws/install/micro_ros_msgs/lib/libmicro_ros_msgs__rosidl_typesupport_fastrtps_c.so" to ""
[9.586s] -- Up-to-date: /home/yunusdanabas/as_robotics/microros_ws/install/micro_ros_msgs/include/micro_ros_msgs/micro_ros_msgs
[9.586s] -- Up-to-date: /home/yunusdanabas/as_robotics/microros_ws/install/micro_ros_msgs/include/micro_ros_msgs/micro_ros_msgs/msg
[9.586s] -- Installing: /home/yunusdanabas/as_robotics/microros_ws/install/micro_ros_msgs/include/micro_ros_msgs/micro_ros_msgs/msg/rosidl_typesupport_introspection_c__visibility_control.h
[9.586s] -- Up-to-date: /home/yunusdanabas/as_robotics/microros_ws/install/micro_ros_msgs/include/micro_ros_msgs/micro_ros_msgs/msg/detail
[9.587s] -- Installing: /home/yunusdanabas/as_robotics/microros_ws/install/micro_ros_msgs/include/micro_ros_msgs/micro_ros_msgs/msg/detail/graph__rosidl_typesupport_introspection_c.h
[9.587s] -- Installing: /home/yunusdanabas/as_robotics/microros_ws/install/micro_ros_msgs/include/micro_ros_msgs/micro_ros_msgs/msg/detail/entity__type_support.c
[9.587s] -- Installing: /home/yunusdanabas/as_robotics/microros_ws/install/micro_ros_msgs/include/micro_ros_msgs/micro_ros_msgs/msg/detail/node__type_support.c
[9.587s] -- Installing: /home/yunusdanabas/as_robotics/microros_ws/install/micro_ros_msgs/include/micro_ros_msgs/micro_ros_msgs/msg/detail/entity__rosidl_typesupport_introspection_c.h
[9.587s] -- Installing: /home/yunusdanabas/as_robotics/microros_ws/install/micro_ros_msgs/include/micro_ros_msgs/micro_ros_msgs/msg/detail/graph__type_support.c
[9.588s] -- Installing: /home/yunusdanabas/as_robotics/microros_ws/install/micro_ros_msgs/include/micro_ros_msgs/micro_ros_msgs/msg/detail/node__rosidl_typesupport_introspection_c.h
[9.588s] -- Installing: /home/yunusdanabas/as_robotics/microros_ws/install/micro_ros_msgs/lib/libmicro_ros_msgs__rosidl_typesupport_introspection_c.so
[9.588s] -- Set non-toolchain portion of runtime path of "/home/yunusdanabas/as_robotics/microros_ws/install/micro_ros_msgs/lib/libmicro_ros_msgs__rosidl_typesupport_introspection_c.so" to ""
[9.588s] -- Installing: /home/yunusdanabas/as_robotics/microros_ws/install/micro_ros_msgs/lib/libmicro_ros_msgs__rosidl_typesupport_c.so
[9.588s] -- Set non-toolchain portion of runtime path of "/home/yunusdanabas/as_robotics/microros_ws/install/micro_ros_msgs/lib/libmicro_ros_msgs__rosidl_typesupport_c.so" to ""
[9.589s] -- Up-to-date: /home/yunusdanabas/as_robotics/microros_ws/install/micro_ros_msgs/include/micro_ros_msgs/micro_ros_msgs
[9.589s] -- Up-to-date: /home/yunusdanabas/as_robotics/microros_ws/install/micro_ros_msgs/include/micro_ros_msgs/micro_ros_msgs/msg
[9.589s] -- Installing: /home/yunusdanabas/as_robotics/microros_ws/install/micro_ros_msgs/include/micro_ros_msgs/micro_ros_msgs/msg/graph.hpp
[9.589s] -- Installing: /home/yunusdanabas/as_robotics/microros_ws/install/micro_ros_msgs/include/micro_ros_msgs/micro_ros_msgs/msg/rosidl_generator_cpp__visibility_control.hpp
[9.590s] -- Installing: /home/yunusdanabas/as_robotics/microros_ws/install/micro_ros_msgs/include/micro_ros_msgs/micro_ros_msgs/msg/entity.hpp
[9.590s] -- Up-to-date: /home/yunusdanabas/as_robotics/microros_ws/install/micro_ros_msgs/include/micro_ros_msgs/micro_ros_msgs/msg/detail
[9.590s] -- Installing: /home/yunusdanabas/as_robotics/microros_ws/install/micro_ros_msgs/include/micro_ros_msgs/micro_ros_msgs/msg/detail/entity__builder.hpp
[9.590s] -- Installing: /home/yunusdanabas/as_robotics/microros_ws/install/micro_ros_msgs/include/micro_ros_msgs/micro_ros_msgs/msg/detail/node__builder.hpp
[9.590s] -- Installing: /home/yunusdanabas/as_robotics/microros_ws/install/micro_ros_msgs/include/micro_ros_msgs/micro_ros_msgs/msg/detail/graph__builder.hpp
[9.591s] -- Installing: /home/yunusdanabas/as_robotics/microros_ws/install/micro_ros_msgs/include/micro_ros_msgs/micro_ros_msgs/msg/detail/entity__traits.hpp
[9.591s] -- Installing: /home/yunusdanabas/as_robotics/microros_ws/install/micro_ros_msgs/include/micro_ros_msgs/micro_ros_msgs/msg/detail/entity__struct.hpp
[9.591s] -- Installing: /home/yunusdanabas/as_robotics/microros_ws/install/micro_ros_msgs/include/micro_ros_msgs/micro_ros_msgs/msg/detail/graph__type_support.hpp
[9.591s] -- Installing: /home/yunusdanabas/as_robotics/microros_ws/install/micro_ros_msgs/include/micro_ros_msgs/micro_ros_msgs/msg/detail/node__traits.hpp
[9.591s] -- Installing: /home/yunusdanabas/as_robotics/microros_ws/install/micro_ros_msgs/include/micro_ros_msgs/micro_ros_msgs/msg/detail/node__struct.hpp
[9.591s] -- Installing: /home/yunusdanabas/as_robotics/microros_ws/install/micro_ros_msgs/include/micro_ros_msgs/micro_ros_msgs/msg/detail/graph__traits.hpp
[9.591s] -- Installing: /home/yunusdanabas/as_robotics/microros_ws/install/micro_ros_msgs/include/micro_ros_msgs/micro_ros_msgs/msg/detail/node__type_support.hpp
[9.592s] -- Installing: /home/yunusdanabas/as_robotics/microros_ws/install/micro_ros_msgs/include/micro_ros_msgs/micro_ros_msgs/msg/detail/graph__struct.hpp
[9.592s] -- Installing: /home/yunusdanabas/as_robotics/microros_ws/install/micro_ros_msgs/include/micro_ros_msgs/micro_ros_msgs/msg/detail/entity__type_support.hpp
[9.592s] -- Installing: /home/yunusdanabas/as_robotics/microros_ws/install/micro_ros_msgs/include/micro_ros_msgs/micro_ros_msgs/msg/node.hpp
[9.592s] -- Up-to-date: /home/yunusdanabas/as_robotics/microros_ws/install/micro_ros_msgs/include/micro_ros_msgs/micro_ros_msgs
[9.592s] -- Up-to-date: /home/yunusdanabas/as_robotics/microros_ws/install/micro_ros_msgs/include/micro_ros_msgs/micro_ros_msgs/msg
[9.592s] -- Installing: /home/yunusdanabas/as_robotics/microros_ws/install/micro_ros_msgs/include/micro_ros_msgs/micro_ros_msgs/msg/rosidl_typesupport_fastrtps_cpp__visibility_control.h
[9.593s] -- Up-to-date: /home/yunusdanabas/as_robotics/microros_ws/install/micro_ros_msgs/include/micro_ros_msgs/micro_ros_msgs/msg/detail
[9.593s] -- Installing: /home/yunusdanabas/as_robotics/microros_ws/install/micro_ros_msgs/include/micro_ros_msgs/micro_ros_msgs/msg/detail/dds_fastrtps
[9.593s] -- Installing: /home/yunusdanabas/as_robotics/microros_ws/install/micro_ros_msgs/include/micro_ros_msgs/micro_ros_msgs/msg/detail/graph__rosidl_typesupport_fastrtps_cpp.hpp
[9.593s] -- Installing: /home/yunusdanabas/as_robotics/microros_ws/install/micro_ros_msgs/include/micro_ros_msgs/micro_ros_msgs/msg/detail/node__rosidl_typesupport_fastrtps_cpp.hpp
[9.593s] -- Installing: /home/yunusdanabas/as_robotics/microros_ws/install/micro_ros_msgs/include/micro_ros_msgs/micro_ros_msgs/msg/detail/entity__rosidl_typesupport_fastrtps_cpp.hpp
[9.593s] -- Installing: /home/yunusdanabas/as_robotics/microros_ws/install/micro_ros_msgs/lib/libmicro_ros_msgs__rosidl_typesupport_fastrtps_cpp.so
[9.593s] -- Set non-toolchain portion of runtime path of "/home/yunusdanabas/as_robotics/microros_ws/install/micro_ros_msgs/lib/libmicro_ros_msgs__rosidl_typesupport_fastrtps_cpp.so" to ""
[9.593s] -- Up-to-date: /home/yunusdanabas/as_robotics/microros_ws/install/micro_ros_msgs/include/micro_ros_msgs/micro_ros_msgs
[9.593s] -- Up-to-date: /home/yunusdanabas/as_robotics/microros_ws/install/micro_ros_msgs/include/micro_ros_msgs/micro_ros_msgs/msg
[9.593s] -- Up-to-date: /home/yunusdanabas/as_robotics/microros_ws/install/micro_ros_msgs/include/micro_ros_msgs/micro_ros_msgs/msg/detail
[9.594s] -- Installing: /home/yunusdanabas/as_robotics/microros_ws/install/micro_ros_msgs/include/micro_ros_msgs/micro_ros_msgs/msg/detail/entity__type_support.cpp
[9.594s] -- Installing: /home/yunusdanabas/as_robotics/microros_ws/install/micro_ros_msgs/include/micro_ros_msgs/micro_ros_msgs/msg/detail/entity__rosidl_typesupport_introspection_cpp.hpp
[9.594s] -- Installing: /home/yunusdanabas/as_robotics/microros_ws/install/micro_ros_msgs/include/micro_ros_msgs/micro_ros_msgs/msg/detail/node__type_support.cpp
[9.594s] -- Installing: /home/yunusdanabas/as_robotics/microros_ws/install/micro_ros_msgs/include/micro_ros_msgs/micro_ros_msgs/msg/detail/graph__type_support.cpp
[9.594s] -- Installing: /home/yunusdanabas/as_robotics/microros_ws/install/micro_ros_msgs/include/micro_ros_msgs/micro_ros_msgs/msg/detail/node__rosidl_typesupport_introspection_cpp.hpp
[9.594s] -- Installing: /home/yunusdanabas/as_robotics/microros_ws/install/micro_ros_msgs/include/micro_ros_msgs/micro_ros_msgs/msg/detail/graph__rosidl_typesupport_introspection_cpp.hpp
[9.594s] -- Installing: /home/yunusdanabas/as_robotics/microros_ws/install/micro_ros_msgs/lib/libmicro_ros_msgs__rosidl_typesupport_introspection_cpp.so
[9.594s] -- Set non-toolchain portion of runtime path of "/home/yunusdanabas/as_robotics/microros_ws/install/micro_ros_msgs/lib/libmicro_ros_msgs__rosidl_typesupport_introspection_cpp.so" to ""
[9.594s] -- Installing: /home/yunusdanabas/as_robotics/microros_ws/install/micro_ros_msgs/lib/libmicro_ros_msgs__rosidl_typesupport_cpp.so
[9.594s] -- Set non-toolchain portion of runtime path of "/home/yunusdanabas/as_robotics/microros_ws/install/micro_ros_msgs/lib/libmicro_ros_msgs__rosidl_typesupport_cpp.so" to ""
[9.594s] -- Installing: /home/yunusdanabas/as_robotics/microros_ws/install/micro_ros_msgs/share/micro_ros_msgs/environment/pythonpath.sh
[9.594s] -- Installing: /home/yunusdanabas/as_robotics/microros_ws/install/micro_ros_msgs/share/micro_ros_msgs/environment/pythonpath.dsv
[9.595s] -- Installing: /home/yunusdanabas/as_robotics/microros_ws/install/micro_ros_msgs/lib/python3.12/site-packages/micro_ros_msgs-5.0.2-py3.12.egg-info
[9.595s] -- Installing: /home/yunusdanabas/as_robotics/microros_ws/install/micro_ros_msgs/lib/python3.12/site-packages/micro_ros_msgs-5.0.2-py3.12.egg-info/PKG-INFO
[9.595s] -- Installing: /home/yunusdanabas/as_robotics/microros_ws/install/micro_ros_msgs/lib/python3.12/site-packages/micro_ros_msgs-5.0.2-py3.12.egg-info/dependency_links.txt
[9.595s] -- Installing: /home/yunusdanabas/as_robotics/microros_ws/install/micro_ros_msgs/lib/python3.12/site-packages/micro_ros_msgs-5.0.2-py3.12.egg-info/top_level.txt
[9.595s] -- Installing: /home/yunusdanabas/as_robotics/microros_ws/install/micro_ros_msgs/lib/python3.12/site-packages/micro_ros_msgs-5.0.2-py3.12.egg-info/SOURCES.txt
[9.595s] -- Installing: /home/yunusdanabas/as_robotics/microros_ws/install/micro_ros_msgs/lib/python3.12/site-packages/micro_ros_msgs
[9.595s] -- Installing: /home/yunusdanabas/as_robotics/microros_ws/install/micro_ros_msgs/lib/python3.12/site-packages/micro_ros_msgs/msg
[9.595s] -- Installing: /home/yunusdanabas/as_robotics/microros_ws/install/micro_ros_msgs/lib/python3.12/site-packages/micro_ros_msgs/msg/_entity_s.c
[9.595s] -- Installing: /home/yunusdanabas/as_robotics/microros_ws/install/micro_ros_msgs/lib/python3.12/site-packages/micro_ros_msgs/msg/_graph.py
[9.595s] -- Installing: /home/yunusdanabas/as_robotics/microros_ws/install/micro_ros_msgs/lib/python3.12/site-packages/micro_ros_msgs/msg/_node_s.c
[9.595s] -- Installing: /home/yunusdanabas/as_robotics/microros_ws/install/micro_ros_msgs/lib/python3.12/site-packages/micro_ros_msgs/msg/_entity.py
[9.596s] -- Installing: /home/yunusdanabas/as_robotics/microros_ws/install/micro_ros_msgs/lib/python3.12/site-packages/micro_ros_msgs/msg/__init__.py
[9.596s] -- Installing: /home/yunusdanabas/as_robotics/microros_ws/install/micro_ros_msgs/lib/python3.12/site-packages/micro_ros_msgs/msg/_node.py
[9.596s] -- Installing: /home/yunusdanabas/as_robotics/microros_ws/install/micro_ros_msgs/lib/python3.12/site-packages/micro_ros_msgs/msg/_graph_s.c
[9.596s] -- Installing: /home/yunusdanabas/as_robotics/microros_ws/install/micro_ros_msgs/lib/python3.12/site-packages/micro_ros_msgs/_micro_ros_msgs_s.ep.rosidl_typesupport_c.c
[9.596s] -- Installing: /home/yunusdanabas/as_robotics/microros_ws/install/micro_ros_msgs/lib/python3.12/site-packages/micro_ros_msgs/micro_ros_msgs_s__rosidl_typesupport_fastrtps_c.so
[9.596s] -- Installing: /home/yunusdanabas/as_robotics/microros_ws/install/micro_ros_msgs/lib/python3.12/site-packages/micro_ros_msgs/micro_ros_msgs_s__rosidl_typesupport_c.so
[9.596s] -- Installing: /home/yunusdanabas/as_robotics/microros_ws/install/micro_ros_msgs/lib/python3.12/site-packages/micro_ros_msgs/__init__.py
[9.596s] -- Installing: /home/yunusdanabas/as_robotics/microros_ws/install/micro_ros_msgs/lib/python3.12/site-packages/micro_ros_msgs/_micro_ros_msgs_s.ep.rosidl_typesupport_fastrtps_c.c
[9.596s] -- Installing: /home/yunusdanabas/as_robotics/microros_ws/install/micro_ros_msgs/lib/python3.12/site-packages/micro_ros_msgs/micro_ros_msgs_s__rosidl_typesupport_introspection_c.so
[9.596s] -- Installing: /home/yunusdanabas/as_robotics/microros_ws/install/micro_ros_msgs/lib/python3.12/site-packages/micro_ros_msgs/_micro_ros_msgs_s.ep.rosidl_typesupport_introspection_c.c
[9.652s] Listing '/home/yunusdanabas/as_robotics/microros_ws/install/micro_ros_msgs/lib/python3.12/site-packages/micro_ros_msgs'...
[9.652s] Compiling '/home/yunusdanabas/as_robotics/microros_ws/install/micro_ros_msgs/lib/python3.12/site-packages/micro_ros_msgs/__init__.py'...
[9.653s] Listing '/home/yunusdanabas/as_robotics/microros_ws/install/micro_ros_msgs/lib/python3.12/site-packages/micro_ros_msgs/msg'...
[9.653s] Compiling '/home/yunusdanabas/as_robotics/microros_ws/install/micro_ros_msgs/lib/python3.12/site-packages/micro_ros_msgs/msg/__init__.py'...
[9.653s] Compiling '/home/yunusdanabas/as_robotics/microros_ws/install/micro_ros_msgs/lib/python3.12/site-packages/micro_ros_msgs/msg/_entity.py'...
[9.653s] Compiling '/home/yunusdanabas/as_robotics/microros_ws/install/micro_ros_msgs/lib/python3.12/site-packages/micro_ros_msgs/msg/_graph.py'...
[9.654s] Compiling '/home/yunusdanabas/as_robotics/microros_ws/install/micro_ros_msgs/lib/python3.12/site-packages/micro_ros_msgs/msg/_node.py'...
[9.661s] -- Installing: /home/yunusdanabas/as_robotics/microros_ws/install/micro_ros_msgs/lib/python3.12/site-packages/micro_ros_msgs/micro_ros_msgs_s__rosidl_typesupport_fastrtps_c.so
[9.661s] -- Set non-toolchain portion of runtime path of "/home/yunusdanabas/as_robotics/microros_ws/install/micro_ros_msgs/lib/python3.12/site-packages/micro_ros_msgs/micro_ros_msgs_s__rosidl_typesupport_fastrtps_c.so" to ""
[9.661s] -- Installing: /home/yunusdanabas/as_robotics/microros_ws/install/micro_ros_msgs/lib/python3.12/site-packages/micro_ros_msgs/micro_ros_msgs_s__rosidl_typesupport_introspection_c.so
[9.661s] -- Set non-toolchain portion of runtime path of "/home/yunusdanabas/as_robotics/microros_ws/install/micro_ros_msgs/lib/python3.12/site-packages/micro_ros_msgs/micro_ros_msgs_s__rosidl_typesupport_introspection_c.so" to ""
[9.662s] -- Installing: /home/yunusdanabas/as_robotics/microros_ws/install/micro_ros_msgs/lib/python3.12/site-packages/micro_ros_msgs/micro_ros_msgs_s__rosidl_typesupport_c.so
[9.662s] -- Set non-toolchain portion of runtime path of "/home/yunusdanabas/as_robotics/microros_ws/install/micro_ros_msgs/lib/python3.12/site-packages/micro_ros_msgs/micro_ros_msgs_s__rosidl_typesupport_c.so" to ""
[9.662s] -- Installing: /home/yunusdanabas/as_robotics/microros_ws/install/micro_ros_msgs/lib/libmicro_ros_msgs__rosidl_generator_py.so
[9.662s] -- Set non-toolchain portion of runtime path of "/home/yunusdanabas/as_robotics/microros_ws/install/micro_ros_msgs/lib/libmicro_ros_msgs__rosidl_generator_py.so" to ""
[9.662s] -- Installing: /home/yunusdanabas/as_robotics/microros_ws/install/micro_ros_msgs/share/micro_ros_msgs/msg/Graph.idl
[9.663s] -- Installing: /home/yunusdanabas/as_robotics/microros_ws/install/micro_ros_msgs/share/micro_ros_msgs/msg/Node.idl
[9.663s] -- Installing: /home/yunusdanabas/as_robotics/microros_ws/install/micro_ros_msgs/share/micro_ros_msgs/msg/Entity.idl
[9.663s] -- Installing: /home/yunusdanabas/as_robotics/microros_ws/install/micro_ros_msgs/share/micro_ros_msgs/msg/Graph.msg
[9.663s] -- Installing: /home/yunusdanabas/as_robotics/microros_ws/install/micro_ros_msgs/share/micro_ros_msgs/msg/Node.msg
[9.663s] -- Installing: /home/yunusdanabas/as_robotics/microros_ws/install/micro_ros_msgs/share/micro_ros_msgs/msg/Entity.msg
[9.664s] -- Installing: /home/yunusdanabas/as_robotics/microros_ws/install/micro_ros_msgs/share/ament_index/resource_index/package_run_dependencies/micro_ros_msgs
[9.664s] -- Installing: /home/yunusdanabas/as_robotics/microros_ws/install/micro_ros_msgs/share/ament_index/resource_index/parent_prefix_path/micro_ros_msgs
[9.664s] -- Installing: /home/yunusdanabas/as_robotics/microros_ws/install/micro_ros_msgs/share/micro_ros_msgs/environment/ament_prefix_path.sh
[9.664s] -- Installing: /home/yunusdanabas/as_robotics/microros_ws/install/micro_ros_msgs/share/micro_ros_msgs/environment/ament_prefix_path.dsv
[9.664s] -- Installing: /home/yunusdanabas/as_robotics/microros_ws/install/micro_ros_msgs/share/micro_ros_msgs/environment/path.sh
[9.665s] -- Installing: /home/yunusdanabas/as_robotics/microros_ws/install/micro_ros_msgs/share/micro_ros_msgs/environment/path.dsv
[9.665s] -- Installing: /home/yunusdanabas/as_robotics/microros_ws/install/micro_ros_msgs/share/micro_ros_msgs/local_setup.bash
[9.665s] -- Installing: /home/yunusdanabas/as_robotics/microros_ws/install/micro_ros_msgs/share/micro_ros_msgs/local_setup.sh
[9.666s] -- Installing: /home/yunusdanabas/as_robotics/microros_ws/install/micro_ros_msgs/share/micro_ros_msgs/local_setup.zsh
[9.666s] -- Installing: /home/yunusdanabas/as_robotics/microros_ws/install/micro_ros_msgs/share/micro_ros_msgs/local_setup.dsv
[9.667s] -- Installing: /home/yunusdanabas/as_robotics/microros_ws/install/micro_ros_msgs/share/micro_ros_msgs/package.dsv
[9.668s] -- Installing: /home/yunusdanabas/as_robotics/microros_ws/install/micro_ros_msgs/share/ament_index/resource_index/packages/micro_ros_msgs
[9.668s] -- Installing: /home/yunusdanabas/as_robotics/microros_ws/install/micro_ros_msgs/share/micro_ros_msgs/cmake/export_micro_ros_msgs__rosidl_generator_cExport.cmake
[9.669s] -- Installing: /home/yunusdanabas/as_robotics/microros_ws/install/micro_ros_msgs/share/micro_ros_msgs/cmake/export_micro_ros_msgs__rosidl_generator_cExport-noconfig.cmake
[9.669s] -- Installing: /home/yunusdanabas/as_robotics/microros_ws/install/micro_ros_msgs/share/micro_ros_msgs/cmake/export_micro_ros_msgs__rosidl_typesupport_fastrtps_cExport.cmake
[9.669s] -- Installing: /home/yunusdanabas/as_robotics/microros_ws/install/micro_ros_msgs/share/micro_ros_msgs/cmake/export_micro_ros_msgs__rosidl_typesupport_fastrtps_cExport-noconfig.cmake
[9.670s] -- Installing: /home/yunusdanabas/as_robotics/microros_ws/install/micro_ros_msgs/share/micro_ros_msgs/cmake/micro_ros_msgs__rosidl_typesupport_introspection_cExport.cmake
[9.670s] -- Installing: /home/yunusdanabas/as_robotics/microros_ws/install/micro_ros_msgs/share/micro_ros_msgs/cmake/micro_ros_msgs__rosidl_typesupport_introspection_cExport-noconfig.cmake
[9.670s] -- Installing: /home/yunusdanabas/as_robotics/microros_ws/install/micro_ros_msgs/share/micro_ros_msgs/cmake/micro_ros_msgs__rosidl_typesupport_cExport.cmake
[9.670s] -- Installing: /home/yunusdanabas/as_robotics/microros_ws/install/micro_ros_msgs/share/micro_ros_msgs/cmake/micro_ros_msgs__rosidl_typesupport_cExport-noconfig.cmake
[9.671s] -- Installing: /home/yunusdanabas/as_robotics/microros_ws/install/micro_ros_msgs/share/micro_ros_msgs/cmake/export_micro_ros_msgs__rosidl_generator_cppExport.cmake
[9.671s] -- Installing: /home/yunusdanabas/as_robotics/microros_ws/install/micro_ros_msgs/share/micro_ros_msgs/cmake/export_micro_ros_msgs__rosidl_typesupport_fastrtps_cppExport.cmake
[9.671s] -- Installing: /home/yunusdanabas/as_robotics/microros_ws/install/micro_ros_msgs/share/micro_ros_msgs/cmake/export_micro_ros_msgs__rosidl_typesupport_fastrtps_cppExport-noconfig.cmake
[9.671s] -- Installing: /home/yunusdanabas/as_robotics/microros_ws/install/micro_ros_msgs/share/micro_ros_msgs/cmake/micro_ros_msgs__rosidl_typesupport_introspection_cppExport.cmake
[9.671s] -- Installing: /home/yunusdanabas/as_robotics/microros_ws/install/micro_ros_msgs/share/micro_ros_msgs/cmake/micro_ros_msgs__rosidl_typesupport_introspection_cppExport-noconfig.cmake
[9.672s] -- Installing: /home/yunusdanabas/as_robotics/microros_ws/install/micro_ros_msgs/share/micro_ros_msgs/cmake/micro_ros_msgs__rosidl_typesupport_cppExport.cmake
[9.672s] -- Installing: /home/yunusdanabas/as_robotics/microros_ws/install/micro_ros_msgs/share/micro_ros_msgs/cmake/micro_ros_msgs__rosidl_typesupport_cppExport-noconfig.cmake
[9.672s] -- Installing: /home/yunusdanabas/as_robotics/microros_ws/install/micro_ros_msgs/share/micro_ros_msgs/cmake/export_micro_ros_msgs__rosidl_generator_pyExport.cmake
[9.672s] -- Installing: /home/yunusdanabas/as_robotics/microros_ws/install/micro_ros_msgs/share/micro_ros_msgs/cmake/export_micro_ros_msgs__rosidl_generator_pyExport-noconfig.cmake
[9.672s] -- Installing: /home/yunusdanabas/as_robotics/microros_ws/install/micro_ros_msgs/share/micro_ros_msgs/cmake/rosidl_cmake-extras.cmake
[9.672s] -- Installing: /home/yunusdanabas/as_robotics/microros_ws/install/micro_ros_msgs/share/micro_ros_msgs/cmake/ament_cmake_export_include_directories-extras.cmake
[9.672s] -- Installing: /home/yunusdanabas/as_robotics/microros_ws/install/micro_ros_msgs/share/micro_ros_msgs/cmake/ament_cmake_export_libraries-extras.cmake
[9.673s] -- Installing: /home/yunusdanabas/as_robotics/microros_ws/install/micro_ros_msgs/share/micro_ros_msgs/cmake/ament_cmake_export_targets-extras.cmake
[9.673s] -- Installing: /home/yunusdanabas/as_robotics/microros_ws/install/micro_ros_msgs/share/micro_ros_msgs/cmake/rosidl_cmake_export_typesupport_targets-extras.cmake
[9.673s] -- Installing: /home/yunusdanabas/as_robotics/microros_ws/install/micro_ros_msgs/share/micro_ros_msgs/cmake/ament_cmake_export_dependencies-extras.cmake
[9.673s] -- Installing: /home/yunusdanabas/as_robotics/microros_ws/install/micro_ros_msgs/share/micro_ros_msgs/cmake/rosidl_cmake_export_typesupport_libraries-extras.cmake
[9.673s] -- Installing: /home/yunusdanabas/as_robotics/microros_ws/install/micro_ros_msgs/share/micro_ros_msgs/cmake/micro_ros_msgsConfig.cmake
[9.673s] -- Installing: /home/yunusdanabas/as_robotics/microros_ws/install/micro_ros_msgs/share/micro_ros_msgs/cmake/micro_ros_msgsConfig-version.cmake
[9.673s] -- Installing: /home/yunusdanabas/as_robotics/microros_ws/install/micro_ros_msgs/share/micro_ros_msgs/package.xml
[9.675s] Invoked command in '/home/yunusdanabas/as_robotics/microros_ws/build/micro_ros_msgs' returned '0': CMAKE_PREFIX_PATH=${CMAKE_PREFIX_PATH}:/opt/ros/jazzy CONDA_PROMPT_MODIFIER=(base) DEBUGINFOD_URLS=https://debuginfod.ubuntu.com /usr/bin/cmake --install /home/yunusdanabas/as_robotics/microros_ws/build/micro_ros_msgs
