[0.000000] (-) TimerEvent: {}
[0.000356] (-) JobUnselected: {'identifier': 'drive_base_msgs'}
[0.000410] (-) JobUnselected: {'identifier': 'micro_ros_agent'}
[0.000563] (-) JobUnselected: {'identifier': 'micro_ros_msgs'}
[0.000666] (-) JobUnselected: {'identifier': 'micro_ros_setup'}
[0.000700] (imu_visualization) JobQueued: {'identifier': 'imu_visualization', 'dependencies': OrderedDict()}
[0.000736] (imu_visualization) JobStarted: {'identifier': 'imu_visualization'}
[0.098768] (-) TimerEvent: {}
[0.198958] (-) TimerEvent: {}
[0.299144] (-) TimerEvent: {}
[0.399330] (-) TimerEvent: {}
[0.499549] (-) TimerEvent: {}
[0.599807] (-) TimerEvent: {}
[0.700004] (-) TimerEvent: {}
[0.800175] (-) TimerEvent: {}
[0.900356] (-) TimerEvent: {}
[1.000501] (-) TimerEvent: {}
[1.100644] (-) TimerEvent: {}
[1.200807] (-) TimerEvent: {}
[1.300984] (-) TimerEvent: {}
[1.401112] (-) TimerEvent: {}
[1.501254] (-) TimerEvent: {}
[1.601421] (-) TimerEvent: {}
[1.701563] (-) TimerEvent: {}
[1.801772] (-) TimerEvent: {}
[1.870690] (imu_visualization) Command: {'cmd': ['/usr/bin/python3', '-W', 'ignore:setup.py install is deprecated', '-W', 'ignore:easy_install command is deprecated', 'setup.py', 'egg_info', '--egg-base', '../../build/imu_visualization', 'build', '--build-base', '/home/yunusdanabas/as_robotics/microros_ws/build/imu_visualization/build', 'install', '--record', '/home/yunusdanabas/as_robotics/microros_ws/build/imu_visualization/install.log', '--single-version-externally-managed', 'install_data'], 'cwd': '/home/yunusdanabas/as_robotics/microros_ws/src/imu_visualization', 'env': {'GJS_DEBUG_TOPICS': 'JS ERROR;JS LOG', 'LESSOPEN': '| /usr/bin/lesspipe %s', 'VSCODE_CWD': '/home/yunusdanabas', 'VSCODE_ESM_ENTRYPOINT': 'vs/workbench/api/node/extensionHostProcess', 'CONDA_PROMPT_MODIFIER': '(base)', 'GZ_SIM_RESOURCE_PATH': '/opt/ros/jazzy/share', 'USER': 'yunusdanabas', 'LC_TIME': 'tr_TR.UTF-8', 'VSCODE_NLS_CONFIG': '{"userLocale":"en-us","osLocale":"en-us","resolvedLanguage":"en","defaultMessagesFile":"/usr/share/cursor/resources/app/out/nls.messages.json","locale":"en-us","availableLanguages":{}}', 'GZ_CONFIG_PATH': '/opt/ros/jazzy/opt/gz_sim_vendor/share/gz:/opt/ros/jazzy/opt/sdformat_vendor/share/gz:/opt/ros/jazzy/opt/gz_gui_vendor/share/gz:/opt/ros/jazzy/opt/gz_transport_vendor/share/gz:/opt/ros/jazzy/opt/gz_rendering_vendor/share/gz:/opt/ros/jazzy/opt/gz_plugin_vendor/share/gz:/opt/ros/jazzy/opt/gz_fuel_tools_vendor/share/gz:/opt/ros/jazzy/opt/gz_msgs_vendor/share/gz:/opt/ros/jazzy/opt/gz_common_vendor/share/gz', 'VSCODE_HANDLES_UNCAUGHT_ERRORS': 'true', 'XDG_SESSION_TYPE': 'wayland', 'CLUTTER_DISABLE_MIPMAPPED_TEXT': '1', 'SHLVL': '1', 'LD_LIBRARY_PATH': '/opt/ros/jazzy/opt/gz_sim_vendor/lib:/opt/ros/jazzy/opt/gz_sensors_vendor/lib:/opt/ros/jazzy/opt/gz_physics_vendor/lib:/opt/ros/jazzy/opt/sdformat_vendor/lib:/opt/ros/jazzy/opt/rviz_ogre_vendor/lib:/opt/ros/jazzy/lib/x86_64-linux-gnu:/opt/ros/jazzy/opt/gz_gui_vendor/lib:/opt/ros/jazzy/opt/gz_transport_vendor/lib:/opt/ros/jazzy/opt/gz_rendering_vendor/lib:/opt/ros/jazzy/opt/gz_plugin_vendor/lib:/opt/ros/jazzy/opt/gz_fuel_tools_vendor/lib:/opt/ros/jazzy/opt/gz_msgs_vendor/lib:/opt/ros/jazzy/opt/gz_common_vendor/lib:/opt/ros/jazzy/opt/gz_math_vendor/lib:/opt/ros/jazzy/opt/gz_utils_vendor/lib:/opt/ros/jazzy/opt/gz_tools_vendor/lib:/opt/ros/jazzy/opt/gz_ogre_next_vendor/lib:/opt/ros/jazzy/opt/gz_dartsim_vendor/lib:/opt/ros/jazzy/opt/gz_cmake_vendor/lib:/opt/ros/jazzy/lib', 'HOME': '/home/yunusdanabas', 'CHROME_DESKTOP': 'cursor.desktop', 'CONDA_SHLVL': '0', 'OLDPWD': '/home/yunusdanabas/as_robotics/microros_ws', 'DESKTOP_SESSION': 'ubuntu', 'NVM_BIN': '/home/yunusdanabas/.nvm/versions/node/v22.17.1/bin', 'NVM_INC': '/home/yunusdanabas/.nvm/versions/node/v22.17.1/include/node', 'VSCODE_IPC_HOOK': '/run/user/1000/vscode-baea8b7b-2.2.-main.sock', 'GIO_LAUNCHED_DESKTOP_FILE': '/usr/share/applications/cursor.desktop', 'APPLICATION_INSIGHTS_NO_DIAGNOSTIC_CHANNEL': '1', 'ROS_PYTHON_VERSION': '3', 'GNOME_SHELL_SESSION_MODE': 'ubuntu', 'GTK_MODULES': 'gail:atk-bridge', 'LC_MONETARY': 'tr_TR.UTF-8', 'MANAGERPID': '2589', 'SYSTEMD_EXEC_PID': '2885', 'IM_CONFIG_CHECK_ENV': '1', 'GSM_SKIP_SSH_AGENT_WORKAROUND': 'true', 'NO_COLOR': '1', 'DBUS_SESSION_BUS_ADDRESS': 'unix:path=/run/user/1000/bus', 'GIO_LAUNCHED_DESKTOP_FILE_PID': '6857', 'NVM_DIR': '/home/yunusdanabas/.nvm', 'VSCODE_CRASH_REPORTER_PROCESS_TYPE': 'extensionHost', 'DEBUGINFOD_URLS': 'https://debuginfod.ubuntu.com', 'IM_CONFIG_PHASE': '1', 'WAYLAND_DISPLAY': 'wayland-0', 'VSCODE_L10N_BUNDLE_LOCATION': '', 'COLCON_PREFIX_PATH': '/home/yunusdanabas/ros_ws/install', 'ROS_DISTRO': 'jazzy', 'LOGNAME': 'yunusdanabas', 'FORCE_COLOR': '0', 'JOURNAL_STREAM': '8:18329', '_': '/usr/bin/colcon', 'ROS_VERSION': '2', 'MEMORY_PRESSURE_WATCH': '/sys/fs/cgroup/user.slice/user-1000.slice/user@1000.service/session.slice/org.gnome.Shell@wayland.service/memory.pressure', 'XDG_SESSION_CLASS': 'user', 'APPLICATIONINSIGHTS_CONFIGURATION_CONTENT': '{}', 'USERNAME': 'yunusdanabas', 'TERM': 'dumb', 'EVERYSPHERE_RIPGREP_PATH': '/usr/share/cursor/resources/app/node_modules/@vscode/ripgrep/bin/rg', 'GNOME_DESKTOP_SESSION_ID': 'this-is-deprecated', 'COMPOSER_NO_INTERACTION': '1', 'PATH': '/home/yunusdanabas/.local/bin:/home/yunusdanabas/.gem/bin:/home/yunusdanabas/mamba/bin:/home/yunusdanabas/.local/bin:/home/yunusdanabas/.nvm/versions/node/v22.17.1/bin:/home/yunusdanabas/.gem/bin:/opt/ros/jazzy/opt/gz_msgs_vendor/bin:/opt/ros/jazzy/opt/gz_tools_vendor/bin:/opt/ros/jazzy/opt/gz_ogre_next_vendor/bin:/opt/ros/jazzy/bin:/home/yunusdanabas/mambaforge/condabin:/home/yunusdanabas/mamba/bin:/home/yunusdanabas/.local/bin:/usr/local/sbin:/usr/local/bin:/usr/sbin:/usr/bin:/sbin:/bin:/usr/games:/usr/local/games:/snap/bin', 'SESSION_MANAGER': 'local/yunusdanabas:@/tmp/.ICE-unix/2851,unix/yunusdanabas:/tmp/.ICE-unix/2851', 'INVOCATION_ID': 'c14077c11ab94b439f1f35f938d9fb16', 'XDG_MENU_PREFIX': 'gnome-', 'LC_ADDRESS': 'tr_TR.UTF-8', 'VSCODE_PROCESS_TITLE': 'extension-host  [1-1]', 'GNOME_SETUP_DISPLAY': ':1', 'XDG_RUNTIME_DIR': '/run/user/1000', 'GDK_BACKEND': 'x11', 'MAMBA_ROOT_PREFIX': '/home/yunusdanabas/mambaforge', 'CURSOR_AGENT': '1', 'DISPLAY': ':0', 'LANG': 'en_US.UTF-8', 'XDG_CURRENT_DESKTOP': 'Unity', 'LC_TELEPHONE': 'tr_TR.UTF-8', 'XMODIFIERS': '@im=ibus', 'XDG_SESSION_DESKTOP': 'ubuntu', 'XAUTHORITY': '/run/user/1000/.mutter-Xwaylandauth.CUMDH3', 'LS_COLORS': '', 'SBX_CHROME_API_RQ': '1', 'CURSOR_TRACE_ID': 'e4e334a52e3f4327aeb4fdb88e29d46c', 'SSH_AUTH_SOCK': '/run/user/1000/keyring/ssh', 'XML_CATALOG_FILES': 'file:///home/yunusdanabas/mambaforge/etc/xml/catalog file:///etc/xml/catalog', 'AMENT_PREFIX_PATH': '/opt/ros/jazzy', 'CONDA_PYTHON_EXE': '/home/yunusdanabas/mambaforge/bin/python', 'ORIGINAL_XDG_CURRENT_DESKTOP': 'ubuntu:GNOME', 'SHELL': '/bin/bash', 'LC_NAME': 'tr_TR.UTF-8', 'QT_ACCESSIBILITY': '1', 'GDMSESSION': 'ubuntu', 'GEM_HOME': '/home/yunusdanabas/.gem', 'LESSCLOSE': '/usr/bin/lesspipe %s %s', 'CONDA_DEFAULT_ENV': 'base', 'LC_MEASUREMENT': 'tr_TR.UTF-8', 'GJS_DEBUG_OUTPUT': 'stderr', 'MAMBA_EXE': '/home/yunusdanabas/mambaforge/bin/mamba', 'LC_IDENTIFICATION': 'tr_TR.UTF-8', 'ROS_AUTOMATIC_DISCOVERY_RANGE': 'SUBNET', 'QT_IM_MODULE': 'ibus', 'PWD': '/home/yunusdanabas/as_robotics/microros_ws/build/imu_visualization', 'XDG_CONFIG_DIRS': '/etc/xdg/xdg-ubuntu:/etc/xdg', 'CONDA_EXE': '/home/yunusdanabas/mambaforge/bin/conda', 'VSCODE_CODE_CACHE_PATH': '/home/yunusdanabas/.config/Cursor/CachedData/1685afce45886aa5579025ac7e077fc3d4369c50', 'NVM_CD_FLAGS': '', 'XDG_DATA_DIRS': '/usr/share/ubuntu:/usr/share/gnome:/usr/local/share/:/usr/share/:/var/lib/snapd/desktop', 'PYTHONPATH': '/home/yunusdanabas/as_robotics/microros_ws/build/imu_visualization/prefix_override:/usr/lib/python3/dist-packages/colcon_core/task/python/colcon_distutils_commands:/home/yunusdanabas/as_robotics/microros_ws/install/imu_visualization/lib/python3.12/site-packages:/opt/ros/jazzy/lib/python3.12/site-packages', 'LC_NUMERIC': 'tr_TR.UTF-8', 'CONDA_PREFIX': '/home/yunusdanabas/mambaforge', 'LC_PAPER': 'tr_TR.UTF-8', 'COLCON': '1', '_ZO_DOCTOR': '0', 'MEMORY_PRESSURE_WRITE': 'c29tZSAyMDAwMDAgMjAwMDAwMAA=', 'CMAKE_PREFIX_PATH': '/opt/ros/jazzy/opt/gz_sim_vendor:/opt/ros/jazzy/opt/gz_sensors_vendor:/opt/ros/jazzy/opt/gz_physics_vendor:/opt/ros/jazzy/opt/sdformat_vendor:/opt/ros/jazzy/opt/gz_gui_vendor:/opt/ros/jazzy/opt/gz_transport_vendor:/opt/ros/jazzy/opt/gz_rendering_vendor:/opt/ros/jazzy/opt/gz_plugin_vendor:/opt/ros/jazzy/opt/gz_fuel_tools_vendor:/opt/ros/jazzy/opt/gz_msgs_vendor:/opt/ros/jazzy/opt/gz_common_vendor:/opt/ros/jazzy/opt/gz_math_vendor:/opt/ros/jazzy/opt/gz_utils_vendor:/opt/ros/jazzy/opt/gz_tools_vendor:/opt/ros/jazzy/opt/gz_ogre_next_vendor:/opt/ros/jazzy/opt/gz_dartsim_vendor:/opt/ros/jazzy/opt/gz_cmake_vendor', 'VSCODE_PID': '6857'}, 'shell': False}
[1.901932] (-) TimerEvent: {}
[2.002073] (-) TimerEvent: {}
[2.102215] (-) TimerEvent: {}
[2.202386] (-) TimerEvent: {}
[2.302565] (-) TimerEvent: {}
[2.402765] (-) TimerEvent: {}
[2.446509] (imu_visualization) StdoutLine: {'line': b'running egg_info\n'}
[2.487338] (imu_visualization) StdoutLine: {'line': b'writing ../../build/imu_visualization/imu_visualization.egg-info/PKG-INFO\n'}
[2.488108] (imu_visualization) StdoutLine: {'line': b'writing dependency_links to ../../build/imu_visualization/imu_visualization.egg-info/dependency_links.txt\n'}
[2.488522] (imu_visualization) StdoutLine: {'line': b'writing entry points to ../../build/imu_visualization/imu_visualization.egg-info/entry_points.txt\n'}
[2.489107] (imu_visualization) StdoutLine: {'line': b'writing requirements to ../../build/imu_visualization/imu_visualization.egg-info/requires.txt\n'}
[2.489397] (imu_visualization) StdoutLine: {'line': b'writing top-level names to ../../build/imu_visualization/imu_visualization.egg-info/top_level.txt\n'}
[2.502889] (-) TimerEvent: {}
[2.576511] (imu_visualization) StdoutLine: {'line': b"reading manifest file '../../build/imu_visualization/imu_visualization.egg-info/SOURCES.txt'\n"}
[2.578265] (imu_visualization) StdoutLine: {'line': b"writing manifest file '../../build/imu_visualization/imu_visualization.egg-info/SOURCES.txt'\n"}
[2.578773] (imu_visualization) StdoutLine: {'line': b'running build\n'}
[2.578944] (imu_visualization) StdoutLine: {'line': b'running build_py\n'}
[2.579198] (imu_visualization) StdoutLine: {'line': b'copying imu_visualization/imu_tf_broadcaster.py -> /home/yunusdanabas/as_robotics/microros_ws/build/imu_visualization/build/lib/imu_visualization\n'}
[2.579425] (imu_visualization) StdoutLine: {'line': b'running install\n'}
[2.589239] (imu_visualization) StdoutLine: {'line': b'running install_lib\n'}
[2.602995] (-) TimerEvent: {}
[2.633897] (imu_visualization) StdoutLine: {'line': b'copying /home/yunusdanabas/as_robotics/microros_ws/build/imu_visualization/build/lib/imu_visualization/imu_tf_broadcaster.py -> /home/yunusdanabas/as_robotics/microros_ws/install/imu_visualization/lib/python3.12/site-packages/imu_visualization\n'}
[2.634788] (imu_visualization) StdoutLine: {'line': b'byte-compiling /home/yunusdanabas/as_robotics/microros_ws/install/imu_visualization/lib/python3.12/site-packages/imu_visualization/imu_tf_broadcaster.py to imu_tf_broadcaster.cpython-312.pyc\n'}
[2.636360] (imu_visualization) StdoutLine: {'line': b'running install_data\n'}
[2.636672] (imu_visualization) StdoutLine: {'line': b'copying launch/dual_imu_spaced.launch.py -> /home/yunusdanabas/as_robotics/microros_ws/install/imu_visualization/share/imu_visualization/launch\n'}
[2.636985] (imu_visualization) StdoutLine: {'line': b'copying rviz/dual_imu_spaced.rviz -> /home/yunusdanabas/as_robotics/microros_ws/install/imu_visualization/share/imu_visualization/rviz\n'}
[2.637231] (imu_visualization) StdoutLine: {'line': b'running install_egg_info\n'}
[2.682573] (imu_visualization) StdoutLine: {'line': b"removing '/home/yunusdanabas/as_robotics/microros_ws/install/imu_visualization/lib/python3.12/site-packages/imu_visualization-0.0.0-py3.12.egg-info' (and everything under it)\n"}
[2.682935] (imu_visualization) StdoutLine: {'line': b'Copying ../../build/imu_visualization/imu_visualization.egg-info to /home/yunusdanabas/as_robotics/microros_ws/install/imu_visualization/lib/python3.12/site-packages/imu_visualization-0.0.0-py3.12.egg-info\n'}
[2.683949] (imu_visualization) StdoutLine: {'line': b'running install_scripts\n'}
[2.703075] (-) TimerEvent: {}
[2.803264] (-) TimerEvent: {}
[2.903440] (-) TimerEvent: {}
[2.938641] (imu_visualization) StdoutLine: {'line': b'Installing dual_imu_tf_broadcaster script to /home/yunusdanabas/as_robotics/microros_ws/install/imu_visualization/lib/imu_visualization\n'}
[2.939239] (imu_visualization) StdoutLine: {'line': b'Installing imu_fusion_node script to /home/yunusdanabas/as_robotics/microros_ws/install/imu_visualization/lib/imu_visualization\n'}
[2.939636] (imu_visualization) StdoutLine: {'line': b'Installing imu_tf_broadcaster script to /home/yunusdanabas/as_robotics/microros_ws/install/imu_visualization/lib/imu_visualization\n'}
[2.939925] (imu_visualization) StdoutLine: {'line': b'Installing imu_to_euler script to /home/yunusdanabas/as_robotics/microros_ws/install/imu_visualization/lib/imu_visualization\n'}
[2.940072] (imu_visualization) StdoutLine: {'line': b'Installing odometry_telemetry script to /home/yunusdanabas/as_robotics/microros_ws/install/imu_visualization/lib/imu_visualization\n'}
[2.940982] (imu_visualization) StdoutLine: {'line': b'Installing odometry_tf_broadcaster script to /home/yunusdanabas/as_robotics/microros_ws/install/imu_visualization/lib/imu_visualization\n'}
[2.941274] (imu_visualization) StdoutLine: {'line': b"writing list of installed files to '/home/yunusdanabas/as_robotics/microros_ws/build/imu_visualization/install.log'\n"}
[3.003566] (-) TimerEvent: {}
[3.007863] (imu_visualization) CommandEnded: {'returncode': 0}
[3.017765] (imu_visualization) JobEnded: {'identifier': 'imu_visualization', 'rc': 0}
[3.018415] (-) EventReactorShutdown: {}
