/home/yunusdanabas/as_robotics/microros_ws/install/imu_visualization/lib/python3.12/site-packages/imu_visualization/capture_imu_snap.py
/home/yunusdanabas/as_robotics/microros_ws/install/imu_visualization/lib/python3.12/site-packages/imu_visualization/odometry_telemetry.py
/home/yunusdanabas/as_robotics/microros_ws/install/imu_visualization/lib/python3.12/site-packages/imu_visualization/imu_fusion_node.py
/home/yunusdanabas/as_robotics/microros_ws/install/imu_visualization/lib/python3.12/site-packages/imu_visualization/imu_tf_broadcaster.py
/home/yunusdanabas/as_robotics/microros_ws/install/imu_visualization/lib/python3.12/site-packages/imu_visualization/__init__.py
/home/yunusdanabas/as_robotics/microros_ws/install/imu_visualization/lib/python3.12/site-packages/imu_visualization/imu_to_euler.py
/home/yunusdanabas/as_robotics/microros_ws/install/imu_visualization/lib/python3.12/site-packages/imu_visualization/dual_imu_tf_broadcaster.py
/home/yunusdanabas/as_robotics/microros_ws/install/imu_visualization/lib/python3.12/site-packages/imu_visualization/odometry_tf_broadcaster.py
/home/yunusdanabas/as_robotics/microros_ws/install/imu_visualization/lib/python3.12/site-packages/imu_visualization/__pycache__/capture_imu_snap.cpython-312.pyc
/home/yunusdanabas/as_robotics/microros_ws/install/imu_visualization/lib/python3.12/site-packages/imu_visualization/__pycache__/odometry_telemetry.cpython-312.pyc
/home/yunusdanabas/as_robotics/microros_ws/install/imu_visualization/lib/python3.12/site-packages/imu_visualization/__pycache__/imu_fusion_node.cpython-312.pyc
/home/yunusdanabas/as_robotics/microros_ws/install/imu_visualization/lib/python3.12/site-packages/imu_visualization/__pycache__/imu_tf_broadcaster.cpython-312.pyc
/home/yunusdanabas/as_robotics/microros_ws/install/imu_visualization/lib/python3.12/site-packages/imu_visualization/__pycache__/__init__.cpython-312.pyc
/home/yunusdanabas/as_robotics/microros_ws/install/imu_visualization/lib/python3.12/site-packages/imu_visualization/__pycache__/imu_to_euler.cpython-312.pyc
/home/yunusdanabas/as_robotics/microros_ws/install/imu_visualization/lib/python3.12/site-packages/imu_visualization/__pycache__/dual_imu_tf_broadcaster.cpython-312.pyc
/home/yunusdanabas/as_robotics/microros_ws/install/imu_visualization/lib/python3.12/site-packages/imu_visualization/__pycache__/odometry_tf_broadcaster.cpython-312.pyc
/home/yunusdanabas/as_robotics/microros_ws/install/imu_visualization/share/ament_index/resource_index/packages/imu_visualization
/home/yunusdanabas/as_robotics/microros_ws/install/imu_visualization/share/imu_visualization/package.xml
/home/yunusdanabas/as_robotics/microros_ws/install/imu_visualization/share/imu_visualization/launch/imu_visualization.launch.py
/home/yunusdanabas/as_robotics/microros_ws/install/imu_visualization/share/imu_visualization/launch/dual_imu.launch.py
/home/yunusdanabas/as_robotics/microros_ws/install/imu_visualization/share/imu_visualization/launch/dual_imu_spaced.launch.py
/home/yunusdanabas/as_robotics/microros_ws/install/imu_visualization/share/imu_visualization/rviz/imu_view.rviz
/home/yunusdanabas/as_robotics/microros_ws/install/imu_visualization/share/imu_visualization/rviz/imu_view_position.rviz
/home/yunusdanabas/as_robotics/microros_ws/install/imu_visualization/share/imu_visualization/rviz/dual_imu_view.rviz
/home/yunusdanabas/as_robotics/microros_ws/install/imu_visualization/share/imu_visualization/rviz/dual_imu_spaced.rviz
/home/yunusdanabas/as_robotics/microros_ws/install/imu_visualization/lib/python3.12/site-packages/imu_visualization-0.0.0-py3.12.egg-info/PKG-INFO
/home/yunusdanabas/as_robotics/microros_ws/install/imu_visualization/lib/python3.12/site-packages/imu_visualization-0.0.0-py3.12.egg-info/dependency_links.txt
/home/yunusdanabas/as_robotics/microros_ws/install/imu_visualization/lib/python3.12/site-packages/imu_visualization-0.0.0-py3.12.egg-info/requires.txt
/home/yunusdanabas/as_robotics/microros_ws/install/imu_visualization/lib/python3.12/site-packages/imu_visualization-0.0.0-py3.12.egg-info/top_level.txt
/home/yunusdanabas/as_robotics/microros_ws/install/imu_visualization/lib/python3.12/site-packages/imu_visualization-0.0.0-py3.12.egg-info/entry_points.txt
/home/yunusdanabas/as_robotics/microros_ws/install/imu_visualization/lib/python3.12/site-packages/imu_visualization-0.0.0-py3.12.egg-info/zip-safe
/home/yunusdanabas/as_robotics/microros_ws/install/imu_visualization/lib/python3.12/site-packages/imu_visualization-0.0.0-py3.12.egg-info/SOURCES.txt
/home/yunusdanabas/as_robotics/microros_ws/install/imu_visualization/lib/imu_visualization/capture_imu_snap
/home/yunusdanabas/as_robotics/microros_ws/install/imu_visualization/lib/imu_visualization/dual_imu_tf_broadcaster
/home/yunusdanabas/as_robotics/microros_ws/install/imu_visualization/lib/imu_visualization/imu_fusion_node
/home/yunusdanabas/as_robotics/microros_ws/install/imu_visualization/lib/imu_visualization/imu_tf_broadcaster
/home/yunusdanabas/as_robotics/microros_ws/install/imu_visualization/lib/imu_visualization/imu_to_euler
/home/yunusdanabas/as_robotics/microros_ws/install/imu_visualization/lib/imu_visualization/odometry_telemetry
/home/yunusdanabas/as_robotics/microros_ws/install/imu_visualization/lib/imu_visualization/odometry_tf_broadcaster
