[1.431s] Invoking command in '/home/yunusdanabas/as_robotics/microros_ws/src/imu_visualization': CONDA_PROMPT_MODIFIER=(base) DEBUGINFOD_URLS=https://debuginfod.ubuntu.com PYTHONPATH=/home/yunusdanabas/as_robotics/microros_ws/build/imu_visualization/prefix_override:/home/yunusdanabas/mambaforge/lib/python3.12/site-packages/colcon_core/task/python/colcon_distutils_commands:/home/yunusdanabas/as_robotics/microros_ws/install/imu_visualization/lib/python3.12/site-packages:${PYTHONPATH} /home/yunusdanabas/mambaforge/bin/python3 -W ignore:setup.py install is deprecated -W ignore:easy_install command is deprecated setup.py egg_info --egg-base ../../build/imu_visualization build --build-base /home/yunusdanabas/as_robotics/microros_ws/build/imu_visualization/build install --record /home/yunusdanabas/as_robotics/microros_ws/build/imu_visualization/install.log --single-version-externally-managed install_data
[2.076s] running egg_info
[2.148s] writing ../../build/imu_visualization/imu_visualization.egg-info/PKG-INFO
[2.150s] writing dependency_links to ../../build/imu_visualization/imu_visualization.egg-info/dependency_links.txt
[2.151s] writing entry points to ../../build/imu_visualization/imu_visualization.egg-info/entry_points.txt
[2.158s] writing requirements to ../../build/imu_visualization/imu_visualization.egg-info/requires.txt
[2.158s] writing top-level names to ../../build/imu_visualization/imu_visualization.egg-info/top_level.txt
[2.345s] reading manifest file '../../build/imu_visualization/imu_visualization.egg-info/SOURCES.txt'
[2.347s] writing manifest file '../../build/imu_visualization/imu_visualization.egg-info/SOURCES.txt'
[2.348s] running build
[2.348s] running build_py
[2.348s] copying imu_visualization/imu_tf_broadcaster.py -> /home/yunusdanabas/as_robotics/microros_ws/build/imu_visualization/build/lib/imu_visualization
[2.349s] copying imu_visualization/__init__.py -> /home/yunusdanabas/as_robotics/microros_ws/build/imu_visualization/build/lib/imu_visualization
[2.349s] copying imu_visualization/imu_to_euler.py -> /home/yunusdanabas/as_robotics/microros_ws/build/imu_visualization/build/lib/imu_visualization
[2.350s] running install
[2.362s] running install_lib
[2.446s] copying /home/yunusdanabas/as_robotics/microros_ws/build/imu_visualization/build/lib/imu_visualization/imu_to_euler.py -> /home/yunusdanabas/as_robotics/microros_ws/install/imu_visualization/lib/python3.12/site-packages/imu_visualization
[2.446s] byte-compiling /home/yunusdanabas/as_robotics/microros_ws/install/imu_visualization/lib/python3.12/site-packages/imu_visualization/imu_to_euler.py to imu_to_euler.cpython-312.pyc
[2.450s] running install_data
[2.451s] copying resource/imu_visualization -> /home/yunusdanabas/as_robotics/microros_ws/install/imu_visualization/share/ament_index/resource_index/packages
[2.454s] copying package.xml -> /home/yunusdanabas/as_robotics/microros_ws/install/imu_visualization/share/imu_visualization
[2.457s] copying launch/imu_visualization.launch.py -> /home/yunusdanabas/as_robotics/microros_ws/install/imu_visualization/share/imu_visualization/launch
[2.458s] copying rviz/imu_view.rviz -> /home/yunusdanabas/as_robotics/microros_ws/install/imu_visualization/share/imu_visualization/rviz
[2.458s] running install_egg_info
[2.541s] removing '/home/yunusdanabas/as_robotics/microros_ws/install/imu_visualization/lib/python3.12/site-packages/imu_visualization-0.0.0-py3.12.egg-info' (and everything under it)
[2.541s] Copying ../../build/imu_visualization/imu_visualization.egg-info to /home/yunusdanabas/as_robotics/microros_ws/install/imu_visualization/lib/python3.12/site-packages/imu_visualization-0.0.0-py3.12.egg-info
[2.543s] running install_scripts
[2.789s] Installing imu_tf_broadcaster script to /home/yunusdanabas/as_robotics/microros_ws/install/imu_visualization/lib/imu_visualization
[2.789s] Installing imu_to_euler script to /home/yunusdanabas/as_robotics/microros_ws/install/imu_visualization/lib/imu_visualization
[2.790s] writing list of installed files to '/home/yunusdanabas/as_robotics/microros_ws/build/imu_visualization/install.log'
[2.849s] Invoked command in '/home/yunusdanabas/as_robotics/microros_ws/src/imu_visualization' returned '0': CONDA_PROMPT_MODIFIER=(base) DEBUGINFOD_URLS=https://debuginfod.ubuntu.com PYTHONPATH=/home/yunusdanabas/as_robotics/microros_ws/build/imu_visualization/prefix_override:/home/yunusdanabas/mambaforge/lib/python3.12/site-packages/colcon_core/task/python/colcon_distutils_commands:/home/yunusdanabas/as_robotics/microros_ws/install/imu_visualization/lib/python3.12/site-packages:${PYTHONPATH} /home/yunusdanabas/mambaforge/bin/python3 -W ignore:setup.py install is deprecated -W ignore:easy_install command is deprecated setup.py egg_info --egg-base ../../build/imu_visualization build --build-base /home/yunusdanabas/as_robotics/microros_ws/build/imu_visualization/build install --record /home/yunusdanabas/as_robotics/microros_ws/build/imu_visualization/install.log --single-version-externally-managed install_data
