[1.285s] Invoking command in '/home/yunusdanabas/as_robotics/microros_ws/src/imu_visualization': DEBUGINFOD_URLS=https://debuginfod.ubuntu.com PYTHONPATH=/home/yunusdanabas/as_robotics/microros_ws/build/imu_visualization/prefix_override:/usr/lib/python3/dist-packages/colcon_core/task/python/colcon_distutils_commands:/home/yunusdanabas/as_robotics/microros_ws/install/imu_visualization/lib/python3.12/site-packages:${PYTHONPATH} /usr/bin/python3 -W ignore:setup.py install is deprecated -W ignore:easy_install command is deprecated setup.py egg_info --egg-base ../../build/imu_visualization build --build-base /home/yunusdanabas/as_robotics/microros_ws/build/imu_visualization/build install --record /home/yunusdanabas/as_robotics/microros_ws/build/imu_visualization/install.log --single-version-externally-managed install_data
[1.707s] running egg_info
[1.739s] writing ../../build/imu_visualization/imu_visualization.egg-info/PKG-INFO
[1.740s] writing dependency_links to ../../build/imu_visualization/imu_visualization.egg-info/dependency_links.txt
[1.740s] writing entry points to ../../build/imu_visualization/imu_visualization.egg-info/entry_points.txt
[1.740s] writing requirements to ../../build/imu_visualization/imu_visualization.egg-info/requires.txt
[1.740s] writing top-level names to ../../build/imu_visualization/imu_visualization.egg-info/top_level.txt
[1.808s] reading manifest file '../../build/imu_visualization/imu_visualization.egg-info/SOURCES.txt'
[1.809s] writing manifest file '../../build/imu_visualization/imu_visualization.egg-info/SOURCES.txt'
[1.809s] running build
[1.809s] running build_py
[1.810s] copying imu_visualization/imu_to_euler.py -> /home/yunusdanabas/as_robotics/microros_ws/build/imu_visualization/build/lib/imu_visualization
[1.810s] running install
[1.817s] running install_lib
[1.866s] copying /home/yunusdanabas/as_robotics/microros_ws/build/imu_visualization/build/lib/imu_visualization/imu_to_euler.py -> /home/yunusdanabas/as_robotics/microros_ws/install/imu_visualization/lib/python3.12/site-packages/imu_visualization
[1.866s] byte-compiling /home/yunusdanabas/as_robotics/microros_ws/install/imu_visualization/lib/python3.12/site-packages/imu_visualization/imu_to_euler.py to imu_to_euler.cpython-312.pyc
[1.869s] running install_data
[1.869s] copying launch/imu_visualization.launch.py -> /home/yunusdanabas/as_robotics/microros_ws/install/imu_visualization/share/imu_visualization/launch
[1.869s] running install_egg_info
[1.912s] removing '/home/yunusdanabas/as_robotics/microros_ws/install/imu_visualization/lib/python3.12/site-packages/imu_visualization-0.0.0-py3.12.egg-info' (and everything under it)
[1.912s] Copying ../../build/imu_visualization/imu_visualization.egg-info to /home/yunusdanabas/as_robotics/microros_ws/install/imu_visualization/lib/python3.12/site-packages/imu_visualization-0.0.0-py3.12.egg-info
[1.913s] running install_scripts
[2.126s] Installing imu_tf_broadcaster script to /home/yunusdanabas/as_robotics/microros_ws/install/imu_visualization/lib/imu_visualization
[2.126s] Installing imu_to_euler script to /home/yunusdanabas/as_robotics/microros_ws/install/imu_visualization/lib/imu_visualization
[2.127s] writing list of installed files to '/home/yunusdanabas/as_robotics/microros_ws/build/imu_visualization/install.log'
[2.159s] Invoked command in '/home/yunusdanabas/as_robotics/microros_ws/src/imu_visualization' returned '0': DEBUGINFOD_URLS=https://debuginfod.ubuntu.com PYTHONPATH=/home/yunusdanabas/as_robotics/microros_ws/build/imu_visualization/prefix_override:/usr/lib/python3/dist-packages/colcon_core/task/python/colcon_distutils_commands:/home/yunusdanabas/as_robotics/microros_ws/install/imu_visualization/lib/python3.12/site-packages:${PYTHONPATH} /usr/bin/python3 -W ignore:setup.py install is deprecated -W ignore:easy_install command is deprecated setup.py egg_info --egg-base ../../build/imu_visualization build --build-base /home/yunusdanabas/as_robotics/microros_ws/build/imu_visualization/build install --record /home/yunusdanabas/as_robotics/microros_ws/build/imu_visualization/install.log --single-version-externally-managed install_data
