[0.000000] (-) TimerEvent: {}
[0.000138] (micro_ros_setup) JobQueued: {'identifier': 'micro_ros_setup', 'dependencies': OrderedDict()}
[0.000228] (micro_ros_setup) JobStarted: {'identifier': 'micro_ros_setup'}
[0.031481] (micro_ros_setup) JobProgress: {'identifier': 'micro_ros_setup', 'progress': 'cmake'}
[0.032187] (micro_ros_setup) Command: {'cmd': ['/usr/bin/cmake', '/home/yunusdanabas/as_robotics/microros_ws/src/micro_ros_setup', '-DCMAKE_INSTALL_PREFIX=/home/yunusdanabas/as_robotics/microros_ws/install/micro_ros_setup'], 'cwd': '/home/yunusdanabas/as_robotics/microros_ws/build/micro_ros_setup', 'env': OrderedDict({'GJS_DEBUG_TOPICS': 'JS ERROR;JS LOG', 'LESSOPEN': '| /usr/bin/lesspipe %s', 'VSCODE_CWD': '/home/yunusdanabas', 'VSCODE_ESM_ENTRYPOINT': 'vs/workbench/api/node/extensionHostProcess', 'CONDA_PROMPT_MODIFIER': '(base)', 'GZ_SIM_RESOURCE_PATH': '/opt/ros/jazzy/share', 'USER': 'yunusdanabas', 'LC_TIME': 'tr_TR.UTF-8', 'VSCODE_NLS_CONFIG': '{"userLocale":"en-us","osLocale":"en-us","resolvedLanguage":"en","defaultMessagesFile":"/usr/share/cursor/resources/app/out/nls.messages.json","locale":"en-us","availableLanguages":{}}', 'GZ_CONFIG_PATH': '/opt/ros/jazzy/opt/gz_sim_vendor/share/gz:/opt/ros/jazzy/opt/sdformat_vendor/share/gz:/opt/ros/jazzy/opt/gz_gui_vendor/share/gz:/opt/ros/jazzy/opt/gz_transport_vendor/share/gz:/opt/ros/jazzy/opt/gz_rendering_vendor/share/gz:/opt/ros/jazzy/opt/gz_plugin_vendor/share/gz:/opt/ros/jazzy/opt/gz_fuel_tools_vendor/share/gz:/opt/ros/jazzy/opt/gz_msgs_vendor/share/gz:/opt/ros/jazzy/opt/gz_common_vendor/share/gz', 'VSCODE_HANDLES_UNCAUGHT_ERRORS': 'true', 'XDG_SESSION_TYPE': 'wayland', 'CLUTTER_DISABLE_MIPMAPPED_TEXT': '1', 'SHLVL': '1', 'LD_LIBRARY_PATH': '/opt/ros/jazzy/opt/gz_sim_vendor/lib:/opt/ros/jazzy/opt/gz_sensors_vendor/lib:/opt/ros/jazzy/opt/gz_physics_vendor/lib:/opt/ros/jazzy/opt/sdformat_vendor/lib:/opt/ros/jazzy/opt/rviz_ogre_vendor/lib:/opt/ros/jazzy/lib/x86_64-linux-gnu:/opt/ros/jazzy/opt/gz_gui_vendor/lib:/opt/ros/jazzy/opt/gz_transport_vendor/lib:/opt/ros/jazzy/opt/gz_rendering_vendor/lib:/opt/ros/jazzy/opt/gz_plugin_vendor/lib:/opt/ros/jazzy/opt/gz_fuel_tools_vendor/lib:/opt/ros/jazzy/opt/gz_msgs_vendor/lib:/opt/ros/jazzy/opt/gz_common_vendor/lib:/opt/ros/jazzy/opt/gz_math_vendor/lib:/opt/ros/jazzy/opt/gz_utils_vendor/lib:/opt/ros/jazzy/opt/gz_tools_vendor/lib:/opt/ros/jazzy/opt/gz_ogre_next_vendor/lib:/opt/ros/jazzy/opt/gz_dartsim_vendor/lib:/opt/ros/jazzy/opt/gz_cmake_vendor/lib:/opt/ros/jazzy/lib', 'HOME': '/home/yunusdanabas', 'CHROME_DESKTOP': 'cursor.desktop', 'CONDA_SHLVL': '1', 'OLDPWD': '/home/yunusdanabas/as_robotics/microros_ws', 'DESKTOP_SESSION': 'ubuntu', 'NVM_BIN': '/home/yunusdanabas/.nvm/versions/node/v22.17.1/bin', 'NVM_INC': '/home/yunusdanabas/.nvm/versions/node/v22.17.1/include/node', 'VSCODE_IPC_HOOK': '/run/user/1000/vscode-baea8b7b-2.0.-main.sock', 'GIO_LAUNCHED_DESKTOP_FILE': '/usr/share/applications/cursor.desktop', 'APPLICATION_INSIGHTS_NO_DIAGNOSTIC_CHANNEL': '1', 'ROS_PYTHON_VERSION': '3', 'GNOME_SHELL_SESSION_MODE': 'ubuntu', 'GTK_MODULES': 'gail:atk-bridge', 'LC_MONETARY': 'tr_TR.UTF-8', 'MANAGERPID': '2697', 'SYSTEMD_EXEC_PID': '3002', 'IM_CONFIG_CHECK_ENV': '1', 'GSM_SKIP_SSH_AGENT_WORKAROUND': 'true', 'NO_COLOR': '1', 'DBUS_SESSION_BUS_ADDRESS': 'unix:path=/run/user/1000/bus', 'GIO_LAUNCHED_DESKTOP_FILE_PID': '51617', 'NVM_DIR': '/home/yunusdanabas/.nvm', 'VSCODE_CRASH_REPORTER_PROCESS_TYPE': 'extensionHost', 'DEBUGINFOD_URLS': 'https://debuginfod.ubuntu.com', 'IM_CONFIG_PHASE': '1', 'WAYLAND_DISPLAY': 'wayland-0', 'COLCON_PREFIX_PATH': '/home/yunusdanabas/ros_ws/install', 'ROS_DISTRO': 'jazzy', 'LOGNAME': 'yunusdanabas', 'FORCE_COLOR': '0', 'JOURNAL_STREAM': '8:24920', '_': '/usr/bin/colcon', 'ROS_VERSION': '2', 'MEMORY_PRESSURE_WATCH': '/sys/fs/cgroup/user.slice/user-1000.slice/user@1000.service/session.slice/org.gnome.Shell@wayland.service/memory.pressure', 'XDG_SESSION_CLASS': 'user', 'APPLICATIONINSIGHTS_CONFIGURATION_CONTENT': '{}', 'USERNAME': 'yunusdanabas', 'TERM': 'dumb', 'GNOME_DESKTOP_SESSION_ID': 'this-is-deprecated', 'COMPOSER_NO_INTERACTION': '1', 'PATH': '/home/yunusdanabas/.local/bin:/home/yunusdanabas/.local/bin:/home/yunusdanabas/.gem/bin:/home/yunusdanabas/mamba/bin:/home/yunusdanabas/.local/bin:/home/yunusdanabas/.nvm/versions/node/v22.17.1/bin:/home/yunusdanabas/.gem/bin:/opt/ros/jazzy/opt/gz_msgs_vendor/bin:/opt/ros/jazzy/opt/gz_tools_vendor/bin:/opt/ros/jazzy/opt/gz_ogre_next_vendor/bin:/opt/ros/jazzy/bin:/home/yunusdanabas/mambaforge/bin:/home/yunusdanabas/mambaforge/condabin:/home/yunusdanabas/mamba/bin:/usr/local/sbin:/usr/local/bin:/usr/sbin:/usr/bin:/sbin:/bin:/usr/games:/usr/local/games:/snap/bin:/snap/bin', 'SESSION_MANAGER': 'local/yunusdanabas:@/tmp/.ICE-unix/2967,unix/yunusdanabas:/tmp/.ICE-unix/2967', 'INVOCATION_ID': '57581e4b92054fe4a9a17148b57720c6', 'XDG_MENU_PREFIX': 'gnome-', 'LC_ADDRESS': 'tr_TR.UTF-8', 'VSCODE_PROCESS_TITLE': 'extension-host  [1-1]', 'GNOME_SETUP_DISPLAY': ':1', 'XDG_RUNTIME_DIR': '/run/user/1000', 'GDK_BACKEND': 'x11', 'MAMBA_ROOT_PREFIX': '/home/yunusdanabas/mambaforge', 'CURSOR_AGENT': '1', 'DISPLAY': ':0', 'LANG': 'en_US.UTF-8', 'XDG_CURRENT_DESKTOP': 'Unity', 'LC_TELEPHONE': 'tr_TR.UTF-8', 'XMODIFIERS': '@im=ibus', 'XDG_SESSION_DESKTOP': 'ubuntu', 'XAUTHORITY': '/run/user/1000/.mutter-Xwaylandauth.8ZYKF3', 'LS_COLORS': '', 'SBX_CHROME_API_RQ': '1', 'CURSOR_TRACE_ID': 'd6e3589b80e34e24af74d6fdb6238dc8', 'SSH_AUTH_SOCK': '/run/user/1000/keyring/ssh', 'XML_CATALOG_FILES': 'file:///home/yunusdanabas/mambaforge/etc/xml/catalog file:///etc/xml/catalog', 'AMENT_PREFIX_PATH': '/opt/ros/jazzy', 'CONDA_PYTHON_EXE': '/home/yunusdanabas/mambaforge/bin/python', 'ORIGINAL_XDG_CURRENT_DESKTOP': 'ubuntu:GNOME', 'SHELL': '/bin/bash', 'LC_NAME': 'tr_TR.UTF-8', 'QT_ACCESSIBILITY': '1', 'GDMSESSION': 'ubuntu', 'GEM_HOME': '/home/yunusdanabas/.gem', 'LESSCLOSE': '/usr/bin/lesspipe %s %s', 'CONDA_DEFAULT_ENV': 'base', 'LC_MEASUREMENT': 'tr_TR.UTF-8', 'GJS_DEBUG_OUTPUT': 'stderr', 'MAMBA_EXE': '/home/yunusdanabas/mambaforge/bin/mamba', 'LC_IDENTIFICATION': 'tr_TR.UTF-8', 'ROS_AUTOMATIC_DISCOVERY_RANGE': 'SUBNET', 'QT_IM_MODULE': 'ibus', 'PWD': '/home/yunusdanabas/as_robotics/microros_ws/build/micro_ros_setup', 'XDG_CONFIG_DIRS': '/etc/xdg/xdg-ubuntu:/etc/xdg', 'CONDA_EXE': '/home/yunusdanabas/mambaforge/bin/conda', 'VSCODE_CODE_CACHE_PATH': '/home/yunusdanabas/.config/Cursor/CachedData/25412918da7e74b2686b25d62da1f01cfcd27680', 'NVM_CD_FLAGS': '', 'XDG_DATA_DIRS': '/usr/share/ubuntu:/usr/share/gnome:/usr/local/share/:/usr/share/:/var/lib/snapd/desktop', 'PYTHONPATH': '/opt/ros/jazzy/lib/python3.12/site-packages', 'LC_NUMERIC': 'tr_TR.UTF-8', 'CONDA_PREFIX': '/home/yunusdanabas/mambaforge', 'LC_PAPER': 'tr_TR.UTF-8', 'COLCON': '1', 'MEMORY_PRESSURE_WRITE': 'c29tZSAyMDAwMDAgMjAwMDAwMAA=', 'CMAKE_PREFIX_PATH': '/opt/ros/jazzy/opt/gz_sim_vendor:/opt/ros/jazzy/opt/gz_sensors_vendor:/opt/ros/jazzy/opt/gz_physics_vendor:/opt/ros/jazzy/opt/sdformat_vendor:/opt/ros/jazzy/opt/gz_gui_vendor:/opt/ros/jazzy/opt/gz_transport_vendor:/opt/ros/jazzy/opt/gz_rendering_vendor:/opt/ros/jazzy/opt/gz_plugin_vendor:/opt/ros/jazzy/opt/gz_fuel_tools_vendor:/opt/ros/jazzy/opt/gz_msgs_vendor:/opt/ros/jazzy/opt/gz_common_vendor:/opt/ros/jazzy/opt/gz_math_vendor:/opt/ros/jazzy/opt/gz_utils_vendor:/opt/ros/jazzy/opt/gz_tools_vendor:/opt/ros/jazzy/opt/gz_ogre_next_vendor:/opt/ros/jazzy/opt/gz_dartsim_vendor:/opt/ros/jazzy/opt/gz_cmake_vendor:/opt/ros/jazzy', 'VSCODE_PID': '51617'}), 'shell': False}
[0.098906] (-) TimerEvent: {}
[0.182181] (micro_ros_setup) StdoutLine: {'line': b'-- The C compiler identification is GNU 13.3.0\n'}
[0.199041] (-) TimerEvent: {}
[0.299305] (-) TimerEvent: {}
[0.328820] (micro_ros_setup) StdoutLine: {'line': b'-- The CXX compiler identification is GNU 13.3.0\n'}
[0.371942] (micro_ros_setup) StdoutLine: {'line': b'-- Detecting C compiler ABI info\n'}
[0.399440] (-) TimerEvent: {}
[0.499635] (-) TimerEvent: {}
[0.591830] (micro_ros_setup) StdoutLine: {'line': b'-- Detecting C compiler ABI info - done\n'}
[0.599774] (-) TimerEvent: {}
[0.615770] (micro_ros_setup) StdoutLine: {'line': b'-- Check for working C compiler: /usr/bin/cc - skipped\n'}
[0.616137] (micro_ros_setup) StdoutLine: {'line': b'-- Detecting C compile features\n'}
[0.616836] (micro_ros_setup) StdoutLine: {'line': b'-- Detecting C compile features - done\n'}
[0.642364] (micro_ros_setup) StdoutLine: {'line': b'-- Detecting CXX compiler ABI info\n'}
[0.699924] (-) TimerEvent: {}
[0.800137] (-) TimerEvent: {}
[0.900892] (-) TimerEvent: {}
[0.927596] (micro_ros_setup) StdoutLine: {'line': b'-- Detecting CXX compiler ABI info - done\n'}
[0.949644] (micro_ros_setup) StdoutLine: {'line': b'-- Check for working CXX compiler: /usr/bin/c++ - skipped\n'}
[0.950028] (micro_ros_setup) StdoutLine: {'line': b'-- Detecting CXX compile features\n'}
[0.951245] (micro_ros_setup) StdoutLine: {'line': b'-- Detecting CXX compile features - done\n'}
[0.972554] (micro_ros_setup) StdoutLine: {'line': b'-- Found ament_cmake: 2.5.4 (/opt/ros/jazzy/share/ament_cmake/cmake)\n'}
[1.001111] (-) TimerEvent: {}
[1.101629] (-) TimerEvent: {}
[1.202226] (-) TimerEvent: {}
[1.301005] (micro_ros_setup) StdoutLine: {'line': b'-- Found Python3: /home/yunusdanabas/mambaforge/bin/python3 (found version "3.12.11") found components: Interpreter \n'}
[1.302344] (-) TimerEvent: {}
[1.402805] (-) TimerEvent: {}
[1.504528] (-) TimerEvent: {}
[1.605202] (-) TimerEvent: {}
[1.680405] (micro_ros_setup) StdoutLine: {'line': b'-- Found ament_lint_auto: 0.17.3 (/opt/ros/jazzy/share/ament_lint_auto/cmake)\n'}
[1.705483] (-) TimerEvent: {}
[1.805961] (-) TimerEvent: {}
[1.906383] (-) TimerEvent: {}
[1.945295] (micro_ros_setup) StdoutLine: {'line': b'-- Configuring done (1.9s)\n'}
[1.949855] (micro_ros_setup) StdoutLine: {'line': b'-- Generating done (0.0s)\n'}
[1.956879] (micro_ros_setup) StdoutLine: {'line': b'-- Build files have been written to: /home/yunusdanabas/as_robotics/microros_ws/build/micro_ros_setup\n'}
[1.972337] (micro_ros_setup) CommandEnded: {'returncode': 0}
[1.973734] (micro_ros_setup) JobProgress: {'identifier': 'micro_ros_setup', 'progress': 'build'}
[1.975542] (micro_ros_setup) Command: {'cmd': ['/usr/bin/cmake', '--build', '/home/yunusdanabas/as_robotics/microros_ws/build/micro_ros_setup', '--', '-j8', '-l8'], 'cwd': '/home/yunusdanabas/as_robotics/microros_ws/build/micro_ros_setup', 'env': OrderedDict({'GJS_DEBUG_TOPICS': 'JS ERROR;JS LOG', 'LESSOPEN': '| /usr/bin/lesspipe %s', 'VSCODE_CWD': '/home/yunusdanabas', 'VSCODE_ESM_ENTRYPOINT': 'vs/workbench/api/node/extensionHostProcess', 'CONDA_PROMPT_MODIFIER': '(base)', 'GZ_SIM_RESOURCE_PATH': '/opt/ros/jazzy/share', 'USER': 'yunusdanabas', 'LC_TIME': 'tr_TR.UTF-8', 'VSCODE_NLS_CONFIG': '{"userLocale":"en-us","osLocale":"en-us","resolvedLanguage":"en","defaultMessagesFile":"/usr/share/cursor/resources/app/out/nls.messages.json","locale":"en-us","availableLanguages":{}}', 'GZ_CONFIG_PATH': '/opt/ros/jazzy/opt/gz_sim_vendor/share/gz:/opt/ros/jazzy/opt/sdformat_vendor/share/gz:/opt/ros/jazzy/opt/gz_gui_vendor/share/gz:/opt/ros/jazzy/opt/gz_transport_vendor/share/gz:/opt/ros/jazzy/opt/gz_rendering_vendor/share/gz:/opt/ros/jazzy/opt/gz_plugin_vendor/share/gz:/opt/ros/jazzy/opt/gz_fuel_tools_vendor/share/gz:/opt/ros/jazzy/opt/gz_msgs_vendor/share/gz:/opt/ros/jazzy/opt/gz_common_vendor/share/gz', 'VSCODE_HANDLES_UNCAUGHT_ERRORS': 'true', 'XDG_SESSION_TYPE': 'wayland', 'CLUTTER_DISABLE_MIPMAPPED_TEXT': '1', 'SHLVL': '1', 'LD_LIBRARY_PATH': '/opt/ros/jazzy/opt/gz_sim_vendor/lib:/opt/ros/jazzy/opt/gz_sensors_vendor/lib:/opt/ros/jazzy/opt/gz_physics_vendor/lib:/opt/ros/jazzy/opt/sdformat_vendor/lib:/opt/ros/jazzy/opt/rviz_ogre_vendor/lib:/opt/ros/jazzy/lib/x86_64-linux-gnu:/opt/ros/jazzy/opt/gz_gui_vendor/lib:/opt/ros/jazzy/opt/gz_transport_vendor/lib:/opt/ros/jazzy/opt/gz_rendering_vendor/lib:/opt/ros/jazzy/opt/gz_plugin_vendor/lib:/opt/ros/jazzy/opt/gz_fuel_tools_vendor/lib:/opt/ros/jazzy/opt/gz_msgs_vendor/lib:/opt/ros/jazzy/opt/gz_common_vendor/lib:/opt/ros/jazzy/opt/gz_math_vendor/lib:/opt/ros/jazzy/opt/gz_utils_vendor/lib:/opt/ros/jazzy/opt/gz_tools_vendor/lib:/opt/ros/jazzy/opt/gz_ogre_next_vendor/lib:/opt/ros/jazzy/opt/gz_dartsim_vendor/lib:/opt/ros/jazzy/opt/gz_cmake_vendor/lib:/opt/ros/jazzy/lib', 'HOME': '/home/yunusdanabas', 'CHROME_DESKTOP': 'cursor.desktop', 'CONDA_SHLVL': '1', 'OLDPWD': '/home/yunusdanabas/as_robotics/microros_ws', 'DESKTOP_SESSION': 'ubuntu', 'NVM_BIN': '/home/yunusdanabas/.nvm/versions/node/v22.17.1/bin', 'NVM_INC': '/home/yunusdanabas/.nvm/versions/node/v22.17.1/include/node', 'VSCODE_IPC_HOOK': '/run/user/1000/vscode-baea8b7b-2.0.-main.sock', 'GIO_LAUNCHED_DESKTOP_FILE': '/usr/share/applications/cursor.desktop', 'APPLICATION_INSIGHTS_NO_DIAGNOSTIC_CHANNEL': '1', 'ROS_PYTHON_VERSION': '3', 'GNOME_SHELL_SESSION_MODE': 'ubuntu', 'GTK_MODULES': 'gail:atk-bridge', 'LC_MONETARY': 'tr_TR.UTF-8', 'MANAGERPID': '2697', 'SYSTEMD_EXEC_PID': '3002', 'IM_CONFIG_CHECK_ENV': '1', 'GSM_SKIP_SSH_AGENT_WORKAROUND': 'true', 'NO_COLOR': '1', 'DBUS_SESSION_BUS_ADDRESS': 'unix:path=/run/user/1000/bus', 'GIO_LAUNCHED_DESKTOP_FILE_PID': '51617', 'NVM_DIR': '/home/yunusdanabas/.nvm', 'VSCODE_CRASH_REPORTER_PROCESS_TYPE': 'extensionHost', 'DEBUGINFOD_URLS': 'https://debuginfod.ubuntu.com', 'IM_CONFIG_PHASE': '1', 'WAYLAND_DISPLAY': 'wayland-0', 'COLCON_PREFIX_PATH': '/home/yunusdanabas/ros_ws/install', 'ROS_DISTRO': 'jazzy', 'LOGNAME': 'yunusdanabas', 'FORCE_COLOR': '0', 'JOURNAL_STREAM': '8:24920', '_': '/usr/bin/colcon', 'ROS_VERSION': '2', 'MEMORY_PRESSURE_WATCH': '/sys/fs/cgroup/user.slice/user-1000.slice/user@1000.service/session.slice/org.gnome.Shell@wayland.service/memory.pressure', 'XDG_SESSION_CLASS': 'user', 'APPLICATIONINSIGHTS_CONFIGURATION_CONTENT': '{}', 'USERNAME': 'yunusdanabas', 'TERM': 'dumb', 'GNOME_DESKTOP_SESSION_ID': 'this-is-deprecated', 'COMPOSER_NO_INTERACTION': '1', 'PATH': '/home/yunusdanabas/.local/bin:/home/yunusdanabas/.local/bin:/home/yunusdanabas/.gem/bin:/home/yunusdanabas/mamba/bin:/home/yunusdanabas/.local/bin:/home/yunusdanabas/.nvm/versions/node/v22.17.1/bin:/home/yunusdanabas/.gem/bin:/opt/ros/jazzy/opt/gz_msgs_vendor/bin:/opt/ros/jazzy/opt/gz_tools_vendor/bin:/opt/ros/jazzy/opt/gz_ogre_next_vendor/bin:/opt/ros/jazzy/bin:/home/yunusdanabas/mambaforge/bin:/home/yunusdanabas/mambaforge/condabin:/home/yunusdanabas/mamba/bin:/usr/local/sbin:/usr/local/bin:/usr/sbin:/usr/bin:/sbin:/bin:/usr/games:/usr/local/games:/snap/bin:/snap/bin', 'SESSION_MANAGER': 'local/yunusdanabas:@/tmp/.ICE-unix/2967,unix/yunusdanabas:/tmp/.ICE-unix/2967', 'INVOCATION_ID': '57581e4b92054fe4a9a17148b57720c6', 'XDG_MENU_PREFIX': 'gnome-', 'LC_ADDRESS': 'tr_TR.UTF-8', 'VSCODE_PROCESS_TITLE': 'extension-host  [1-1]', 'GNOME_SETUP_DISPLAY': ':1', 'XDG_RUNTIME_DIR': '/run/user/1000', 'GDK_BACKEND': 'x11', 'MAMBA_ROOT_PREFIX': '/home/yunusdanabas/mambaforge', 'CURSOR_AGENT': '1', 'DISPLAY': ':0', 'LANG': 'en_US.UTF-8', 'XDG_CURRENT_DESKTOP': 'Unity', 'LC_TELEPHONE': 'tr_TR.UTF-8', 'XMODIFIERS': '@im=ibus', 'XDG_SESSION_DESKTOP': 'ubuntu', 'XAUTHORITY': '/run/user/1000/.mutter-Xwaylandauth.8ZYKF3', 'LS_COLORS': '', 'SBX_CHROME_API_RQ': '1', 'CURSOR_TRACE_ID': 'd6e3589b80e34e24af74d6fdb6238dc8', 'SSH_AUTH_SOCK': '/run/user/1000/keyring/ssh', 'XML_CATALOG_FILES': 'file:///home/yunusdanabas/mambaforge/etc/xml/catalog file:///etc/xml/catalog', 'AMENT_PREFIX_PATH': '/opt/ros/jazzy', 'CONDA_PYTHON_EXE': '/home/yunusdanabas/mambaforge/bin/python', 'ORIGINAL_XDG_CURRENT_DESKTOP': 'ubuntu:GNOME', 'SHELL': '/bin/bash', 'LC_NAME': 'tr_TR.UTF-8', 'QT_ACCESSIBILITY': '1', 'GDMSESSION': 'ubuntu', 'GEM_HOME': '/home/yunusdanabas/.gem', 'LESSCLOSE': '/usr/bin/lesspipe %s %s', 'CONDA_DEFAULT_ENV': 'base', 'LC_MEASUREMENT': 'tr_TR.UTF-8', 'GJS_DEBUG_OUTPUT': 'stderr', 'MAMBA_EXE': '/home/yunusdanabas/mambaforge/bin/mamba', 'LC_IDENTIFICATION': 'tr_TR.UTF-8', 'ROS_AUTOMATIC_DISCOVERY_RANGE': 'SUBNET', 'QT_IM_MODULE': 'ibus', 'PWD': '/home/yunusdanabas/as_robotics/microros_ws/build/micro_ros_setup', 'XDG_CONFIG_DIRS': '/etc/xdg/xdg-ubuntu:/etc/xdg', 'CONDA_EXE': '/home/yunusdanabas/mambaforge/bin/conda', 'VSCODE_CODE_CACHE_PATH': '/home/yunusdanabas/.config/Cursor/CachedData/25412918da7e74b2686b25d62da1f01cfcd27680', 'NVM_CD_FLAGS': '', 'XDG_DATA_DIRS': '/usr/share/ubuntu:/usr/share/gnome:/usr/local/share/:/usr/share/:/var/lib/snapd/desktop', 'PYTHONPATH': '/opt/ros/jazzy/lib/python3.12/site-packages', 'LC_NUMERIC': 'tr_TR.UTF-8', 'CONDA_PREFIX': '/home/yunusdanabas/mambaforge', 'LC_PAPER': 'tr_TR.UTF-8', 'COLCON': '1', 'MEMORY_PRESSURE_WRITE': 'c29tZSAyMDAwMDAgMjAwMDAwMAA=', 'CMAKE_PREFIX_PATH': '/opt/ros/jazzy/opt/gz_sim_vendor:/opt/ros/jazzy/opt/gz_sensors_vendor:/opt/ros/jazzy/opt/gz_physics_vendor:/opt/ros/jazzy/opt/sdformat_vendor:/opt/ros/jazzy/opt/gz_gui_vendor:/opt/ros/jazzy/opt/gz_transport_vendor:/opt/ros/jazzy/opt/gz_rendering_vendor:/opt/ros/jazzy/opt/gz_plugin_vendor:/opt/ros/jazzy/opt/gz_fuel_tools_vendor:/opt/ros/jazzy/opt/gz_msgs_vendor:/opt/ros/jazzy/opt/gz_common_vendor:/opt/ros/jazzy/opt/gz_math_vendor:/opt/ros/jazzy/opt/gz_utils_vendor:/opt/ros/jazzy/opt/gz_tools_vendor:/opt/ros/jazzy/opt/gz_ogre_next_vendor:/opt/ros/jazzy/opt/gz_dartsim_vendor:/opt/ros/jazzy/opt/gz_cmake_vendor:/opt/ros/jazzy', 'VSCODE_PID': '51617'}), 'shell': False}
[2.006555] (-) TimerEvent: {}
[2.080402] (micro_ros_setup) CommandEnded: {'returncode': 0}
[2.081577] (micro_ros_setup) JobProgress: {'identifier': 'micro_ros_setup', 'progress': 'install'}
[2.106853] (-) TimerEvent: {}
[2.109540] (micro_ros_setup) Command: {'cmd': ['/usr/bin/cmake', '--install', '/home/yunusdanabas/as_robotics/microros_ws/build/micro_ros_setup'], 'cwd': '/home/yunusdanabas/as_robotics/microros_ws/build/micro_ros_setup', 'env': OrderedDict({'GJS_DEBUG_TOPICS': 'JS ERROR;JS LOG', 'LESSOPEN': '| /usr/bin/lesspipe %s', 'VSCODE_CWD': '/home/yunusdanabas', 'VSCODE_ESM_ENTRYPOINT': 'vs/workbench/api/node/extensionHostProcess', 'CONDA_PROMPT_MODIFIER': '(base)', 'GZ_SIM_RESOURCE_PATH': '/opt/ros/jazzy/share', 'USER': 'yunusdanabas', 'LC_TIME': 'tr_TR.UTF-8', 'VSCODE_NLS_CONFIG': '{"userLocale":"en-us","osLocale":"en-us","resolvedLanguage":"en","defaultMessagesFile":"/usr/share/cursor/resources/app/out/nls.messages.json","locale":"en-us","availableLanguages":{}}', 'GZ_CONFIG_PATH': '/opt/ros/jazzy/opt/gz_sim_vendor/share/gz:/opt/ros/jazzy/opt/sdformat_vendor/share/gz:/opt/ros/jazzy/opt/gz_gui_vendor/share/gz:/opt/ros/jazzy/opt/gz_transport_vendor/share/gz:/opt/ros/jazzy/opt/gz_rendering_vendor/share/gz:/opt/ros/jazzy/opt/gz_plugin_vendor/share/gz:/opt/ros/jazzy/opt/gz_fuel_tools_vendor/share/gz:/opt/ros/jazzy/opt/gz_msgs_vendor/share/gz:/opt/ros/jazzy/opt/gz_common_vendor/share/gz', 'VSCODE_HANDLES_UNCAUGHT_ERRORS': 'true', 'XDG_SESSION_TYPE': 'wayland', 'CLUTTER_DISABLE_MIPMAPPED_TEXT': '1', 'SHLVL': '1', 'LD_LIBRARY_PATH': '/opt/ros/jazzy/opt/gz_sim_vendor/lib:/opt/ros/jazzy/opt/gz_sensors_vendor/lib:/opt/ros/jazzy/opt/gz_physics_vendor/lib:/opt/ros/jazzy/opt/sdformat_vendor/lib:/opt/ros/jazzy/opt/rviz_ogre_vendor/lib:/opt/ros/jazzy/lib/x86_64-linux-gnu:/opt/ros/jazzy/opt/gz_gui_vendor/lib:/opt/ros/jazzy/opt/gz_transport_vendor/lib:/opt/ros/jazzy/opt/gz_rendering_vendor/lib:/opt/ros/jazzy/opt/gz_plugin_vendor/lib:/opt/ros/jazzy/opt/gz_fuel_tools_vendor/lib:/opt/ros/jazzy/opt/gz_msgs_vendor/lib:/opt/ros/jazzy/opt/gz_common_vendor/lib:/opt/ros/jazzy/opt/gz_math_vendor/lib:/opt/ros/jazzy/opt/gz_utils_vendor/lib:/opt/ros/jazzy/opt/gz_tools_vendor/lib:/opt/ros/jazzy/opt/gz_ogre_next_vendor/lib:/opt/ros/jazzy/opt/gz_dartsim_vendor/lib:/opt/ros/jazzy/opt/gz_cmake_vendor/lib:/opt/ros/jazzy/lib', 'HOME': '/home/yunusdanabas', 'CHROME_DESKTOP': 'cursor.desktop', 'CONDA_SHLVL': '1', 'OLDPWD': '/home/yunusdanabas/as_robotics/microros_ws', 'DESKTOP_SESSION': 'ubuntu', 'NVM_BIN': '/home/yunusdanabas/.nvm/versions/node/v22.17.1/bin', 'NVM_INC': '/home/yunusdanabas/.nvm/versions/node/v22.17.1/include/node', 'VSCODE_IPC_HOOK': '/run/user/1000/vscode-baea8b7b-2.0.-main.sock', 'GIO_LAUNCHED_DESKTOP_FILE': '/usr/share/applications/cursor.desktop', 'APPLICATION_INSIGHTS_NO_DIAGNOSTIC_CHANNEL': '1', 'ROS_PYTHON_VERSION': '3', 'GNOME_SHELL_SESSION_MODE': 'ubuntu', 'GTK_MODULES': 'gail:atk-bridge', 'LC_MONETARY': 'tr_TR.UTF-8', 'MANAGERPID': '2697', 'SYSTEMD_EXEC_PID': '3002', 'IM_CONFIG_CHECK_ENV': '1', 'GSM_SKIP_SSH_AGENT_WORKAROUND': 'true', 'NO_COLOR': '1', 'DBUS_SESSION_BUS_ADDRESS': 'unix:path=/run/user/1000/bus', 'GIO_LAUNCHED_DESKTOP_FILE_PID': '51617', 'NVM_DIR': '/home/yunusdanabas/.nvm', 'VSCODE_CRASH_REPORTER_PROCESS_TYPE': 'extensionHost', 'DEBUGINFOD_URLS': 'https://debuginfod.ubuntu.com', 'IM_CONFIG_PHASE': '1', 'WAYLAND_DISPLAY': 'wayland-0', 'COLCON_PREFIX_PATH': '/home/yunusdanabas/ros_ws/install', 'ROS_DISTRO': 'jazzy', 'LOGNAME': 'yunusdanabas', 'FORCE_COLOR': '0', 'JOURNAL_STREAM': '8:24920', '_': '/usr/bin/colcon', 'ROS_VERSION': '2', 'MEMORY_PRESSURE_WATCH': '/sys/fs/cgroup/user.slice/user-1000.slice/user@1000.service/session.slice/org.gnome.Shell@wayland.service/memory.pressure', 'XDG_SESSION_CLASS': 'user', 'APPLICATIONINSIGHTS_CONFIGURATION_CONTENT': '{}', 'USERNAME': 'yunusdanabas', 'TERM': 'dumb', 'GNOME_DESKTOP_SESSION_ID': 'this-is-deprecated', 'COMPOSER_NO_INTERACTION': '1', 'PATH': '/home/yunusdanabas/.local/bin:/home/yunusdanabas/.local/bin:/home/yunusdanabas/.gem/bin:/home/yunusdanabas/mamba/bin:/home/yunusdanabas/.local/bin:/home/yunusdanabas/.nvm/versions/node/v22.17.1/bin:/home/yunusdanabas/.gem/bin:/opt/ros/jazzy/opt/gz_msgs_vendor/bin:/opt/ros/jazzy/opt/gz_tools_vendor/bin:/opt/ros/jazzy/opt/gz_ogre_next_vendor/bin:/opt/ros/jazzy/bin:/home/yunusdanabas/mambaforge/bin:/home/yunusdanabas/mambaforge/condabin:/home/yunusdanabas/mamba/bin:/usr/local/sbin:/usr/local/bin:/usr/sbin:/usr/bin:/sbin:/bin:/usr/games:/usr/local/games:/snap/bin:/snap/bin', 'SESSION_MANAGER': 'local/yunusdanabas:@/tmp/.ICE-unix/2967,unix/yunusdanabas:/tmp/.ICE-unix/2967', 'INVOCATION_ID': '57581e4b92054fe4a9a17148b57720c6', 'XDG_MENU_PREFIX': 'gnome-', 'LC_ADDRESS': 'tr_TR.UTF-8', 'VSCODE_PROCESS_TITLE': 'extension-host  [1-1]', 'GNOME_SETUP_DISPLAY': ':1', 'XDG_RUNTIME_DIR': '/run/user/1000', 'GDK_BACKEND': 'x11', 'MAMBA_ROOT_PREFIX': '/home/yunusdanabas/mambaforge', 'CURSOR_AGENT': '1', 'DISPLAY': ':0', 'LANG': 'en_US.UTF-8', 'XDG_CURRENT_DESKTOP': 'Unity', 'LC_TELEPHONE': 'tr_TR.UTF-8', 'XMODIFIERS': '@im=ibus', 'XDG_SESSION_DESKTOP': 'ubuntu', 'XAUTHORITY': '/run/user/1000/.mutter-Xwaylandauth.8ZYKF3', 'LS_COLORS': '', 'SBX_CHROME_API_RQ': '1', 'CURSOR_TRACE_ID': 'd6e3589b80e34e24af74d6fdb6238dc8', 'SSH_AUTH_SOCK': '/run/user/1000/keyring/ssh', 'XML_CATALOG_FILES': 'file:///home/yunusdanabas/mambaforge/etc/xml/catalog file:///etc/xml/catalog', 'AMENT_PREFIX_PATH': '/opt/ros/jazzy', 'CONDA_PYTHON_EXE': '/home/yunusdanabas/mambaforge/bin/python', 'ORIGINAL_XDG_CURRENT_DESKTOP': 'ubuntu:GNOME', 'SHELL': '/bin/bash', 'LC_NAME': 'tr_TR.UTF-8', 'QT_ACCESSIBILITY': '1', 'GDMSESSION': 'ubuntu', 'GEM_HOME': '/home/yunusdanabas/.gem', 'LESSCLOSE': '/usr/bin/lesspipe %s %s', 'CONDA_DEFAULT_ENV': 'base', 'LC_MEASUREMENT': 'tr_TR.UTF-8', 'GJS_DEBUG_OUTPUT': 'stderr', 'MAMBA_EXE': '/home/yunusdanabas/mambaforge/bin/mamba', 'LC_IDENTIFICATION': 'tr_TR.UTF-8', 'ROS_AUTOMATIC_DISCOVERY_RANGE': 'SUBNET', 'QT_IM_MODULE': 'ibus', 'PWD': '/home/yunusdanabas/as_robotics/microros_ws/build/micro_ros_setup', 'XDG_CONFIG_DIRS': '/etc/xdg/xdg-ubuntu:/etc/xdg', 'CONDA_EXE': '/home/yunusdanabas/mambaforge/bin/conda', 'VSCODE_CODE_CACHE_PATH': '/home/yunusdanabas/.config/Cursor/CachedData/25412918da7e74b2686b25d62da1f01cfcd27680', 'NVM_CD_FLAGS': '', 'XDG_DATA_DIRS': '/usr/share/ubuntu:/usr/share/gnome:/usr/local/share/:/usr/share/:/var/lib/snapd/desktop', 'PYTHONPATH': '/opt/ros/jazzy/lib/python3.12/site-packages', 'LC_NUMERIC': 'tr_TR.UTF-8', 'CONDA_PREFIX': '/home/yunusdanabas/mambaforge', 'LC_PAPER': 'tr_TR.UTF-8', 'COLCON': '1', 'MEMORY_PRESSURE_WRITE': 'c29tZSAyMDAwMDAgMjAwMDAwMAA=', 'CMAKE_PREFIX_PATH': '/opt/ros/jazzy/opt/gz_sim_vendor:/opt/ros/jazzy/opt/gz_sensors_vendor:/opt/ros/jazzy/opt/gz_physics_vendor:/opt/ros/jazzy/opt/sdformat_vendor:/opt/ros/jazzy/opt/gz_gui_vendor:/opt/ros/jazzy/opt/gz_transport_vendor:/opt/ros/jazzy/opt/gz_rendering_vendor:/opt/ros/jazzy/opt/gz_plugin_vendor:/opt/ros/jazzy/opt/gz_fuel_tools_vendor:/opt/ros/jazzy/opt/gz_msgs_vendor:/opt/ros/jazzy/opt/gz_common_vendor:/opt/ros/jazzy/opt/gz_math_vendor:/opt/ros/jazzy/opt/gz_utils_vendor:/opt/ros/jazzy/opt/gz_tools_vendor:/opt/ros/jazzy/opt/gz_ogre_next_vendor:/opt/ros/jazzy/opt/gz_dartsim_vendor:/opt/ros/jazzy/opt/gz_cmake_vendor:/opt/ros/jazzy', 'VSCODE_PID': '51617'}), 'shell': False}
[2.129617] (micro_ros_setup) StdoutLine: {'line': b'-- Install configuration: ""\n'}
[2.130075] (micro_ros_setup) StdoutLine: {'line': b'-- Installing: /home/yunusdanabas/as_robotics/microros_ws/install/micro_ros_setup/share/ament_index/resource_index/package_run_dependencies/micro_ros_setup\n'}
[2.130477] (micro_ros_setup) StdoutLine: {'line': b'-- Installing: /home/yunusdanabas/as_robotics/microros_ws/install/micro_ros_setup/share/ament_index/resource_index/parent_prefix_path/micro_ros_setup\n'}
[2.130848] (micro_ros_setup) StdoutLine: {'line': b'-- Installing: /home/yunusdanabas/as_robotics/microros_ws/install/micro_ros_setup/share/micro_ros_setup/environment/ament_prefix_path.sh\n'}
[2.131189] (micro_ros_setup) StdoutLine: {'line': b'-- Installing: /home/yunusdanabas/as_robotics/microros_ws/install/micro_ros_setup/share/micro_ros_setup/environment/ament_prefix_path.dsv\n'}
[2.131461] (micro_ros_setup) StdoutLine: {'line': b'-- Installing: /home/yunusdanabas/as_robotics/microros_ws/install/micro_ros_setup/share/micro_ros_setup/environment/path.sh\n'}
[2.131800] (micro_ros_setup) StdoutLine: {'line': b'-- Installing: /home/yunusdanabas/as_robotics/microros_ws/install/micro_ros_setup/share/micro_ros_setup/environment/path.dsv\n'}
[2.131926] (micro_ros_setup) StdoutLine: {'line': b'-- Installing: /home/yunusdanabas/as_robotics/microros_ws/install/micro_ros_setup/share/micro_ros_setup/local_setup.bash\n'}
[2.132162] (micro_ros_setup) StdoutLine: {'line': b'-- Installing: /home/yunusdanabas/as_robotics/microros_ws/install/micro_ros_setup/share/micro_ros_setup/local_setup.sh\n'}
[2.132363] (micro_ros_setup) StdoutLine: {'line': b'-- Installing: /home/yunusdanabas/as_robotics/microros_ws/install/micro_ros_setup/share/micro_ros_setup/local_setup.zsh\n'}
[2.132557] (micro_ros_setup) StdoutLine: {'line': b'-- Installing: /home/yunusdanabas/as_robotics/microros_ws/install/micro_ros_setup/share/micro_ros_setup/local_setup.dsv\n'}
[2.132876] (micro_ros_setup) StdoutLine: {'line': b'-- Installing: /home/yunusdanabas/as_robotics/microros_ws/install/micro_ros_setup/share/micro_ros_setup/package.dsv\n'}
[2.133230] (micro_ros_setup) StdoutLine: {'line': b'-- Installing: /home/yunusdanabas/as_robotics/microros_ws/install/micro_ros_setup/share/ament_index/resource_index/packages/micro_ros_setup\n'}
[2.133619] (micro_ros_setup) StdoutLine: {'line': b'-- Installing: /home/yunusdanabas/as_robotics/microros_ws/install/micro_ros_setup/share/micro_ros_setup/cmake/micro_ros_setupConfig.cmake\n'}
[2.133822] (micro_ros_setup) StdoutLine: {'line': b'-- Installing: /home/yunusdanabas/as_robotics/microros_ws/install/micro_ros_setup/share/micro_ros_setup/cmake/micro_ros_setupConfig-version.cmake\n'}
[2.134328] (micro_ros_setup) StdoutLine: {'line': b'-- Installing: /home/yunusdanabas/as_robotics/microros_ws/install/micro_ros_setup/share/micro_ros_setup/package.xml\n'}
[2.134806] (micro_ros_setup) StdoutLine: {'line': b'-- Installing: /home/yunusdanabas/as_robotics/microros_ws/install/micro_ros_setup/./config\n'}
[2.135979] (micro_ros_setup) StdoutLine: {'line': b'-- Installing: /home/yunusdanabas/as_robotics/microros_ws/install/micro_ros_setup/./config/host\n'}
[2.136340] (micro_ros_setup) StdoutLine: {'line': b'-- Installing: /home/yunusdanabas/as_robotics/microros_ws/install/micro_ros_setup/./config/host/dev_uros_packages.repos\n'}
[2.136559] (micro_ros_setup) StdoutLine: {'line': b'-- Installing: /home/yunusdanabas/as_robotics/microros_ws/install/micro_ros_setup/./config/host/generic\n'}
[2.136743] (micro_ros_setup) StdoutLine: {'line': b'-- Installing: /home/yunusdanabas/as_robotics/microros_ws/install/micro_ros_setup/./config/host/generic/package.xml\n'}
[2.137301] (micro_ros_setup) StdoutLine: {'line': b'-- Installing: /home/yunusdanabas/as_robotics/microros_ws/install/micro_ros_setup/./config/host/generic/create.sh\n'}
[2.137540] (micro_ros_setup) StdoutLine: {'line': b'-- Installing: /home/yunusdanabas/as_robotics/microros_ws/install/micro_ros_setup/./config/host/generic/client-host-colcon.meta\n'}
[2.138225] (micro_ros_setup) StdoutLine: {'line': b'-- Installing: /home/yunusdanabas/as_robotics/microros_ws/install/micro_ros_setup/./config/host/generic/flash.sh\n'}
[2.138690] (micro_ros_setup) StdoutLine: {'line': b'-- Installing: /home/yunusdanabas/as_robotics/microros_ws/install/micro_ros_setup/./config/host/generic/build.sh\n'}
[2.138908] (micro_ros_setup) StdoutLine: {'line': b'-- Installing: /home/yunusdanabas/as_robotics/microros_ws/install/micro_ros_setup/./config/host/generic/client_host_packages.repos\n'}
[2.139322] (micro_ros_setup) StdoutLine: {'line': b'-- Installing: /home/yunusdanabas/as_robotics/microros_ws/install/micro_ros_setup/./config/host/dev_ros2_packages.txt\n'}
[2.140267] (micro_ros_setup) StdoutLine: {'line': b'-- Installing: /home/yunusdanabas/as_robotics/microros_ws/install/micro_ros_setup/./config/host/client_ros2_packages.txt\n'}
[2.141268] (micro_ros_setup) StdoutLine: {'line': b'-- Installing: /home/yunusdanabas/as_robotics/microros_ws/install/micro_ros_setup/./config/client_uros_packages.repos\n'}
[2.141733] (micro_ros_setup) StdoutLine: {'line': b'-- Installing: /home/yunusdanabas/as_robotics/microros_ws/install/micro_ros_setup/./config/android\n'}
[2.142470] (micro_ros_setup) StdoutLine: {'line': b'-- Installing: /home/yunusdanabas/as_robotics/microros_ws/install/micro_ros_setup/./config/android/dev_uros_packages.repos\n'}
[2.143068] (micro_ros_setup) StdoutLine: {'line': b'-- Installing: /home/yunusdanabas/as_robotics/microros_ws/install/micro_ros_setup/./config/android/generic\n'}
[2.143807] (micro_ros_setup) StdoutLine: {'line': b'-- Installing: /home/yunusdanabas/as_robotics/microros_ws/install/micro_ros_setup/./config/android/generic/client-colcon.meta\n'}
[2.144090] (micro_ros_setup) StdoutLine: {'line': b'-- Installing: /home/yunusdanabas/as_robotics/microros_ws/install/micro_ros_setup/./config/android/generic/package.xml\n'}
[2.144314] (micro_ros_setup) StdoutLine: {'line': b'-- Installing: /home/yunusdanabas/as_robotics/microros_ws/install/micro_ros_setup/./config/android/generic/create.sh\n'}
[2.144518] (micro_ros_setup) StdoutLine: {'line': b'-- Installing: /home/yunusdanabas/as_robotics/microros_ws/install/micro_ros_setup/./config/android/generic/flash.sh\n'}
[2.144740] (micro_ros_setup) StdoutLine: {'line': b'-- Installing: /home/yunusdanabas/as_robotics/microros_ws/install/micro_ros_setup/./config/android/generic/client_uros_packages.repos\n'}
[2.144935] (micro_ros_setup) StdoutLine: {'line': b'-- Installing: /home/yunusdanabas/as_robotics/microros_ws/install/micro_ros_setup/./config/android/generic/build.sh\n'}
[2.145354] (micro_ros_setup) StdoutLine: {'line': b'-- Installing: /home/yunusdanabas/as_robotics/microros_ws/install/micro_ros_setup/./config/android/dev_ros2_packages.txt\n'}
[2.145553] (micro_ros_setup) StdoutLine: {'line': b'-- Installing: /home/yunusdanabas/as_robotics/microros_ws/install/micro_ros_setup/./config/agent_ros2_packages.txt\n'}
[2.145748] (micro_ros_setup) StdoutLine: {'line': b'-- Installing: /home/yunusdanabas/as_robotics/microros_ws/install/micro_ros_setup/./config/zephyr\n'}
[2.145939] (micro_ros_setup) StdoutLine: {'line': b'-- Installing: /home/yunusdanabas/as_robotics/microros_ws/install/micro_ros_setup/./config/zephyr/list_apps.sh\n'}
[2.146314] (micro_ros_setup) StdoutLine: {'line': b'-- Installing: /home/yunusdanabas/as_robotics/microros_ws/install/micro_ros_setup/./config/zephyr/dev_uros_packages.repos\n'}
[2.146543] (micro_ros_setup) StdoutLine: {'line': b'-- Installing: /home/yunusdanabas/as_robotics/microros_ws/install/micro_ros_setup/./config/zephyr/generic\n'}
[2.146742] (micro_ros_setup) StdoutLine: {'line': b'-- Installing: /home/yunusdanabas/as_robotics/microros_ws/install/micro_ros_setup/./config/zephyr/generic/board.repos\n'}
[2.146940] (micro_ros_setup) StdoutLine: {'line': b'-- Installing: /home/yunusdanabas/as_robotics/microros_ws/install/micro_ros_setup/./config/zephyr/generic/client-colcon.meta\n'}
[2.147369] (micro_ros_setup) StdoutLine: {'line': b'-- Installing: /home/yunusdanabas/as_robotics/microros_ws/install/micro_ros_setup/./config/zephyr/generic/package.xml\n'}
[2.147571] (micro_ros_setup) StdoutLine: {'line': b'-- Installing: /home/yunusdanabas/as_robotics/microros_ws/install/micro_ros_setup/./config/zephyr/generic/create.sh\n'}
[2.147766] (micro_ros_setup) StdoutLine: {'line': b'-- Installing: /home/yunusdanabas/as_robotics/microros_ws/install/micro_ros_setup/./config/zephyr/generic/flash.sh\n'}
[2.147961] (micro_ros_setup) StdoutLine: {'line': b'-- Installing: /home/yunusdanabas/as_robotics/microros_ws/install/micro_ros_setup/./config/zephyr/generic/configure.sh\n'}
[2.148311] (micro_ros_setup) StdoutLine: {'line': b'-- Installing: /home/yunusdanabas/as_robotics/microros_ws/install/micro_ros_setup/./config/zephyr/generic/supported_platforms\n'}
[2.148533] (micro_ros_setup) StdoutLine: {'line': b'-- Installing: /home/yunusdanabas/as_robotics/microros_ws/install/micro_ros_setup/./config/zephyr/generic/client_uros_packages.repos\n'}
[2.148729] (micro_ros_setup) StdoutLine: {'line': b'-- Installing: /home/yunusdanabas/as_robotics/microros_ws/install/micro_ros_setup/./config/zephyr/generic/build.sh\n'}
[2.148923] (micro_ros_setup) StdoutLine: {'line': b'-- Installing: /home/yunusdanabas/as_robotics/microros_ws/install/micro_ros_setup/./config/zephyr/dev_ros2_packages.txt\n'}
[2.149236] (micro_ros_setup) StdoutLine: {'line': b'-- Installing: /home/yunusdanabas/as_robotics/microros_ws/install/micro_ros_setup/./config/utils.sh\n'}
[2.149491] (micro_ros_setup) StdoutLine: {'line': b'-- Installing: /home/yunusdanabas/as_robotics/microros_ws/install/micro_ros_setup/./config/generate_lib\n'}
[2.149685] (micro_ros_setup) StdoutLine: {'line': b'-- Installing: /home/yunusdanabas/as_robotics/microros_ws/install/micro_ros_setup/./config/generate_lib/dev_uros_packages.repos\n'}
[2.149881] (micro_ros_setup) StdoutLine: {'line': b'-- Installing: /home/yunusdanabas/as_robotics/microros_ws/install/micro_ros_setup/./config/generate_lib/generic\n'}
[2.150315] (micro_ros_setup) StdoutLine: {'line': b'-- Installing: /home/yunusdanabas/as_robotics/microros_ws/install/micro_ros_setup/./config/generate_lib/generic/client-colcon.meta\n'}
[2.150644] (micro_ros_setup) StdoutLine: {'line': b'-- Installing: /home/yunusdanabas/as_robotics/microros_ws/install/micro_ros_setup/./config/generate_lib/generic/package.xml\n'}
[2.150876] (micro_ros_setup) StdoutLine: {'line': b'-- Installing: /home/yunusdanabas/as_robotics/microros_ws/install/micro_ros_setup/./config/generate_lib/generic/create.sh\n'}
[2.151217] (micro_ros_setup) StdoutLine: {'line': b'-- Installing: /home/yunusdanabas/as_robotics/microros_ws/install/micro_ros_setup/./config/generate_lib/generic/flash.sh\n'}
[2.152134] (micro_ros_setup) StdoutLine: {'line': b'-- Installing: /home/yunusdanabas/as_robotics/microros_ws/install/micro_ros_setup/./config/generate_lib/generic/client_uros_packages.repos\n'}
[2.152453] (micro_ros_setup) StdoutLine: {'line': b'-- Installing: /home/yunusdanabas/as_robotics/microros_ws/install/micro_ros_setup/./config/generate_lib/generic/build.sh\n'}
[2.152653] (micro_ros_setup) StdoutLine: {'line': b'-- Installing: /home/yunusdanabas/as_robotics/microros_ws/install/micro_ros_setup/./config/generate_lib/generic/demo_toolchain.cmake\n'}
[2.152835] (micro_ros_setup) StdoutLine: {'line': b'-- Installing: /home/yunusdanabas/as_robotics/microros_ws/install/micro_ros_setup/./config/generate_lib/dev_ros2_packages.txt\n'}
[2.153029] (micro_ros_setup) StdoutLine: {'line': b'-- Installing: /home/yunusdanabas/as_robotics/microros_ws/install/micro_ros_setup/./config/raspbian\n'}
[2.153227] (micro_ros_setup) StdoutLine: {'line': b'-- Installing: /home/yunusdanabas/as_robotics/microros_ws/install/micro_ros_setup/./config/raspbian/dev_uros_packages.repos\n'}
[2.153391] (micro_ros_setup) StdoutLine: {'line': b'-- Installing: /home/yunusdanabas/as_robotics/microros_ws/install/micro_ros_setup/./config/raspbian/generic\n'}
[2.153560] (micro_ros_setup) StdoutLine: {'line': b'-- Installing: /home/yunusdanabas/as_robotics/microros_ws/install/micro_ros_setup/./config/raspbian/generic/client-colcon.meta\n'}
[2.153783] (micro_ros_setup) StdoutLine: {'line': b'-- Installing: /home/yunusdanabas/as_robotics/microros_ws/install/micro_ros_setup/./config/raspbian/generic/create.sh\n'}
[2.154296] (micro_ros_setup) StdoutLine: {'line': b'-- Installing: /home/yunusdanabas/as_robotics/microros_ws/install/micro_ros_setup/./config/raspbian/generic/flash.sh\n'}
[2.154540] (micro_ros_setup) StdoutLine: {'line': b'-- Installing: /home/yunusdanabas/as_robotics/microros_ws/install/micro_ros_setup/./config/raspbian/generic/configure.sh\n'}
[2.154762] (micro_ros_setup) StdoutLine: {'line': b'-- Installing: /home/yunusdanabas/as_robotics/microros_ws/install/micro_ros_setup/./config/raspbian/generic/supported_platforms\n'}
[2.155010] (micro_ros_setup) StdoutLine: {'line': b'-- Installing: /home/yunusdanabas/as_robotics/microros_ws/install/micro_ros_setup/./config/raspbian/generic/client_uros_packages.repos\n'}
[2.155240] (micro_ros_setup) StdoutLine: {'line': b'-- Installing: /home/yunusdanabas/as_robotics/microros_ws/install/micro_ros_setup/./config/raspbian/generic/build.sh\n'}
[2.155432] (micro_ros_setup) StdoutLine: {'line': b'-- Installing: /home/yunusdanabas/as_robotics/microros_ws/install/micro_ros_setup/./config/raspbian/dev_ros2_packages.txt\n'}
[2.155595] (micro_ros_setup) StdoutLine: {'line': b'-- Installing: /home/yunusdanabas/as_robotics/microros_ws/install/micro_ros_setup/./config/freertos\n'}
[2.155767] (micro_ros_setup) StdoutLine: {'line': b'-- Installing: /home/yunusdanabas/as_robotics/microros_ws/install/micro_ros_setup/./config/freertos/list_apps.sh\n'}
[2.155955] (micro_ros_setup) StdoutLine: {'line': b'-- Installing: /home/yunusdanabas/as_robotics/microros_ws/install/micro_ros_setup/./config/freertos/crazyflie21\n'}
[2.156192] (micro_ros_setup) StdoutLine: {'line': b'-- Installing: /home/yunusdanabas/as_robotics/microros_ws/install/micro_ros_setup/./config/freertos/crazyflie21/board.repos\n'}
[2.156375] (micro_ros_setup) StdoutLine: {'line': b'-- Installing: /home/yunusdanabas/as_robotics/microros_ws/install/micro_ros_setup/./config/freertos/crazyflie21/client-colcon.meta\n'}
[2.156561] (micro_ros_setup) StdoutLine: {'line': b'-- Installing: /home/yunusdanabas/as_robotics/microros_ws/install/micro_ros_setup/./config/freertos/crazyflie21/package.xml\n'}
[2.156738] (micro_ros_setup) StdoutLine: {'line': b'-- Installing: /home/yunusdanabas/as_robotics/microros_ws/install/micro_ros_setup/./config/freertos/crazyflie21/create.sh\n'}
[2.156918] (micro_ros_setup) StdoutLine: {'line': b'-- Installing: /home/yunusdanabas/as_robotics/microros_ws/install/micro_ros_setup/./config/freertos/crazyflie21/flash.sh\n'}
[2.157341] (micro_ros_setup) StdoutLine: {'line': b'-- Installing: /home/yunusdanabas/as_robotics/microros_ws/install/micro_ros_setup/./config/freertos/crazyflie21/configure.sh\n'}
[2.157636] (micro_ros_setup) StdoutLine: {'line': b'-- Installing: /home/yunusdanabas/as_robotics/microros_ws/install/micro_ros_setup/./config/freertos/crazyflie21/client_uros_packages.repos\n'}
[2.157933] (micro_ros_setup) StdoutLine: {'line': b'-- Installing: /home/yunusdanabas/as_robotics/microros_ws/install/micro_ros_setup/./config/freertos/crazyflie21/build.sh\n'}
[2.158191] (micro_ros_setup) StdoutLine: {'line': b'-- Installing: /home/yunusdanabas/as_robotics/microros_ws/install/micro_ros_setup/./config/freertos/nucleo_f746zg\n'}
[2.159499] (micro_ros_setup) StdoutLine: {'line': b'-- Installing: /home/yunusdanabas/as_robotics/microros_ws/install/micro_ros_setup/./config/freertos/nucleo_f746zg/board.repos\n'}
[2.159743] (micro_ros_setup) StdoutLine: {'line': b'-- Installing: /home/yunusdanabas/as_robotics/microros_ws/install/micro_ros_setup/./config/freertos/nucleo_f746zg/client-colcon.meta\n'}
[2.160380] (micro_ros_setup) StdoutLine: {'line': b'-- Installing: /home/yunusdanabas/as_robotics/microros_ws/install/micro_ros_setup/./config/freertos/nucleo_f746zg/package.xml\n'}
[2.161119] (micro_ros_setup) StdoutLine: {'line': b'-- Installing: /home/yunusdanabas/as_robotics/microros_ws/install/micro_ros_setup/./config/freertos/nucleo_f746zg/create.sh\n'}
[2.161333] (micro_ros_setup) StdoutLine: {'line': b'-- Installing: /home/yunusdanabas/as_robotics/microros_ws/install/micro_ros_setup/./config/freertos/nucleo_f746zg/flash.sh\n'}
[2.161443] (micro_ros_setup) StdoutLine: {'line': b'-- Installing: /home/yunusdanabas/as_robotics/microros_ws/install/micro_ros_setup/./config/freertos/nucleo_f746zg/configure.sh\n'}
[2.161556] (micro_ros_setup) StdoutLine: {'line': b'-- Installing: /home/yunusdanabas/as_robotics/microros_ws/install/micro_ros_setup/./config/freertos/nucleo_f746zg/client_uros_packages.repos\n'}
[2.161657] (micro_ros_setup) StdoutLine: {'line': b'-- Installing: /home/yunusdanabas/as_robotics/microros_ws/install/micro_ros_setup/./config/freertos/nucleo_f746zg/build.sh\n'}
[2.161756] (micro_ros_setup) StdoutLine: {'line': b'-- Installing: /home/yunusdanabas/as_robotics/microros_ws/install/micro_ros_setup/./config/freertos/nucleo_f767zi\n'}
[2.161854] (micro_ros_setup) StdoutLine: {'line': b'-- Installing: /home/yunusdanabas/as_robotics/microros_ws/install/micro_ros_setup/./config/freertos/nucleo_f767zi/board.repos\n'}
[2.161953] (micro_ros_setup) StdoutLine: {'line': b'-- Installing: /home/yunusdanabas/as_robotics/microros_ws/install/micro_ros_setup/./config/freertos/nucleo_f767zi/client-colcon.meta\n'}
[2.162155] (micro_ros_setup) StdoutLine: {'line': b'-- Installing: /home/yunusdanabas/as_robotics/microros_ws/install/micro_ros_setup/./config/freertos/nucleo_f767zi/package.xml\n'}
[2.162301] (micro_ros_setup) StdoutLine: {'line': b'-- Installing: /home/yunusdanabas/as_robotics/microros_ws/install/micro_ros_setup/./config/freertos/nucleo_f767zi/create.sh\n'}
[2.162443] (micro_ros_setup) StdoutLine: {'line': b'-- Installing: /home/yunusdanabas/as_robotics/microros_ws/install/micro_ros_setup/./config/freertos/nucleo_f767zi/flash.sh\n'}
[2.162578] (micro_ros_setup) StdoutLine: {'line': b'-- Installing: /home/yunusdanabas/as_robotics/microros_ws/install/micro_ros_setup/./config/freertos/nucleo_f767zi/configure.sh\n'}
[2.162712] (micro_ros_setup) StdoutLine: {'line': b'-- Installing: /home/yunusdanabas/as_robotics/microros_ws/install/micro_ros_setup/./config/freertos/nucleo_f767zi/client_uros_packages.repos\n'}
[2.163042] (micro_ros_setup) StdoutLine: {'line': b'-- Installing: /home/yunusdanabas/as_robotics/microros_ws/install/micro_ros_setup/./config/freertos/nucleo_f767zi/build.sh\n'}
[2.163194] (micro_ros_setup) StdoutLine: {'line': b'-- Installing: /home/yunusdanabas/as_robotics/microros_ws/install/micro_ros_setup/./config/freertos/dev_uros_packages.repos\n'}
[2.163298] (micro_ros_setup) StdoutLine: {'line': b'-- Installing: /home/yunusdanabas/as_robotics/microros_ws/install/micro_ros_setup/./config/freertos/esp32\n'}
[2.163442] (micro_ros_setup) StdoutLine: {'line': b'-- Installing: /home/yunusdanabas/as_robotics/microros_ws/install/micro_ros_setup/./config/freertos/esp32/board.repos\n'}
[2.163580] (micro_ros_setup) StdoutLine: {'line': b'-- Installing: /home/yunusdanabas/as_robotics/microros_ws/install/micro_ros_setup/./config/freertos/esp32/client-colcon.meta\n'}
[2.163718] (micro_ros_setup) StdoutLine: {'line': b'-- Installing: /home/yunusdanabas/as_robotics/microros_ws/install/micro_ros_setup/./config/freertos/esp32/package.xml\n'}
[2.163858] (micro_ros_setup) StdoutLine: {'line': b'-- Installing: /home/yunusdanabas/as_robotics/microros_ws/install/micro_ros_setup/./config/freertos/esp32/create.sh\n'}
[2.164011] (micro_ros_setup) StdoutLine: {'line': b'-- Installing: /home/yunusdanabas/as_robotics/microros_ws/install/micro_ros_setup/./config/freertos/esp32/README.md\n'}
[2.164160] (micro_ros_setup) StdoutLine: {'line': b'-- Installing: /home/yunusdanabas/as_robotics/microros_ws/install/micro_ros_setup/./config/freertos/esp32/flash.sh\n'}
[2.164300] (micro_ros_setup) StdoutLine: {'line': b'-- Installing: /home/yunusdanabas/as_robotics/microros_ws/install/micro_ros_setup/./config/freertos/esp32/configure.sh\n'}
[2.164439] (micro_ros_setup) StdoutLine: {'line': b'-- Installing: /home/yunusdanabas/as_robotics/microros_ws/install/micro_ros_setup/./config/freertos/esp32/client_uros_packages.repos\n'}
[2.164635] (micro_ros_setup) StdoutLine: {'line': b'-- Installing: /home/yunusdanabas/as_robotics/microros_ws/install/micro_ros_setup/./config/freertos/esp32/build.sh\n'}
[2.164775] (micro_ros_setup) StdoutLine: {'line': b'-- Installing: /home/yunusdanabas/as_robotics/microros_ws/install/micro_ros_setup/./config/freertos/olimex-stm32-e407\n'}
[2.164917] (micro_ros_setup) StdoutLine: {'line': b'-- Installing: /home/yunusdanabas/as_robotics/microros_ws/install/micro_ros_setup/./config/freertos/olimex-stm32-e407/board.repos\n'}
[2.165117] (micro_ros_setup) StdoutLine: {'line': b'-- Installing: /home/yunusdanabas/as_robotics/microros_ws/install/micro_ros_setup/./config/freertos/olimex-stm32-e407/client-colcon.meta\n'}
[2.165289] (micro_ros_setup) StdoutLine: {'line': b'-- Installing: /home/yunusdanabas/as_robotics/microros_ws/install/micro_ros_setup/./config/freertos/olimex-stm32-e407/package.xml\n'}
[2.165428] (micro_ros_setup) StdoutLine: {'line': b'-- Installing: /home/yunusdanabas/as_robotics/microros_ws/install/micro_ros_setup/./config/freertos/olimex-stm32-e407/create.sh\n'}
[2.165568] (micro_ros_setup) StdoutLine: {'line': b'-- Installing: /home/yunusdanabas/as_robotics/microros_ws/install/micro_ros_setup/./config/freertos/olimex-stm32-e407/flash.sh\n'}
[2.165720] (micro_ros_setup) StdoutLine: {'line': b'-- Installing: /home/yunusdanabas/as_robotics/microros_ws/install/micro_ros_setup/./config/freertos/olimex-stm32-e407/configure.sh\n'}
[2.165857] (micro_ros_setup) StdoutLine: {'line': b'-- Installing: /home/yunusdanabas/as_robotics/microros_ws/install/micro_ros_setup/./config/freertos/olimex-stm32-e407/client_uros_packages.repos\n'}
[2.166039] (micro_ros_setup) StdoutLine: {'line': b'-- Installing: /home/yunusdanabas/as_robotics/microros_ws/install/micro_ros_setup/./config/freertos/olimex-stm32-e407/build.sh\n'}
[2.166168] (micro_ros_setup) StdoutLine: {'line': b'-- Installing: /home/yunusdanabas/as_robotics/microros_ws/install/micro_ros_setup/./config/freertos/nucleo_f446re\n'}
[2.166291] (micro_ros_setup) StdoutLine: {'line': b'-- Installing: /home/yunusdanabas/as_robotics/microros_ws/install/micro_ros_setup/./config/freertos/nucleo_f446re/board.repos\n'}
[2.166515] (micro_ros_setup) StdoutLine: {'line': b'-- Installing: /home/yunusdanabas/as_robotics/microros_ws/install/micro_ros_setup/./config/freertos/nucleo_f446re/client-colcon.meta\n'}
[2.166625] (micro_ros_setup) StdoutLine: {'line': b'-- Installing: /home/yunusdanabas/as_robotics/microros_ws/install/micro_ros_setup/./config/freertos/nucleo_f446re/package.xml\n'}
[2.166732] (micro_ros_setup) StdoutLine: {'line': b'-- Installing: /home/yunusdanabas/as_robotics/microros_ws/install/micro_ros_setup/./config/freertos/nucleo_f446re/create.sh\n'}
[2.166839] (micro_ros_setup) StdoutLine: {'line': b'-- Installing: /home/yunusdanabas/as_robotics/microros_ws/install/micro_ros_setup/./config/freertos/nucleo_f446re/flash.sh\n'}
[2.166983] (micro_ros_setup) StdoutLine: {'line': b'-- Installing: /home/yunusdanabas/as_robotics/microros_ws/install/micro_ros_setup/./config/freertos/nucleo_f446re/configure.sh\n'}
[2.167509] (micro_ros_setup) StdoutLine: {'line': b'-- Installing: /home/yunusdanabas/as_robotics/microros_ws/install/micro_ros_setup/./config/freertos/nucleo_f446re/client_uros_packages.repos\n'}
[2.167729] (micro_ros_setup) StdoutLine: {'line': b'-- Installing: /home/yunusdanabas/as_robotics/microros_ws/install/micro_ros_setup/./config/freertos/nucleo_f446re/build.sh\n'}
[2.168069] (micro_ros_setup) StdoutLine: {'line': b'-- Installing: /home/yunusdanabas/as_robotics/microros_ws/install/micro_ros_setup/./config/freertos/nucleo_f446ze\n'}
[2.168371] (micro_ros_setup) StdoutLine: {'line': b'-- Installing: /home/yunusdanabas/as_robotics/microros_ws/install/micro_ros_setup/./config/freertos/nucleo_f446ze/board.repos\n'}
[2.168529] (micro_ros_setup) StdoutLine: {'line': b'-- Installing: /home/yunusdanabas/as_robotics/microros_ws/install/micro_ros_setup/./config/freertos/nucleo_f446ze/client-colcon.meta\n'}
[2.168747] (micro_ros_setup) StdoutLine: {'line': b'-- Installing: /home/yunusdanabas/as_robotics/microros_ws/install/micro_ros_setup/./config/freertos/nucleo_f446ze/package.xml\n'}
[2.168934] (micro_ros_setup) StdoutLine: {'line': b'-- Installing: /home/yunusdanabas/as_robotics/microros_ws/install/micro_ros_setup/./config/freertos/nucleo_f446ze/create.sh\n'}
[2.169440] (micro_ros_setup) StdoutLine: {'line': b'-- Installing: /home/yunusdanabas/as_robotics/microros_ws/install/micro_ros_setup/./config/freertos/nucleo_f446ze/flash.sh\n'}
[2.171313] (micro_ros_setup) StdoutLine: {'line': b'-- Installing: /home/yunusdanabas/as_robotics/microros_ws/install/micro_ros_setup/./config/freertos/nucleo_f446ze/configure.sh\n'}
[2.171743] (micro_ros_setup) StdoutLine: {'line': b'-- Installing: /home/yunusdanabas/as_robotics/microros_ws/install/micro_ros_setup/./config/freertos/nucleo_f446ze/client_uros_packages.repos\n'}
[2.171886] (micro_ros_setup) StdoutLine: {'line': b'-- Installing: /home/yunusdanabas/as_robotics/microros_ws/install/micro_ros_setup/./config/freertos/nucleo_f446ze/build.sh\n'}
[2.172082] (micro_ros_setup) StdoutLine: {'line': b'-- Installing: /home/yunusdanabas/as_robotics/microros_ws/install/micro_ros_setup/./config/freertos/dev_ros2_packages.txt\n'}
[2.172243] (micro_ros_setup) StdoutLine: {'line': b'-- Installing: /home/yunusdanabas/as_robotics/microros_ws/install/micro_ros_setup/./config/agent_uros_packages.repos\n'}
[2.172392] (micro_ros_setup) StdoutLine: {'line': b'-- Installing: /home/yunusdanabas/as_robotics/microros_ws/install/micro_ros_setup/./config/client_ros2_packages.txt\n'}
[2.172533] (micro_ros_setup) StdoutLine: {'line': b'-- Installing: /home/yunusdanabas/as_robotics/microros_ws/install/micro_ros_setup/lib/micro_ros_setup/create_ws.sh\n'}
[2.172678] (micro_ros_setup) StdoutLine: {'line': b'-- Installing: /home/yunusdanabas/as_robotics/microros_ws/install/micro_ros_setup/lib/micro_ros_setup/create_agent_ws.sh\n'}
[2.172863] (micro_ros_setup) StdoutLine: {'line': b'-- Installing: /home/yunusdanabas/as_robotics/microros_ws/install/micro_ros_setup/lib/micro_ros_setup/create_firmware_ws.sh\n'}
[2.173163] (micro_ros_setup) StdoutLine: {'line': b'-- Installing: /home/yunusdanabas/as_robotics/microros_ws/install/micro_ros_setup/lib/micro_ros_setup/configure_firmware.sh\n'}
[2.173523] (micro_ros_setup) StdoutLine: {'line': b'-- Installing: /home/yunusdanabas/as_robotics/microros_ws/install/micro_ros_setup/lib/micro_ros_setup/flash_firmware.sh\n'}
[2.173732] (micro_ros_setup) StdoutLine: {'line': b'-- Installing: /home/yunusdanabas/as_robotics/microros_ws/install/micro_ros_setup/lib/micro_ros_setup/build_firmware.sh\n'}
[2.173904] (micro_ros_setup) StdoutLine: {'line': b'-- Installing: /home/yunusdanabas/as_robotics/microros_ws/install/micro_ros_setup/lib/micro_ros_setup/build_agent.sh\n'}
[2.174210] (micro_ros_setup) StdoutLine: {'line': b'-- Installing: /home/yunusdanabas/as_robotics/microros_ws/install/micro_ros_setup/lib/micro_ros_setup/yaml_filter.py\n'}
[2.174590] (micro_ros_setup) StdoutLine: {'line': b'-- Installing: /home/yunusdanabas/as_robotics/microros_ws/install/micro_ros_setup/lib/micro_ros_setup/clean_env.sh\n'}
[2.174742] (micro_ros_setup) StdoutLine: {'line': b'-- Installing: /home/yunusdanabas/as_robotics/microros_ws/install/micro_ros_setup/lib/micro_ros_setup/component\n'}
[2.174897] (micro_ros_setup) CommandEnded: {'returncode': 0}
[2.207160] (-) TimerEvent: {}
[2.231113] (micro_ros_setup) JobEnded: {'identifier': 'micro_ros_setup', 'rc': 0}
[2.231892] (-) EventReactorShutdown: {}
