[0.334s] DEBUG:colcon:Command line arguments: ['/usr/bin/colcon', 'build']
[0.334s] DEBUG:colcon:Parsed command line arguments: Namespace(log_base=None, log_level=None, verb_name='build', build_base='build', install_base='install', merge_install=False, symlink_install=False, test_result_base=None, continue_on_error=False, executor='parallel', parallel_workers=8, event_handlers=None, ignore_user_meta=False, metas=['./colcon.meta'], base_paths=['.'], packages_ignore=None, packages_ignore_regex=None, paths=None, packages_up_to=None, packages_up_to_regex=None, packages_above=None, packages_above_and_dependencies=None, packages_above_depth=None, packages_select_by_dep=None, packages_skip_by_dep=None, packages_skip_up_to=None, packages_select_build_failed=False, packages_skip_build_finished=False, packages_select_test_failures=False, packages_skip_test_passed=False, packages_select=None, packages_skip=None, packages_select_regex=None, packages_skip_regex=None, packages_start=None, packages_end=None, allow_overriding=[], cmake_args=None, cmake_target=None, cmake_target_skip_unavailable=False, cmake_clean_cache=False, cmake_clean_first=False, cmake_force_configure=False, ament_cmake_args=None, catkin_cmake_args=None, catkin_skip_building_tests=False, verb_parser=<colcon_defaults.argument_parser.defaults.DefaultArgumentsDecorator object at 0x7b82063e4350>, verb_extension=<colcon_core.verb.build.BuildVerb object at 0x7b82063e4200>, main=<bound method BuildVerb.main of <colcon_core.verb.build.BuildVerb object at 0x7b82063e4200>>)
[0.445s] Level 1:colcon.colcon_core.package_discovery:discover_packages(colcon_meta) check parameters
[0.446s] Level 1:colcon.colcon_core.package_discovery:discover_packages(recursive) check parameters
[0.447s] Level 1:colcon.colcon_core.package_discovery:discover_packages(ignore) check parameters
[0.447s] Level 1:colcon.colcon_core.package_discovery:discover_packages(path) check parameters
[0.447s] Level 1:colcon.colcon_core.package_discovery:discover_packages(colcon_meta) discover
[0.448s] Level 1:colcon.colcon_core.package_discovery:discover_packages(recursive) discover
[0.448s] INFO:colcon.colcon_core.package_discovery:Crawling recursively for packages in '/home/yunusdanabas/as_robotics/microros_ws'
[0.448s] Level 1:colcon.colcon_core.package_identification:_identify(.) by extensions ['ignore', 'ignore_ament_install']
[0.449s] Level 1:colcon.colcon_core.package_identification:_identify(.) by extension 'ignore'
[0.450s] Level 1:colcon.colcon_core.package_identification:_identify(.) by extension 'ignore_ament_install'
[0.450s] Level 1:colcon.colcon_core.package_identification:_identify(.) by extensions ['colcon_pkg']
[0.450s] Level 1:colcon.colcon_core.package_identification:_identify(.) by extension 'colcon_pkg'
[0.451s] Level 1:colcon.colcon_core.package_identification:_identify(.) by extensions ['colcon_meta']
[0.451s] Level 1:colcon.colcon_core.package_identification:_identify(.) by extension 'colcon_meta'
[0.451s] Level 1:colcon.colcon_core.package_identification:_identify(.) by extensions ['ros']
[0.451s] Level 1:colcon.colcon_core.package_identification:_identify(.) by extension 'ros'
[0.532s] Level 1:colcon.colcon_core.package_identification:_identify(.) by extensions ['cmake', 'python']
[0.532s] Level 1:colcon.colcon_core.package_identification:_identify(.) by extension 'cmake'
[0.532s] Level 1:colcon.colcon_core.package_identification:_identify(.) by extension 'python'
[0.532s] Level 1:colcon.colcon_core.package_identification:_identify(.) by extensions ['python_setup_py']
[0.532s] Level 1:colcon.colcon_core.package_identification:_identify(.) by extension 'python_setup_py'
[0.533s] Level 1:colcon.colcon_core.package_identification:_identify(build) by extensions ['ignore', 'ignore_ament_install']
[0.533s] Level 1:colcon.colcon_core.package_identification:_identify(build) by extension 'ignore'
[0.533s] Level 1:colcon.colcon_core.package_identification:_identify(build) ignored
[0.533s] Level 1:colcon.colcon_core.package_identification:_identify(install) by extensions ['ignore', 'ignore_ament_install']
[0.534s] Level 1:colcon.colcon_core.package_identification:_identify(install) by extension 'ignore'
[0.534s] Level 1:colcon.colcon_core.package_identification:_identify(install) ignored
[0.534s] Level 1:colcon.colcon_core.package_identification:_identify(log) by extensions ['ignore', 'ignore_ament_install']
[0.534s] Level 1:colcon.colcon_core.package_identification:_identify(log) by extension 'ignore'
[0.535s] Level 1:colcon.colcon_core.package_identification:_identify(log) ignored
[0.535s] Level 1:colcon.colcon_core.package_identification:_identify(src) by extensions ['ignore', 'ignore_ament_install']
[0.535s] Level 1:colcon.colcon_core.package_identification:_identify(src) by extension 'ignore'
[0.535s] Level 1:colcon.colcon_core.package_identification:_identify(src) by extension 'ignore_ament_install'
[0.535s] Level 1:colcon.colcon_core.package_identification:_identify(src) by extensions ['colcon_pkg']
[0.535s] Level 1:colcon.colcon_core.package_identification:_identify(src) by extension 'colcon_pkg'
[0.535s] Level 1:colcon.colcon_core.package_identification:_identify(src) by extensions ['colcon_meta']
[0.535s] Level 1:colcon.colcon_core.package_identification:_identify(src) by extension 'colcon_meta'
[0.535s] Level 1:colcon.colcon_core.package_identification:_identify(src) by extensions ['ros']
[0.536s] Level 1:colcon.colcon_core.package_identification:_identify(src) by extension 'ros'
[0.536s] Level 1:colcon.colcon_core.package_identification:_identify(src) by extensions ['cmake', 'python']
[0.536s] Level 1:colcon.colcon_core.package_identification:_identify(src) by extension 'cmake'
[0.536s] Level 1:colcon.colcon_core.package_identification:_identify(src) by extension 'python'
[0.536s] Level 1:colcon.colcon_core.package_identification:_identify(src) by extensions ['python_setup_py']
[0.536s] Level 1:colcon.colcon_core.package_identification:_identify(src) by extension 'python_setup_py'
[0.536s] Level 1:colcon.colcon_core.package_identification:_identify(src/micro_ros_setup) by extensions ['ignore', 'ignore_ament_install']
[0.536s] Level 1:colcon.colcon_core.package_identification:_identify(src/micro_ros_setup) by extension 'ignore'
[0.537s] Level 1:colcon.colcon_core.package_identification:_identify(src/micro_ros_setup) by extension 'ignore_ament_install'
[0.537s] Level 1:colcon.colcon_core.package_identification:_identify(src/micro_ros_setup) by extensions ['colcon_pkg']
[0.537s] Level 1:colcon.colcon_core.package_identification:_identify(src/micro_ros_setup) by extension 'colcon_pkg'
[0.537s] Level 1:colcon.colcon_core.package_identification:_identify(src/micro_ros_setup) by extensions ['colcon_meta']
[0.537s] Level 1:colcon.colcon_core.package_identification:_identify(src/micro_ros_setup) by extension 'colcon_meta'
[0.537s] Level 1:colcon.colcon_core.package_identification:_identify(src/micro_ros_setup) by extensions ['ros']
[0.537s] Level 1:colcon.colcon_core.package_identification:_identify(src/micro_ros_setup) by extension 'ros'
[0.545s] DEBUG:colcon.colcon_core.package_identification:Package 'src/micro_ros_setup' with type 'ros.ament_cmake' and name 'micro_ros_setup'
[0.545s] Level 1:colcon.colcon_core.package_discovery:discover_packages(recursive) using defaults
[0.545s] Level 1:colcon.colcon_core.package_discovery:discover_packages(ignore) discover
[0.545s] Level 1:colcon.colcon_core.package_discovery:discover_packages(ignore) using defaults
[0.545s] Level 1:colcon.colcon_core.package_discovery:discover_packages(path) discover
[0.545s] Level 1:colcon.colcon_core.package_discovery:discover_packages(path) using defaults
[0.611s] Level 1:colcon.colcon_core.package_discovery:discover_packages(prefix_path) check parameters
[0.611s] Level 1:colcon.colcon_core.package_discovery:discover_packages(prefix_path) discover
[0.618s] DEBUG:colcon.colcon_installed_package_information.package_discovery:Found 0 installed packages in /home/yunusdanabas/ros_ws/install
[0.622s] DEBUG:colcon.colcon_installed_package_information.package_discovery:Found 502 installed packages in /opt/ros/jazzy
[0.626s] Level 1:colcon.colcon_core.package_discovery:discover_packages(prefix_path) using defaults
[0.803s] Level 5:colcon.colcon_core.verb:set package 'micro_ros_setup' build argument 'cmake_args' from command line to 'None'
[0.803s] Level 5:colcon.colcon_core.verb:set package 'micro_ros_setup' build argument 'cmake_target' from command line to 'None'
[0.804s] Level 5:colcon.colcon_core.verb:set package 'micro_ros_setup' build argument 'cmake_target_skip_unavailable' from command line to 'False'
[0.804s] Level 5:colcon.colcon_core.verb:set package 'micro_ros_setup' build argument 'cmake_clean_cache' from command line to 'False'
[0.804s] Level 5:colcon.colcon_core.verb:set package 'micro_ros_setup' build argument 'cmake_clean_first' from command line to 'False'
[0.804s] Level 5:colcon.colcon_core.verb:set package 'micro_ros_setup' build argument 'cmake_force_configure' from command line to 'False'
[0.804s] Level 5:colcon.colcon_core.verb:set package 'micro_ros_setup' build argument 'ament_cmake_args' from command line to 'None'
[0.804s] Level 5:colcon.colcon_core.verb:set package 'micro_ros_setup' build argument 'catkin_cmake_args' from command line to 'None'
[0.804s] Level 5:colcon.colcon_core.verb:set package 'micro_ros_setup' build argument 'catkin_skip_building_tests' from command line to 'False'
[0.804s] DEBUG:colcon.colcon_core.verb:Building package 'micro_ros_setup' with the following arguments: {'ament_cmake_args': None, 'build_base': '/home/yunusdanabas/as_robotics/microros_ws/build/micro_ros_setup', 'catkin_cmake_args': None, 'catkin_skip_building_tests': False, 'cmake_args': None, 'cmake_clean_cache': False, 'cmake_clean_first': False, 'cmake_force_configure': False, 'cmake_target': None, 'cmake_target_skip_unavailable': False, 'install_base': '/home/yunusdanabas/as_robotics/microros_ws/install/micro_ros_setup', 'merge_install': False, 'path': '/home/yunusdanabas/as_robotics/microros_ws/src/micro_ros_setup', 'symlink_install': False, 'test_result_base': None}
[0.804s] INFO:colcon.colcon_core.executor:Executing jobs using 'parallel' executor
[0.805s] DEBUG:colcon.colcon_parallel_executor.executor.parallel:run_until_complete
[0.805s] INFO:colcon.colcon_ros.task.ament_cmake.build:Building ROS package in '/home/yunusdanabas/as_robotics/microros_ws/src/micro_ros_setup' with build type 'ament_cmake'
[0.805s] INFO:colcon.colcon_cmake.task.cmake.build:Building CMake package in '/home/yunusdanabas/as_robotics/microros_ws/src/micro_ros_setup'
[0.820s] INFO:colcon.colcon_core.plugin_system:Skipping extension 'colcon_core.shell.bat': Not used on non-Windows systems
[0.820s] INFO:colcon.colcon_core.shell:Skip shell extension 'powershell' for command environment: Not usable outside of PowerShell
[0.820s] DEBUG:colcon.colcon_core.shell:Skip shell extension 'dsv' for command environment
[0.840s] DEBUG:colcon.colcon_core.event_handler.log_command:Invoking command in '/home/yunusdanabas/as_robotics/microros_ws/build/micro_ros_setup': CMAKE_PREFIX_PATH=${CMAKE_PREFIX_PATH}:/opt/ros/jazzy CONDA_PROMPT_MODIFIER=(base) DEBUGINFOD_URLS=https://debuginfod.ubuntu.com /usr/bin/cmake /home/yunusdanabas/as_robotics/microros_ws/src/micro_ros_setup -DCMAKE_INSTALL_PREFIX=/home/yunusdanabas/as_robotics/microros_ws/install/micro_ros_setup
[2.779s] DEBUG:colcon.colcon_core.event_handler.log_command:Invoked command in '/home/yunusdanabas/as_robotics/microros_ws/build/micro_ros_setup' returned '0': CMAKE_PREFIX_PATH=${CMAKE_PREFIX_PATH}:/opt/ros/jazzy CONDA_PROMPT_MODIFIER=(base) DEBUGINFOD_URLS=https://debuginfod.ubuntu.com /usr/bin/cmake /home/yunusdanabas/as_robotics/microros_ws/src/micro_ros_setup -DCMAKE_INSTALL_PREFIX=/home/yunusdanabas/as_robotics/microros_ws/install/micro_ros_setup
[2.783s] DEBUG:colcon.colcon_core.event_handler.log_command:Invoking command in '/home/yunusdanabas/as_robotics/microros_ws/build/micro_ros_setup': CMAKE_PREFIX_PATH=${CMAKE_PREFIX_PATH}:/opt/ros/jazzy CONDA_PROMPT_MODIFIER=(base) DEBUGINFOD_URLS=https://debuginfod.ubuntu.com /usr/bin/cmake --build /home/yunusdanabas/as_robotics/microros_ws/build/micro_ros_setup -- -j8 -l8
[2.887s] DEBUG:colcon.colcon_core.event_handler.log_command:Invoked command in '/home/yunusdanabas/as_robotics/microros_ws/build/micro_ros_setup' returned '0': CMAKE_PREFIX_PATH=${CMAKE_PREFIX_PATH}:/opt/ros/jazzy CONDA_PROMPT_MODIFIER=(base) DEBUGINFOD_URLS=https://debuginfod.ubuntu.com /usr/bin/cmake --build /home/yunusdanabas/as_robotics/microros_ws/build/micro_ros_setup -- -j8 -l8
[2.917s] DEBUG:colcon.colcon_core.event_handler.log_command:Invoking command in '/home/yunusdanabas/as_robotics/microros_ws/build/micro_ros_setup': CMAKE_PREFIX_PATH=${CMAKE_PREFIX_PATH}:/opt/ros/jazzy CONDA_PROMPT_MODIFIER=(base) DEBUGINFOD_URLS=https://debuginfod.ubuntu.com /usr/bin/cmake --install /home/yunusdanabas/as_robotics/microros_ws/build/micro_ros_setup
[2.976s] Level 1:colcon.colcon_core.environment:create_environment_scripts_only(micro_ros_setup)
[2.981s] DEBUG:colcon.colcon_core.event_handler.log_command:Invoked command in '/home/yunusdanabas/as_robotics/microros_ws/build/micro_ros_setup' returned '0': CMAKE_PREFIX_PATH=${CMAKE_PREFIX_PATH}:/opt/ros/jazzy CONDA_PROMPT_MODIFIER=(base) DEBUGINFOD_URLS=https://debuginfod.ubuntu.com /usr/bin/cmake --install /home/yunusdanabas/as_robotics/microros_ws/build/micro_ros_setup
[3.000s] Level 1:colcon.colcon_core.environment:checking '/home/yunusdanabas/as_robotics/microros_ws/install/micro_ros_setup' for CMake module files
[3.001s] Level 1:colcon.colcon_core.environment:checking '/home/yunusdanabas/as_robotics/microros_ws/install/micro_ros_setup' for CMake config files
[3.002s] Level 1:colcon.colcon_core.shell:create_environment_hook('micro_ros_setup', 'cmake_prefix_path')
[3.002s] INFO:colcon.colcon_core.shell:Creating environment hook '/home/yunusdanabas/as_robotics/microros_ws/install/micro_ros_setup/share/micro_ros_setup/hook/cmake_prefix_path.ps1'
[3.004s] INFO:colcon.colcon_core.shell:Creating environment descriptor '/home/yunusdanabas/as_robotics/microros_ws/install/micro_ros_setup/share/micro_ros_setup/hook/cmake_prefix_path.dsv'
[3.004s] INFO:colcon.colcon_core.shell:Creating environment hook '/home/yunusdanabas/as_robotics/microros_ws/install/micro_ros_setup/share/micro_ros_setup/hook/cmake_prefix_path.sh'
[3.007s] Level 1:colcon.colcon_core.environment:checking '/home/yunusdanabas/as_robotics/microros_ws/install/micro_ros_setup/lib'
[3.007s] Level 1:colcon.colcon_core.environment:checking '/home/yunusdanabas/as_robotics/microros_ws/install/micro_ros_setup/bin'
[3.008s] Level 1:colcon.colcon_core.environment:checking '/home/yunusdanabas/as_robotics/microros_ws/install/micro_ros_setup/lib/pkgconfig/micro_ros_setup.pc'
[3.008s] Level 1:colcon.colcon_core.environment:checking '/home/yunusdanabas/as_robotics/microros_ws/install/micro_ros_setup/lib/python3.12/site-packages'
[3.009s] Level 1:colcon.colcon_core.environment:checking '/home/yunusdanabas/as_robotics/microros_ws/install/micro_ros_setup/bin'
[3.011s] INFO:colcon.colcon_core.shell:Creating package script '/home/yunusdanabas/as_robotics/microros_ws/install/micro_ros_setup/share/micro_ros_setup/package.ps1'
[3.014s] INFO:colcon.colcon_core.shell:Creating package descriptor '/home/yunusdanabas/as_robotics/microros_ws/install/micro_ros_setup/share/micro_ros_setup/package.dsv'
[3.016s] INFO:colcon.colcon_core.shell:Creating package script '/home/yunusdanabas/as_robotics/microros_ws/install/micro_ros_setup/share/micro_ros_setup/package.sh'
[3.017s] INFO:colcon.colcon_core.shell:Creating package script '/home/yunusdanabas/as_robotics/microros_ws/install/micro_ros_setup/share/micro_ros_setup/package.bash'
[3.018s] INFO:colcon.colcon_core.shell:Creating package script '/home/yunusdanabas/as_robotics/microros_ws/install/micro_ros_setup/share/micro_ros_setup/package.zsh'
[3.020s] Level 1:colcon.colcon_core.environment:create_file_with_runtime_dependencies(/home/yunusdanabas/as_robotics/microros_ws/install/micro_ros_setup/share/colcon-core/packages/micro_ros_setup)
[3.021s] Level 1:colcon.colcon_core.environment:create_environment_scripts_only(micro_ros_setup)
[3.021s] Level 1:colcon.colcon_core.environment:checking '/home/yunusdanabas/as_robotics/microros_ws/install/micro_ros_setup' for CMake module files
[3.022s] Level 1:colcon.colcon_core.environment:checking '/home/yunusdanabas/as_robotics/microros_ws/install/micro_ros_setup' for CMake config files
[3.022s] Level 1:colcon.colcon_core.shell:create_environment_hook('micro_ros_setup', 'cmake_prefix_path')
[3.023s] INFO:colcon.colcon_core.shell:Creating environment hook '/home/yunusdanabas/as_robotics/microros_ws/install/micro_ros_setup/share/micro_ros_setup/hook/cmake_prefix_path.ps1'
[3.023s] INFO:colcon.colcon_core.shell:Creating environment descriptor '/home/yunusdanabas/as_robotics/microros_ws/install/micro_ros_setup/share/micro_ros_setup/hook/cmake_prefix_path.dsv'
[3.025s] INFO:colcon.colcon_core.shell:Creating environment hook '/home/yunusdanabas/as_robotics/microros_ws/install/micro_ros_setup/share/micro_ros_setup/hook/cmake_prefix_path.sh'
[3.027s] Level 1:colcon.colcon_core.environment:checking '/home/yunusdanabas/as_robotics/microros_ws/install/micro_ros_setup/lib'
[3.028s] Level 1:colcon.colcon_core.environment:checking '/home/yunusdanabas/as_robotics/microros_ws/install/micro_ros_setup/bin'
[3.028s] Level 1:colcon.colcon_core.environment:checking '/home/yunusdanabas/as_robotics/microros_ws/install/micro_ros_setup/lib/pkgconfig/micro_ros_setup.pc'
[3.029s] Level 1:colcon.colcon_core.environment:checking '/home/yunusdanabas/as_robotics/microros_ws/install/micro_ros_setup/lib/python3.12/site-packages'
[3.031s] Level 1:colcon.colcon_core.environment:checking '/home/yunusdanabas/as_robotics/microros_ws/install/micro_ros_setup/bin'
[3.032s] INFO:colcon.colcon_core.shell:Creating package script '/home/yunusdanabas/as_robotics/microros_ws/install/micro_ros_setup/share/micro_ros_setup/package.ps1'
[3.033s] INFO:colcon.colcon_core.shell:Creating package descriptor '/home/yunusdanabas/as_robotics/microros_ws/install/micro_ros_setup/share/micro_ros_setup/package.dsv'
[3.035s] INFO:colcon.colcon_core.shell:Creating package script '/home/yunusdanabas/as_robotics/microros_ws/install/micro_ros_setup/share/micro_ros_setup/package.sh'
[3.035s] INFO:colcon.colcon_core.shell:Creating package script '/home/yunusdanabas/as_robotics/microros_ws/install/micro_ros_setup/share/micro_ros_setup/package.bash'
[3.036s] INFO:colcon.colcon_core.shell:Creating package script '/home/yunusdanabas/as_robotics/microros_ws/install/micro_ros_setup/share/micro_ros_setup/package.zsh'
[3.036s] Level 1:colcon.colcon_core.environment:create_file_with_runtime_dependencies(/home/yunusdanabas/as_robotics/microros_ws/install/micro_ros_setup/share/colcon-core/packages/micro_ros_setup)
[3.037s] DEBUG:colcon.colcon_parallel_executor.executor.parallel:closing loop
[3.037s] DEBUG:colcon.colcon_parallel_executor.executor.parallel:loop closed
[3.037s] DEBUG:colcon.colcon_parallel_executor.executor.parallel:run_until_complete finished with '0'
[3.037s] DEBUG:colcon.colcon_core.event_reactor:joining thread
[3.052s] INFO:colcon.colcon_core.plugin_system:Skipping extension 'colcon_notification.desktop_notification.terminal_notifier': Not used on non-Darwin systems
[3.052s] INFO:colcon.colcon_core.plugin_system:Skipping extension 'colcon_notification.desktop_notification.win32': Not used on non-Windows systems
[3.052s] INFO:colcon.colcon_notification.desktop_notification:Sending desktop notification using 'notify2'
[3.082s] DEBUG:colcon.colcon_core.event_reactor:joined thread
[3.082s] INFO:colcon.colcon_core.shell:Creating prefix script '/home/yunusdanabas/as_robotics/microros_ws/install/local_setup.ps1'
[3.084s] INFO:colcon.colcon_core.shell:Creating prefix util module '/home/yunusdanabas/as_robotics/microros_ws/install/_local_setup_util_ps1.py'
[3.086s] INFO:colcon.colcon_core.shell:Creating prefix chain script '/home/yunusdanabas/as_robotics/microros_ws/install/setup.ps1'
[3.090s] INFO:colcon.colcon_core.shell:Creating prefix script '/home/yunusdanabas/as_robotics/microros_ws/install/local_setup.sh'
[3.095s] INFO:colcon.colcon_core.shell:Creating prefix util module '/home/yunusdanabas/as_robotics/microros_ws/install/_local_setup_util_sh.py'
[3.099s] INFO:colcon.colcon_core.shell:Creating prefix chain script '/home/yunusdanabas/as_robotics/microros_ws/install/setup.sh'
[3.102s] INFO:colcon.colcon_core.shell:Creating prefix script '/home/yunusdanabas/as_robotics/microros_ws/install/local_setup.bash'
[3.103s] INFO:colcon.colcon_core.shell:Creating prefix chain script '/home/yunusdanabas/as_robotics/microros_ws/install/setup.bash'
[3.105s] INFO:colcon.colcon_core.shell:Creating prefix script '/home/yunusdanabas/as_robotics/microros_ws/install/local_setup.zsh'
[3.106s] INFO:colcon.colcon_core.shell:Creating prefix chain script '/home/yunusdanabas/as_robotics/microros_ws/install/setup.zsh'
