[0.000000] (-) TimerEvent: {}
[0.000065] (-) JobUnselected: {'identifier': 'drive_base_msgs'}
[0.000111] (-) JobUnselected: {'identifier': 'micro_ros_agent'}
[0.000142] (-) JobUnselected: {'identifier': 'micro_ros_msgs'}
[0.000167] (-) JobUnselected: {'identifier': 'micro_ros_setup'}
[0.000400] (imu_visualization) JobQueued: {'identifier': 'imu_visualization', 'dependencies': OrderedDict()}
[0.000703] (imu_visualization) JobStarted: {'identifier': 'imu_visualization'}
[0.099669] (-) TimerEvent: {}
[0.199918] (-) TimerEvent: {}
[0.300104] (-) TimerEvent: {}
[0.400268] (-) TimerEvent: {}
[0.500444] (-) TimerEvent: {}
[0.600642] (-) TimerEvent: {}
[0.700828] (-) TimerEvent: {}
[0.801164] (-) TimerEvent: {}
[0.901581] (-) TimerEvent: {}
[1.001766] (-) TimerEvent: {}
[1.101928] (-) TimerEvent: {}
[1.202083] (-) TimerEvent: {}
[1.253421] (imu_visualization) Command: {'cmd': ['/home/yunusdanabas/mambaforge/bin/python3', '-W', 'ignore:setup.py install is deprecated', '-W', 'ignore:easy_install command is deprecated', 'setup.py', 'egg_info', '--egg-base', '../../build/imu_visualization', 'build', '--build-base', '/home/yunusdanabas/as_robotics/microros_ws/build/imu_visualization/build', 'install', '--record', '/home/yunusdanabas/as_robotics/microros_ws/build/imu_visualization/install.log', '--single-version-externally-managed', 'install_data'], 'cwd': '/home/yunusdanabas/as_robotics/microros_ws/src/imu_visualization', 'env': {'GJS_DEBUG_TOPICS': 'JS ERROR;JS LOG', 'LESSOPEN': '| /usr/bin/lesspipe %s', 'VSCODE_CWD': '/home/yunusdanabas', 'VSCODE_ESM_ENTRYPOINT': 'vs/workbench/api/node/extensionHostProcess', 'CONDA_PROMPT_MODIFIER': '(base)', 'GZ_SIM_RESOURCE_PATH': '/opt/ros/jazzy/share', 'USER': 'yunusdanabas', 'LC_TIME': 'tr_TR.UTF-8', 'VSCODE_NLS_CONFIG': '{"userLocale":"en-us","osLocale":"en-us","resolvedLanguage":"en","defaultMessagesFile":"/usr/share/cursor/resources/app/out/nls.messages.json","locale":"en-us","availableLanguages":{}}', 'GZ_CONFIG_PATH': '/opt/ros/jazzy/opt/gz_sim_vendor/share/gz:/opt/ros/jazzy/opt/sdformat_vendor/share/gz:/opt/ros/jazzy/opt/gz_gui_vendor/share/gz:/opt/ros/jazzy/opt/gz_transport_vendor/share/gz:/opt/ros/jazzy/opt/gz_rendering_vendor/share/gz:/opt/ros/jazzy/opt/gz_plugin_vendor/share/gz:/opt/ros/jazzy/opt/gz_fuel_tools_vendor/share/gz:/opt/ros/jazzy/opt/gz_msgs_vendor/share/gz:/opt/ros/jazzy/opt/gz_common_vendor/share/gz', 'VSCODE_HANDLES_UNCAUGHT_ERRORS': 'true', 'XDG_SESSION_TYPE': 'wayland', 'CLUTTER_DISABLE_MIPMAPPED_TEXT': '1', 'SHLVL': '1', 'LD_LIBRARY_PATH': '/opt/ros/jazzy/opt/gz_sim_vendor/lib:/opt/ros/jazzy/opt/gz_sensors_vendor/lib:/opt/ros/jazzy/opt/gz_physics_vendor/lib:/opt/ros/jazzy/opt/sdformat_vendor/lib:/opt/ros/jazzy/opt/rviz_ogre_vendor/lib:/opt/ros/jazzy/lib/x86_64-linux-gnu:/opt/ros/jazzy/opt/gz_gui_vendor/lib:/opt/ros/jazzy/opt/gz_transport_vendor/lib:/opt/ros/jazzy/opt/gz_rendering_vendor/lib:/opt/ros/jazzy/opt/gz_plugin_vendor/lib:/opt/ros/jazzy/opt/gz_fuel_tools_vendor/lib:/opt/ros/jazzy/opt/gz_msgs_vendor/lib:/opt/ros/jazzy/opt/gz_common_vendor/lib:/opt/ros/jazzy/opt/gz_math_vendor/lib:/opt/ros/jazzy/opt/gz_utils_vendor/lib:/opt/ros/jazzy/opt/gz_tools_vendor/lib:/opt/ros/jazzy/opt/gz_ogre_next_vendor/lib:/opt/ros/jazzy/opt/gz_dartsim_vendor/lib:/opt/ros/jazzy/opt/gz_cmake_vendor/lib:/opt/ros/jazzy/lib', 'HOME': '/home/yunusdanabas', 'CHROME_DESKTOP': 'cursor.desktop', 'CONDA_SHLVL': '1', 'OLDPWD': '/home/yunusdanabas/as_robotics/microros_ws', 'DESKTOP_SESSION': 'ubuntu', 'NVM_BIN': '/home/yunusdanabas/.nvm/versions/node/v22.17.1/bin', 'NVM_INC': '/home/yunusdanabas/.nvm/versions/node/v22.17.1/include/node', 'VSCODE_IPC_HOOK': '/run/user/1000/vscode-baea8b7b-2.0.-main.sock', 'GIO_LAUNCHED_DESKTOP_FILE': '/usr/share/applications/cursor.desktop', 'APPLICATION_INSIGHTS_NO_DIAGNOSTIC_CHANNEL': '1', 'ROS_PYTHON_VERSION': '3', 'GNOME_SHELL_SESSION_MODE': 'ubuntu', 'GTK_MODULES': 'gail:atk-bridge', 'LC_MONETARY': 'tr_TR.UTF-8', 'MANAGERPID': '2697', 'SYSTEMD_EXEC_PID': '3002', 'IM_CONFIG_CHECK_ENV': '1', 'GSM_SKIP_SSH_AGENT_WORKAROUND': 'true', 'NO_COLOR': '1', 'DBUS_SESSION_BUS_ADDRESS': 'unix:path=/run/user/1000/bus', 'GIO_LAUNCHED_DESKTOP_FILE_PID': '51617', 'NVM_DIR': '/home/yunusdanabas/.nvm', 'VSCODE_CRASH_REPORTER_PROCESS_TYPE': 'extensionHost', 'DEBUGINFOD_URLS': 'https://debuginfod.ubuntu.com', 'IM_CONFIG_PHASE': '1', 'WAYLAND_DISPLAY': 'wayland-0', 'VSCODE_L10N_BUNDLE_LOCATION': '', 'COLCON_PREFIX_PATH': '/home/yunusdanabas/ros_ws/install', 'ROS_DISTRO': 'jazzy', 'LOGNAME': 'yunusdanabas', 'FORCE_COLOR': '0', 'JOURNAL_STREAM': '8:24920', '_': '/home/yunusdanabas/mambaforge/bin/colcon', 'ROS_VERSION': '2', 'MEMORY_PRESSURE_WATCH': '/sys/fs/cgroup/user.slice/user-1000.slice/user@1000.service/session.slice/org.gnome.Shell@wayland.service/memory.pressure', 'XDG_SESSION_CLASS': 'user', 'APPLICATIONINSIGHTS_CONFIGURATION_CONTENT': '{}', 'USERNAME': 'yunusdanabas', 'TERM': 'dumb', 'GNOME_DESKTOP_SESSION_ID': 'this-is-deprecated', 'COMPOSER_NO_INTERACTION': '1', 'PATH': '/home/yunusdanabas/.local/bin:/home/yunusdanabas/.gem/bin:/home/yunusdanabas/mamba/bin:/home/yunusdanabas/.local/bin:/home/yunusdanabas/.nvm/versions/node/v22.17.1/bin:/home/yunusdanabas/.gem/bin:/opt/ros/jazzy/opt/gz_msgs_vendor/bin:/opt/ros/jazzy/opt/gz_tools_vendor/bin:/opt/ros/jazzy/opt/gz_ogre_next_vendor/bin:/opt/ros/jazzy/bin:/home/yunusdanabas/mambaforge/bin:/home/yunusdanabas/mambaforge/condabin:/home/yunusdanabas/mamba/bin:/usr/local/sbin:/usr/local/bin:/usr/sbin:/usr/bin:/sbin:/bin:/usr/games:/usr/local/games:/snap/bin:/snap/bin', 'SESSION_MANAGER': 'local/yunusdanabas:@/tmp/.ICE-unix/2967,unix/yunusdanabas:/tmp/.ICE-unix/2967', 'INVOCATION_ID': '57581e4b92054fe4a9a17148b57720c6', 'XDG_MENU_PREFIX': 'gnome-', 'LC_ADDRESS': 'tr_TR.UTF-8', 'VSCODE_PROCESS_TITLE': 'extension-host  [1-1]', 'GNOME_SETUP_DISPLAY': ':1', 'XDG_RUNTIME_DIR': '/run/user/1000', 'GDK_BACKEND': 'x11', 'MAMBA_ROOT_PREFIX': '/home/yunusdanabas/mambaforge', 'CURSOR_AGENT': '1', 'DISPLAY': ':0', 'LANG': 'en_US.UTF-8', 'XDG_CURRENT_DESKTOP': 'Unity', 'LC_TELEPHONE': 'tr_TR.UTF-8', 'XMODIFIERS': '@im=ibus', 'XDG_SESSION_DESKTOP': 'ubuntu', 'XAUTHORITY': '/run/user/1000/.mutter-Xwaylandauth.8ZYKF3', 'LS_COLORS': '', 'SBX_CHROME_API_RQ': '1', 'CURSOR_TRACE_ID': 'd6e3589b80e34e24af74d6fdb6238dc8', 'SSH_AUTH_SOCK': '/run/user/1000/keyring/ssh', 'XML_CATALOG_FILES': 'file:///home/yunusdanabas/mambaforge/etc/xml/catalog file:///etc/xml/catalog', 'AMENT_PREFIX_PATH': '/opt/ros/jazzy', 'CONDA_PYTHON_EXE': '/home/yunusdanabas/mambaforge/bin/python', 'ORIGINAL_XDG_CURRENT_DESKTOP': 'ubuntu:GNOME', 'SHELL': '/bin/bash', 'LC_NAME': 'tr_TR.UTF-8', 'QT_ACCESSIBILITY': '1', 'GDMSESSION': 'ubuntu', 'GEM_HOME': '/home/yunusdanabas/.gem', 'LESSCLOSE': '/usr/bin/lesspipe %s %s', 'CONDA_DEFAULT_ENV': 'base', 'LC_MEASUREMENT': 'tr_TR.UTF-8', 'GJS_DEBUG_OUTPUT': 'stderr', 'MAMBA_EXE': '/home/yunusdanabas/mambaforge/bin/mamba', 'LC_IDENTIFICATION': 'tr_TR.UTF-8', 'ROS_AUTOMATIC_DISCOVERY_RANGE': 'SUBNET', 'QT_IM_MODULE': 'ibus', 'PWD': '/home/yunusdanabas/as_robotics/microros_ws/build/imu_visualization', 'XDG_CONFIG_DIRS': '/etc/xdg/xdg-ubuntu:/etc/xdg', 'CONDA_EXE': '/home/yunusdanabas/mambaforge/bin/conda', 'VSCODE_CODE_CACHE_PATH': '/home/yunusdanabas/.config/Cursor/CachedData/25412918da7e74b2686b25d62da1f01cfcd27680', 'NVM_CD_FLAGS': '', 'XDG_DATA_DIRS': '/usr/share/ubuntu:/usr/share/gnome:/usr/local/share/:/usr/share/:/var/lib/snapd/desktop', 'PYTHONPATH': '/home/yunusdanabas/as_robotics/microros_ws/build/imu_visualization/prefix_override:/home/yunusdanabas/mambaforge/lib/python3.12/site-packages/colcon_core/task/python/colcon_distutils_commands:/home/yunusdanabas/as_robotics/microros_ws/install/imu_visualization/lib/python3.12/site-packages:/opt/ros/jazzy/lib/python3.12/site-packages', 'LC_NUMERIC': 'tr_TR.UTF-8', 'CONDA_PREFIX': '/home/yunusdanabas/mambaforge', 'LC_PAPER': 'tr_TR.UTF-8', 'COLCON': '1', 'MEMORY_PRESSURE_WRITE': 'c29tZSAyMDAwMDAgMjAwMDAwMAA=', 'CMAKE_PREFIX_PATH': '/opt/ros/jazzy/opt/gz_sim_vendor:/opt/ros/jazzy/opt/gz_sensors_vendor:/opt/ros/jazzy/opt/gz_physics_vendor:/opt/ros/jazzy/opt/sdformat_vendor:/opt/ros/jazzy/opt/gz_gui_vendor:/opt/ros/jazzy/opt/gz_transport_vendor:/opt/ros/jazzy/opt/gz_rendering_vendor:/opt/ros/jazzy/opt/gz_plugin_vendor:/opt/ros/jazzy/opt/gz_fuel_tools_vendor:/opt/ros/jazzy/opt/gz_msgs_vendor:/opt/ros/jazzy/opt/gz_common_vendor:/opt/ros/jazzy/opt/gz_math_vendor:/opt/ros/jazzy/opt/gz_utils_vendor:/opt/ros/jazzy/opt/gz_tools_vendor:/opt/ros/jazzy/opt/gz_ogre_next_vendor:/opt/ros/jazzy/opt/gz_dartsim_vendor:/opt/ros/jazzy/opt/gz_cmake_vendor', 'VSCODE_PID': '51617'}, 'shell': False}
[1.302191] (-) TimerEvent: {}
[1.402360] (-) TimerEvent: {}
[1.502538] (-) TimerEvent: {}
[1.602715] (-) TimerEvent: {}
[1.702909] (-) TimerEvent: {}
[1.726942] (imu_visualization) StdoutLine: {'line': b'running egg_info\n'}
[1.765906] (imu_visualization) StdoutLine: {'line': b'writing ../../build/imu_visualization/imu_visualization.egg-info/PKG-INFO\n'}
[1.766628] (imu_visualization) StdoutLine: {'line': b'writing dependency_links to ../../build/imu_visualization/imu_visualization.egg-info/dependency_links.txt\n'}
[1.766824] (imu_visualization) StdoutLine: {'line': b'writing entry points to ../../build/imu_visualization/imu_visualization.egg-info/entry_points.txt\n'}
[1.767166] (imu_visualization) StdoutLine: {'line': b'writing requirements to ../../build/imu_visualization/imu_visualization.egg-info/requires.txt\n'}
[1.767355] (imu_visualization) StdoutLine: {'line': b'writing top-level names to ../../build/imu_visualization/imu_visualization.egg-info/top_level.txt\n'}
[1.802992] (-) TimerEvent: {}
[1.839434] (imu_visualization) StdoutLine: {'line': b"reading manifest file '../../build/imu_visualization/imu_visualization.egg-info/SOURCES.txt'\n"}
[1.841104] (imu_visualization) StdoutLine: {'line': b"writing manifest file '../../build/imu_visualization/imu_visualization.egg-info/SOURCES.txt'\n"}
[1.841552] (imu_visualization) StdoutLine: {'line': b'running build\n'}
[1.841702] (imu_visualization) StdoutLine: {'line': b'running build_py\n'}
[1.841935] (imu_visualization) StdoutLine: {'line': b'copying imu_visualization/imu_tf_broadcaster.py -> /home/yunusdanabas/as_robotics/microros_ws/build/imu_visualization/build/lib/imu_visualization\n'}
[1.842125] (imu_visualization) StdoutLine: {'line': b'copying imu_visualization/__init__.py -> /home/yunusdanabas/as_robotics/microros_ws/build/imu_visualization/build/lib/imu_visualization\n'}
[1.842311] (imu_visualization) StdoutLine: {'line': b'copying imu_visualization/imu_to_euler.py -> /home/yunusdanabas/as_robotics/microros_ws/build/imu_visualization/build/lib/imu_visualization\n'}
[1.842596] (imu_visualization) StdoutLine: {'line': b'running install\n'}
[1.849733] (imu_visualization) StdoutLine: {'line': b'running install_lib\n'}
[1.887147] (imu_visualization) StdoutLine: {'line': b'copying /home/yunusdanabas/as_robotics/microros_ws/build/imu_visualization/build/lib/imu_visualization/imu_tf_broadcaster.py -> /home/yunusdanabas/as_robotics/microros_ws/install/imu_visualization/lib/python3.12/site-packages/imu_visualization\n'}
[1.887763] (imu_visualization) StdoutLine: {'line': b'byte-compiling /home/yunusdanabas/as_robotics/microros_ws/install/imu_visualization/lib/python3.12/site-packages/imu_visualization/imu_tf_broadcaster.py to imu_tf_broadcaster.cpython-312.pyc\n'}
[1.889504] (imu_visualization) StdoutLine: {'line': b'running install_data\n'}
[1.889820] (imu_visualization) StdoutLine: {'line': b'copying resource/imu_visualization -> /home/yunusdanabas/as_robotics/microros_ws/install/imu_visualization/share/ament_index/resource_index/packages\n'}
[1.890086] (imu_visualization) StdoutLine: {'line': b'copying package.xml -> /home/yunusdanabas/as_robotics/microros_ws/install/imu_visualization/share/imu_visualization\n'}
[1.890347] (imu_visualization) StdoutLine: {'line': b'copying launch/imu_visualization.launch.py -> /home/yunusdanabas/as_robotics/microros_ws/install/imu_visualization/share/imu_visualization/launch\n'}
[1.890554] (imu_visualization) StdoutLine: {'line': b'copying rviz/imu_view.rviz -> /home/yunusdanabas/as_robotics/microros_ws/install/imu_visualization/share/imu_visualization/rviz\n'}
[1.890738] (imu_visualization) StdoutLine: {'line': b'running install_egg_info\n'}
[1.903076] (-) TimerEvent: {}
[1.931217] (imu_visualization) StdoutLine: {'line': b"removing '/home/yunusdanabas/as_robotics/microros_ws/install/imu_visualization/lib/python3.12/site-packages/imu_visualization-0.0.0-py3.12.egg-info' (and everything under it)\n"}
[1.931454] (imu_visualization) StdoutLine: {'line': b'Copying ../../build/imu_visualization/imu_visualization.egg-info to /home/yunusdanabas/as_robotics/microros_ws/install/imu_visualization/lib/python3.12/site-packages/imu_visualization-0.0.0-py3.12.egg-info\n'}
[1.932332] (imu_visualization) StdoutLine: {'line': b'running install_scripts\n'}
[2.003158] (-) TimerEvent: {}
[2.103390] (-) TimerEvent: {}
[2.119416] (imu_visualization) StdoutLine: {'line': b'Installing imu_tf_broadcaster script to /home/yunusdanabas/as_robotics/microros_ws/install/imu_visualization/lib/imu_visualization\n'}
[2.119707] (imu_visualization) StdoutLine: {'line': b'Installing imu_to_euler script to /home/yunusdanabas/as_robotics/microros_ws/install/imu_visualization/lib/imu_visualization\n'}
[2.119912] (imu_visualization) StdoutLine: {'line': b"writing list of installed files to '/home/yunusdanabas/as_robotics/microros_ws/build/imu_visualization/install.log'\n"}
[2.172742] (imu_visualization) CommandEnded: {'returncode': 0}
[2.186407] (imu_visualization) JobEnded: {'identifier': 'imu_visualization', 'rc': 0}
[2.187060] (-) EventReactorShutdown: {}
