[1.246s] Invoking command in '/home/yunusdanabas/as_robotics/microros_ws/src/imu_visualization': DEBUGINFOD_URLS=https://debuginfod.ubuntu.com PYTHONPATH=/home/yunusdanabas/as_robotics/microros_ws/build/imu_visualization/prefix_override:/usr/lib/python3/dist-packages/colcon_core/task/python/colcon_distutils_commands:/home/yunusdanabas/as_robotics/microros_ws/install/imu_visualization/lib/python3.12/site-packages:${PYTHONPATH} /usr/bin/python3 -W ignore:setup.py install is deprecated -W ignore:easy_install command is deprecated setup.py egg_info --egg-base ../../build/imu_visualization build --build-base /home/yunusdanabas/as_robotics/microros_ws/build/imu_visualization/build install --record /home/yunusdanabas/as_robotics/microros_ws/build/imu_visualization/install.log --single-version-externally-managed install_data
[1.692s] running egg_info
[1.725s] writing ../../build/imu_visualization/imu_visualization.egg-info/PKG-INFO
[1.725s] writing dependency_links to ../../build/imu_visualization/imu_visualization.egg-info/dependency_links.txt
[1.725s] writing entry points to ../../build/imu_visualization/imu_visualization.egg-info/entry_points.txt
[1.726s] writing requirements to ../../build/imu_visualization/imu_visualization.egg-info/requires.txt
[1.726s] writing top-level names to ../../build/imu_visualization/imu_visualization.egg-info/top_level.txt
[1.807s] reading manifest file '../../build/imu_visualization/imu_visualization.egg-info/SOURCES.txt'
[1.808s] writing manifest file '../../build/imu_visualization/imu_visualization.egg-info/SOURCES.txt'
[1.808s] running build
[1.808s] running build_py
[1.808s] running install
[1.817s] running install_lib
[1.854s] running install_data
[1.855s] running install_egg_info
[1.892s] removing '/home/yunusdanabas/as_robotics/microros_ws/install/imu_visualization/lib/python3.12/site-packages/imu_visualization-0.0.0-py3.12.egg-info' (and everything under it)
[1.892s] Copying ../../build/imu_visualization/imu_visualization.egg-info to /home/yunusdanabas/as_robotics/microros_ws/install/imu_visualization/lib/python3.12/site-packages/imu_visualization-0.0.0-py3.12.egg-info
[1.893s] running install_scripts
[2.115s] Installing imu_tf_broadcaster script to /home/yunusdanabas/as_robotics/microros_ws/install/imu_visualization/lib/imu_visualization
[2.115s] Installing imu_to_euler script to /home/yunusdanabas/as_robotics/microros_ws/install/imu_visualization/lib/imu_visualization
[2.115s] writing list of installed files to '/home/yunusdanabas/as_robotics/microros_ws/build/imu_visualization/install.log'
[2.192s] Invoked command in '/home/yunusdanabas/as_robotics/microros_ws/src/imu_visualization' returned '0': DEBUGINFOD_URLS=https://debuginfod.ubuntu.com PYTHONPATH=/home/yunusdanabas/as_robotics/microros_ws/build/imu_visualization/prefix_override:/usr/lib/python3/dist-packages/colcon_core/task/python/colcon_distutils_commands:/home/yunusdanabas/as_robotics/microros_ws/install/imu_visualization/lib/python3.12/site-packages:${PYTHONPATH} /usr/bin/python3 -W ignore:setup.py install is deprecated -W ignore:easy_install command is deprecated setup.py egg_info --egg-base ../../build/imu_visualization build --build-base /home/yunusdanabas/as_robotics/microros_ws/build/imu_visualization/build install --record /home/yunusdanabas/as_robotics/microros_ws/build/imu_visualization/install.log --single-version-externally-managed install_data
