[2.028s] Invoking command in '/home/yunusdanabas/as_robotics/microros_ws/src/imu_visualization': DEBUGINFOD_URLS=https://debuginfod.ubuntu.com PYTHONPATH=/home/yunusdanabas/as_robotics/microros_ws/build/imu_visualization/prefix_override:/usr/lib/python3/dist-packages/colcon_core/task/python/colcon_distutils_commands:/home/yunusdanabas/as_robotics/microros_ws/install/imu_visualization/lib/python3.12/site-packages:${PYTHONPATH} /usr/bin/python3 -W ignore:setup.py install is deprecated -W ignore:easy_install command is deprecated setup.py egg_info --egg-base ../../build/imu_visualization build --build-base /home/yunusdanabas/as_robotics/microros_ws/build/imu_visualization/build install --record /home/yunusdanabas/as_robotics/microros_ws/build/imu_visualization/install.log --single-version-externally-managed install_data
[2.642s] running egg_info
[2.686s] writing ../../build/imu_visualization/imu_visualization.egg-info/PKG-INFO
[2.687s] writing dependency_links to ../../build/imu_visualization/imu_visualization.egg-info/dependency_links.txt
[2.687s] writing entry points to ../../build/imu_visualization/imu_visualization.egg-info/entry_points.txt
[2.687s] writing requirements to ../../build/imu_visualization/imu_visualization.egg-info/requires.txt
[2.688s] writing top-level names to ../../build/imu_visualization/imu_visualization.egg-info/top_level.txt
[2.782s] reading manifest file '../../build/imu_visualization/imu_visualization.egg-info/SOURCES.txt'
[2.783s] writing manifest file '../../build/imu_visualization/imu_visualization.egg-info/SOURCES.txt'
[2.783s] running build
[2.783s] running build_py
[2.784s] running install
[2.794s] running install_lib
[2.847s] copying /home/yunusdanabas/as_robotics/microros_ws/build/imu_visualization/build/lib/imu_visualization/odometry_telemetry.py -> /home/yunusdanabas/as_robotics/microros_ws/install/imu_visualization/lib/python3.12/site-packages/imu_visualization
[2.847s] copying /home/yunusdanabas/as_robotics/microros_ws/build/imu_visualization/build/lib/imu_visualization/imu_fusion_node.py -> /home/yunusdanabas/as_robotics/microros_ws/install/imu_visualization/lib/python3.12/site-packages/imu_visualization
[2.848s] copying /home/yunusdanabas/as_robotics/microros_ws/build/imu_visualization/build/lib/imu_visualization/imu_tf_broadcaster.py -> /home/yunusdanabas/as_robotics/microros_ws/install/imu_visualization/lib/python3.12/site-packages/imu_visualization
[2.848s] copying /home/yunusdanabas/as_robotics/microros_ws/build/imu_visualization/build/lib/imu_visualization/imu_to_euler.py -> /home/yunusdanabas/as_robotics/microros_ws/install/imu_visualization/lib/python3.12/site-packages/imu_visualization
[2.848s] copying /home/yunusdanabas/as_robotics/microros_ws/build/imu_visualization/build/lib/imu_visualization/dual_imu_tf_broadcaster.py -> /home/yunusdanabas/as_robotics/microros_ws/install/imu_visualization/lib/python3.12/site-packages/imu_visualization
[2.848s] copying /home/yunusdanabas/as_robotics/microros_ws/build/imu_visualization/build/lib/imu_visualization/odometry_tf_broadcaster.py -> /home/yunusdanabas/as_robotics/microros_ws/install/imu_visualization/lib/python3.12/site-packages/imu_visualization
[2.849s] byte-compiling /home/yunusdanabas/as_robotics/microros_ws/install/imu_visualization/lib/python3.12/site-packages/imu_visualization/odometry_telemetry.py to odometry_telemetry.cpython-312.pyc
[2.853s] byte-compiling /home/yunusdanabas/as_robotics/microros_ws/install/imu_visualization/lib/python3.12/site-packages/imu_visualization/imu_fusion_node.py to imu_fusion_node.cpython-312.pyc
[2.859s] byte-compiling /home/yunusdanabas/as_robotics/microros_ws/install/imu_visualization/lib/python3.12/site-packages/imu_visualization/imu_tf_broadcaster.py to imu_tf_broadcaster.cpython-312.pyc
[2.860s] byte-compiling /home/yunusdanabas/as_robotics/microros_ws/install/imu_visualization/lib/python3.12/site-packages/imu_visualization/imu_to_euler.py to imu_to_euler.cpython-312.pyc
[2.862s] byte-compiling /home/yunusdanabas/as_robotics/microros_ws/install/imu_visualization/lib/python3.12/site-packages/imu_visualization/dual_imu_tf_broadcaster.py to dual_imu_tf_broadcaster.cpython-312.pyc
[2.864s] byte-compiling /home/yunusdanabas/as_robotics/microros_ws/install/imu_visualization/lib/python3.12/site-packages/imu_visualization/odometry_tf_broadcaster.py to odometry_tf_broadcaster.cpython-312.pyc
[2.866s] running install_data
[2.866s] running install_egg_info
[2.925s] removing '/home/yunusdanabas/as_robotics/microros_ws/install/imu_visualization/lib/python3.12/site-packages/imu_visualization-0.0.0-py3.12.egg-info' (and everything under it)
[2.925s] Copying ../../build/imu_visualization/imu_visualization.egg-info to /home/yunusdanabas/as_robotics/microros_ws/install/imu_visualization/lib/python3.12/site-packages/imu_visualization-0.0.0-py3.12.egg-info
[2.927s] running install_scripts
[3.298s] Installing dual_imu_tf_broadcaster script to /home/yunusdanabas/as_robotics/microros_ws/install/imu_visualization/lib/imu_visualization
[3.298s] Installing imu_fusion_node script to /home/yunusdanabas/as_robotics/microros_ws/install/imu_visualization/lib/imu_visualization
[3.298s] Installing imu_tf_broadcaster script to /home/yunusdanabas/as_robotics/microros_ws/install/imu_visualization/lib/imu_visualization
[3.298s] Installing imu_to_euler script to /home/yunusdanabas/as_robotics/microros_ws/install/imu_visualization/lib/imu_visualization
[3.299s] Installing odometry_telemetry script to /home/yunusdanabas/as_robotics/microros_ws/install/imu_visualization/lib/imu_visualization
[3.299s] Installing odometry_tf_broadcaster script to /home/yunusdanabas/as_robotics/microros_ws/install/imu_visualization/lib/imu_visualization
[3.299s] writing list of installed files to '/home/yunusdanabas/as_robotics/microros_ws/build/imu_visualization/install.log'
[3.368s] Invoked command in '/home/yunusdanabas/as_robotics/microros_ws/src/imu_visualization' returned '0': DEBUGINFOD_URLS=https://debuginfod.ubuntu.com PYTHONPATH=/home/yunusdanabas/as_robotics/microros_ws/build/imu_visualization/prefix_override:/usr/lib/python3/dist-packages/colcon_core/task/python/colcon_distutils_commands:/home/yunusdanabas/as_robotics/microros_ws/install/imu_visualization/lib/python3.12/site-packages:${PYTHONPATH} /usr/bin/python3 -W ignore:setup.py install is deprecated -W ignore:easy_install command is deprecated setup.py egg_info --egg-base ../../build/imu_visualization build --build-base /home/yunusdanabas/as_robotics/microros_ws/build/imu_visualization/build install --record /home/yunusdanabas/as_robotics/microros_ws/build/imu_visualization/install.log --single-version-externally-managed install_data
